[autodl] run_id=20260919-002740-h11b-full-seeds12
[autodl] started_at=2026-09-19T00:27:46+08:00
test_nested_prefixes (test_anchor_count.AnchorCountTest.test_nested_prefixes) ... ok
test_rank_diagnostics_preserve_full_anchor_result (test_anchor_count.AnchorCountTest.test_rank_diagnostics_preserve_full_anchor_result) ... /home/wenchang/anaconda3/envs/python3.12-tk2-2.3/lib/python3.12/site-packages/torch/cuda/__init__.py:654: UserWarning: Can't initialize NVML
  warnings.warn("Can't initialize NVML")
ok
test_unmodified_upstream_two_rounds (test_baseline.BaselineTest.test_unmodified_upstream_two_rounds) ... ok
test_invariance_and_exact_assembly (test_centered.CenteredTest.test_invariance_and_exact_assembly) ... ok
test_affine_mean_weighting_and_class_isolation (test_class_prototypes.ClassPrototypeTest.test_affine_mean_weighting_and_class_isolation) ... ok
test_client_isolation_and_diagnostic_rng (test_class_prototypes.ClassPrototypeTest.test_client_isolation_and_diagnostic_rng) ... ok
test_nullspace_freedom_and_local_rng (test_completion.CompletionTest.test_nullspace_freedom_and_local_rng) ... ok
test_affine_logits_equivalence (test_conditioning.ConditioningTest.test_affine_logits_equivalence) ... ok
test_seed0_historical_regeneration (test_cross_seed.CrossSeedTest.test_seed0_historical_regeneration) ... ok
test_seed12_exact_committed_provenance (test_cross_seed.CrossSeedTest.test_seed12_exact_committed_provenance) ... ok
test_seed_specific_disjoint_construction (test_cross_seed.CrossSeedTest.test_seed_specific_disjoint_construction) ... ok
test_known_metrics (test_data_metrics.DataMetricTests.test_known_metrics) ... ok
test_partition_disjoint_complete_and_reproducible (test_data_metrics.DataMetricTests.test_partition_disjoint_complete_and_reproducible) ... ok
test_direct_path_state_and_rng (test_direct_prototypes.DirectPrototypeTest.test_direct_path_state_and_rng) ... ok
test_hierarchical_weighting_sparse_classes_and_scale (test_direct_prototypes.DirectPrototypeTest.test_hierarchical_weighting_sparse_classes_and_scale) ... ok
test_capture_reference_isolation_and_label_independence (test_dual_space.DualSpaceTest.test_capture_reference_isolation_and_label_independence) ... ok
test_exact_score_columns (test_dual_space.DualSpaceTest.test_exact_score_columns) ... ok
test_probe_separable_and_side_effect_free (test_fedgh.FedGHTest.test_probe_separable_and_side_effect_free) ... ok
test_server_update_detach_broadcast_and_all_classes (test_fedgh.FedGHTest.test_server_update_detach_broadcast_and_all_classes) ... ok
test_partition_full_coverage_and_frozen_ownership (test_full_data.FullDataTest.test_partition_full_coverage_and_frozen_ownership) ... ok
test_readout_isolation_counts_and_anchor_label_blindness (test_full_data.FullDataTest.test_readout_isolation_counts_and_anchor_label_blindness) ... ok
test_seed_generalization_and_exact_h11a_split (test_full_data.FullDataTest.test_seed_generalization_and_exact_h11a_split) ... ok
test_step_receipt_and_optional_histograms_do_not_change_metrics (test_full_data.FullDataTest.test_step_receipt_and_optional_histograms_do_not_change_metrics) ... ok
test_three_arm_entrypoint_and_final_readouts (test_full_data.FullDataTest.test_three_arm_entrypoint_and_final_readouts) ... ok
test_isolation_label_perturbation_and_reference (test_group_refine.GroupRefineTest.test_isolation_label_perturbation_and_reference) ... ok
test_routing_and_arbitrary_missing_correctness (test_group_refine.GroupRefineTest.test_routing_and_arbitrary_missing_correctness) ... ok
test_denominator_and_detachment (test_h01c.H01CTests.test_denominator_and_detachment) ... ok
test_owner_cosine (test_h01c.H01CTests.test_owner_cosine) ... ok
test_same_tensor_direction_matches_direct_autograd (test_h01c.H01CTests.test_same_tensor_direction_matches_direct_autograd) ... ok
test_assignment_counts_support_disjoint_and_deterministic (test_heldout.HeldoutTest.test_assignment_counts_support_disjoint_and_deterministic) ... ok
test_basis_reconstruction_and_head_equivalence (test_helmert.HelmertTest.test_basis_reconstruction_and_head_equivalence) ... ok
test_known_null_energy (test_helmert.HelmertTest.test_known_null_energy) ... ok
test_exact_local_inputs_hierarchy_and_isolation (test_local_source.LocalSourceTest.test_exact_local_inputs_hierarchy_and_isolation) ... ok
test_missing_class_changes_gpc_loss_and_gradient_only (test_mechanism.MechanismTests.test_missing_class_changes_gpc_loss_and_gradient_only) ... ok
test_round_one_pairing_all_modes_and_grad_ratio (test_mechanism.MechanismTests.test_round_one_pairing_all_modes_and_grad_ratio) ... ok
test_sample_weighted_aggregation (test_mechanism.MechanismTests.test_sample_weighted_aggregation) ... ok
test_training_parity_with_unmodified_upstream (test_mechanism.MechanismTests.test_training_parity_with_unmodified_upstream) ... ok
test_validity_and_noncontiguous_labels (test_mechanism.MechanismTests.test_validity_and_noncontiguous_labels) ... ok
test_mask_and_frozen_backprop (test_online.OnlineTest.test_mask_and_frozen_backprop) ... ok
test_pure_bank_and_isolation (test_online.OnlineTest.test_pure_bank_and_isolation) ... ok
test_round_one_pairing_and_batches (test_online.OnlineTest.test_round_one_pairing_and_batches) ... ok
test_balanced_deterministic_disjoint (test_oracle.OracleTest.test_balanced_deterministic_disjoint) ... ok
test_oracle_state_rng_buffers_and_test_label_isolation (test_oracle.OracleTest.test_oracle_state_rng_buffers_and_test_label_isolation) ... ok
test_original_indices_counts_and_exclusion (test_owner_probe.OwnerProbeTest.test_original_indices_counts_and_exclusion) ... ok
test_owner_fit_state_and_test_label_isolation (test_owner_probe.OwnerProbeTest.test_owner_fit_state_and_test_label_isolation) ... ok
test_final_gradient_is_finite_and_side_effect_free (test_paired.PairedTest.test_final_gradient_is_finite_and_side_effect_free) ... ok
test_known_rotation_translation (test_paired.PairedTest.test_known_rotation_translation) ... ok
test_label_blind_selection_and_fit (test_paired.PairedTest.test_label_blind_selection_and_fit) ... ok
test_matched_500_fits_preserve_same_state (test_paired.PairedTest.test_matched_500_fits_preserve_same_state) ... ok
test_pair_breaking_preserves_multiset (test_paired.PairedTest.test_pair_breaking_preserves_multiset) ... ok
test_fixed_cast_and_probe_identity (test_precision.PrecisionTest.test_fixed_cast_and_probe_identity) ... ok
test_invertibility_reconstruction_logits_and_label_isolation (test_precondition.PreconditionTest.test_invertibility_reconstruction_logits_and_label_isolation) ... ok
test_column_permutation_preserves_each_sample (test_relation.RelationTest.test_column_permutation_preserves_each_sample) ... ok
test_orthogonal_translation_invariance (test_relation.RelationTest.test_orthogonal_translation_invariance) ... ok
test_eligible_prediction_and_rejection (test_router.RouterTest.test_eligible_prediction_and_rejection) ... ok
test_loo_and_order_statistic (test_router.RouterTest.test_loo_and_order_statistic) ... ok
test_train_only_isolation_and_label_perturbation (test_router.RouterTest.test_train_only_isolation_and_label_perturbation) ... ok

----------------------------------------------------------------------
Ran 57 tests in 8.577s

OK
/home/wenchang/anaconda3/envs/python3.12-tk2-2.3/lib/python3.12/site-packages/torch/cuda/__init__.py:654: UserWarning: Can't initialize NVML
  warnings.warn("Can't initialize NVML")
Files already downloaded and verified
Files already downloaded and verified
{"mode": "local", "seed": 1, "round": 1, "metrics": {"head": {"seen": 0.6869499981403351, "missing": 0.0, "all": 0.13739000111818314, "macro": 0.13739000260829926}, "cosine": {"seen": 0.7275500059127807, "missing": 0.0, "all": 0.14550999850034713, "macro": 0.14550999850034713}, "l2": {"seen": 0.7344000041484833, "missing": 0.0, "all": 0.14688000008463858, "macro": 0.14688000530004502}}, "elapsed": 12.479676008224487}
{"mode": "local", "seed": 1, "round": 2, "metrics": {"head": {"seen": 0.7444999933242797, "missing": 0.0, "all": 0.14890000075101853, "macro": 0.14889999777078627}, "cosine": {"seen": 0.7724500000476837, "missing": 0.0, "all": 0.15448999926447868, "macro": 0.15449000224471093}, "l2": {"seen": 0.7881999969482422, "missing": 0.0, "all": 0.15763999968767167, "macro": 0.1576400011777878}}, "elapsed": 23.97659420967102}
{"mode": "local", "seed": 1, "round": 3, "metrics": {"head": {"seen": 0.7923000037670136, "missing": 0.0, "all": 0.1584600031375885, "macro": 0.15846000164747237}, "cosine": {"seen": 0.8031500041484833, "missing": 0.0, "all": 0.16062999814748763, "macro": 0.16062999665737152}, "l2": {"seen": 0.8144500017166137, "missing": 0.0, "all": 0.16289000064134598, "macro": 0.16288999915122987}}, "elapsed": 35.966012716293335}
{"mode": "local", "seed": 1, "round": 4, "metrics": {"head": {"seen": 0.8401999950408936, "missing": 0.0, "all": 0.1680400013923645, "macro": 0.16803999990224838}, "cosine": {"seen": 0.8355500102043152, "missing": 0.0, "all": 0.16711000204086304, "macro": 0.1671099990606308}, "l2": {"seen": 0.8373500108718872, "missing": 0.0, "all": 0.1674699991941452, "macro": 0.16747000217437744}}, "elapsed": 47.99556517601013}
{"mode": "local", "seed": 1, "round": 5, "metrics": {"head": {"seen": 0.8510000050067902, "missing": 0.0, "all": 0.1702000007033348, "macro": 0.17019999772310257}, "cosine": {"seen": 0.8430999994277955, "missing": 0.0, "all": 0.16862000077962874, "macro": 0.16861999928951263}, "l2": {"seen": 0.847649997472763, "missing": 0.0, "all": 0.16952999979257583, "macro": 0.1695300042629242}}, "elapsed": 59.87375092506409}
{"mode": "local", "seed": 1, "round": 6, "metrics": {"head": {"seen": 0.8456000030040741, "missing": 0.0, "all": 0.16911999881267548, "macro": 0.1691200003027916}, "cosine": {"seen": 0.8475000083446502, "missing": 0.0, "all": 0.16950000077486038, "macro": 0.16949999928474427}, "l2": {"seen": 0.8466000020503998, "missing": 0.0, "all": 0.16931999921798707, "macro": 0.16932000070810319}}, "elapsed": 71.7662901878357}
{"mode": "local", "seed": 1, "round": 7, "metrics": {"head": {"seen": 0.8634499967098236, "missing": 0.0, "all": 0.17268999814987182, "macro": 0.17268999963998793}, "cosine": {"seen": 0.8704500079154969, "missing": 0.0, "all": 0.1740899994969368, "macro": 0.1740900009870529}, "l2": {"seen": 0.8666499972343444, "missing": 0.0, "all": 0.17333000004291535, "macro": 0.1733299970626831}}, "elapsed": 83.54859852790833}
{"mode": "local", "seed": 1, "round": 8, "metrics": {"head": {"seen": 0.8758999943733216, "missing": 0.0, "all": 0.17517999857664107, "macro": 0.17517999708652496}, "cosine": {"seen": 0.8720499992370605, "missing": 0.0, "all": 0.17440999895334244, "macro": 0.17441000044345856}, "l2": {"seen": 0.8728999972343445, "missing": 0.0, "all": 0.17458000034093857, "macro": 0.17457999736070634}}, "elapsed": 95.6066951751709}
{"mode": "local", "seed": 1, "round": 9, "metrics": {"head": {"seen": 0.8730999946594238, "missing": 0.0, "all": 0.17461999803781508, "macro": 0.17461999803781508}, "cosine": {"seen": 0.8714000046253204, "missing": 0.0, "all": 0.1742799997329712, "macro": 0.17428000122308732}, "l2": {"seen": 0.8645999908447266, "missing": 0.0, "all": 0.17292000055313111, "macro": 0.17292000502347946}}, "elapsed": 107.34480595588684}
{"mode": "local", "seed": 1, "round": 10, "metrics": {"head": {"seen": 0.8760499954223633, "missing": 0.0, "all": 0.17520999908447266, "macro": 0.17520999908447266}, "cosine": {"seen": 0.8749999940395355, "missing": 0.0, "all": 0.17500000149011613, "macro": 0.17500000149011613}, "l2": {"seen": 0.8710500001907349, "missing": 0.0, "all": 0.1742100015282631, "macro": 0.17421000003814696}}, "elapsed": 118.99645495414734}
Files already downloaded and verified
Files already downloaded and verified
{"mode": "fedproto", "seed": 1, "round": 1, "metrics": {"head": {"seen": 0.6869499981403351, "missing": 0.0, "all": 0.13739000111818314, "macro": 0.13739000260829926}, "cosine": {"seen": 0.7275500059127807, "missing": 0.0, "all": 0.14550999850034713, "macro": 0.14550999850034713}, "l2": {"seen": 0.7344000041484833, "missing": 0.0, "all": 0.14688000008463858, "macro": 0.14688000530004502}}, "elapsed": 11.802900075912476}
{"mode": "fedproto", "seed": 1, "round": 2, "metrics": {"head": {"seen": 0.7599999964237213, "missing": 0.0, "all": 0.15200000032782554, "macro": 0.15200000405311584}, "cosine": {"seen": 0.776800000667572, "missing": 0.0, "all": 0.15535999983549117, "macro": 0.15535999983549117}, "l2": {"seen": 0.796450001001358, "missing": 0.0, "all": 0.15929000079631805, "macro": 0.15929000228643417}}, "elapsed": 25.61267375946045}
{"mode": "fedproto", "seed": 1, "round": 3, "metrics": {"head": {"seen": 0.8041999936103821, "missing": 0.0, "all": 0.16084000170230867, "macro": 0.1608399972319603}, "cosine": {"seen": 0.8093999981880188, "missing": 0.0, "all": 0.161879999935627, "macro": 0.161879999935627}, "l2": {"seen": 0.8183499991893768, "missing": 0.0, "all": 0.16367000043392183, "macro": 0.16366999745368957}}, "elapsed": 39.19584131240845}
{"mode": "fedproto", "seed": 1, "round": 4, "metrics": {"head": {"seen": 0.8463999986648559, "missing": 0.0, "all": 0.1692799985408783, "macro": 0.16928000003099442}, "cosine": {"seen": 0.848499995470047, "missing": 0.0, "all": 0.16969999969005584, "macro": 0.16970000118017198}, "l2": {"seen": 0.848449993133545, "missing": 0.0, "all": 0.16969000101089476, "macro": 0.16968999952077865}}, "elapsed": 52.83531188964844}
{"mode": "fedproto", "seed": 1, "round": 5, "metrics": {"head": {"seen": 0.8557999908924103, "missing": 0.0, "all": 0.17116000056266784, "macro": 0.1711599975824356}, "cosine": {"seen": 0.8498000025749206, "missing": 0.0, "all": 0.16995999962091446, "macro": 0.16995999962091446}, "l2": {"seen": 0.8523499965667725, "missing": 0.0, "all": 0.17047000229358672, "macro": 0.17046999633312226}}, "elapsed": 66.35679292678833}
{"mode": "fedproto", "seed": 1, "round": 6, "metrics": {"head": {"seen": 0.8487000048160553, "missing": 0.0, "all": 0.1697399988770485, "macro": 0.1697400026023388}, "cosine": {"seen": 0.8549000084400177, "missing": 0.0, "all": 0.17098000198602675, "macro": 0.1709800034761429}, "l2": {"seen": 0.8535499989986419, "missing": 0.0, "all": 0.17070999890565872, "macro": 0.17071000039577483}}, "elapsed": 79.7063660621643}
{"mode": "fedproto", "seed": 1, "round": 7, "metrics": {"head": {"seen": 0.8657000005245209, "missing": 0.0, "all": 0.17313999980688094, "macro": 0.17313999980688094}, "cosine": {"seen": 0.8713000059127808, "missing": 0.0, "all": 0.1742599993944168, "macro": 0.17426000088453292}, "l2": {"seen": 0.8705499947071076, "missing": 0.0, "all": 0.1741099998354912, "macro": 0.17410999834537505}}, "elapsed": 93.289395570755}
{"mode": "fedproto", "seed": 1, "round": 8, "metrics": {"head": {"seen": 0.8785000026226044, "missing": 0.0, "all": 0.17569999992847443, "macro": 0.17569999843835832}, "cosine": {"seen": 0.8786500036716461, "missing": 0.0, "all": 0.17572999894618987, "macro": 0.175730000436306}, "l2": {"seen": 0.8783999979496002, "missing": 0.0, "all": 0.17567999809980392, "macro": 0.17568000108003617}}, "elapsed": 106.60700583457947}
{"mode": "fedproto", "seed": 1, "round": 9, "metrics": {"head": {"seen": 0.8762999951839447, "missing": 0.0, "all": 0.1752599999308586, "macro": 0.17525999695062638}, "cosine": {"seen": 0.8790499985218048, "missing": 0.0, "all": 0.1758099988102913, "macro": 0.17581000030040742}, "l2": {"seen": 0.8748000085353851, "missing": 0.0, "all": 0.17495999932289125, "macro": 0.17496000081300736}}, "elapsed": 120.04254341125488}
{"mode": "fedproto", "seed": 1, "round": 10, "metrics": {"head": {"seen": 0.8793500006198883, "missing": 0.0, "all": 0.17587000131607056, "macro": 0.17586999833583833}, "cosine": {"seen": 0.8792999982833862, "missing": 0.0, "all": 0.17585999965667726, "macro": 0.17586000114679337}, "l2": {"seen": 0.878249990940094, "missing": 0.0, "all": 0.1756500020623207, "macro": 0.17564999908208848}}, "elapsed": 133.48668718338013}
Files already downloaded and verified
Files already downloaded and verified
{"mode": "fedgh", "seed": 1, "round": 1, "metrics": {"cosine": {"seen": 0.7275500059127807, "missing": 0.0, "all": 0.14550999850034713, "macro": 0.14550999850034713}, "l2": {"seen": 0.7344000041484833, "missing": 0.0, "all": 0.14688000008463858, "macro": 0.14688000530004502}, "local_head_pre_server": {"seen": 0.6869499981403351, "missing": 0.0, "all": 0.13739000111818314, "macro": 0.13739000260829926}, "global_head_post_server": {"seen": 0.7172999978065491, "missing": 0.0, "all": 0.14346000030636788, "macro": 0.14345999881625177}}, "elapsed": 15.72494649887085}
{"mode": "fedgh", "seed": 1, "round": 2, "metrics": {"cosine": {"seen": 0.7756500005722046, "missing": 0.0, "all": 0.1551299996674061, "macro": 0.1551299959421158}, "l2": {"seen": 0.7869999945163727, "missing": 0.0, "all": 0.15740000158548356, "macro": 0.15740000009536742}, "local_head_pre_server": {"seen": 0.7314000010490418, "missing": 0.0, "all": 0.1462799996137619, "macro": 0.1462800033390522}, "global_head_post_server": {"seen": 0.6924000024795532, "missing": 0.0, "all": 0.1384800009429455, "macro": 0.1384800009429455}}, "elapsed": 31.278520822525024}
{"mode": "fedgh", "seed": 1, "round": 3, "metrics": {"cosine": {"seen": 0.8013499915599823, "missing": 0.0, "all": 0.16026999950408935, "macro": 0.16027000099420546}, "l2": {"seen": 0.808899998664856, "missing": 0.0, "all": 0.1617799997329712, "macro": 0.16178000271320342}, "local_head_pre_server": {"seen": 0.7697499990463257, "missing": 0.0, "all": 0.1539500005543232, "macro": 0.1539500005543232}, "global_head_post_server": {"seen": 0.7183000028133393, "missing": 0.0, "all": 0.1436599999666214, "macro": 0.1436599984765053}}, "elapsed": 47.160998821258545}
{"mode": "fedgh", "seed": 1, "round": 4, "metrics": {"cosine": {"seen": 0.8292499959468842, "missing": 0.0, "all": 0.1658500015735626, "macro": 0.1658500000834465}, "l2": {"seen": 0.8233500003814698, "missing": 0.0, "all": 0.1646700009703636, "macro": 0.16466999650001526}, "local_head_pre_server": {"seen": 0.8227999985218049, "missing": 0.0, "all": 0.16456000208854676, "macro": 0.1645599976181984}, "global_head_post_server": {"seen": 0.746699994802475, "missing": 0.0, "all": 0.1493399977684021, "macro": 0.14934000000357628}}, "elapsed": 63.411466121673584}
{"mode": "fedgh", "seed": 1, "round": 5, "metrics": {"cosine": {"seen": 0.8453999996185303, "missing": 0.0, "all": 0.16907999962568282, "macro": 0.16907999962568282}, "l2": {"seen": 0.8422500014305114, "missing": 0.0, "all": 0.1684499979019165, "macro": 0.16845000088214873}, "local_head_pre_server": {"seen": 0.8389999985694885, "missing": 0.0, "all": 0.16780000180006027, "macro": 0.16780000180006027}, "global_head_post_server": {"seen": 0.76460000872612, "missing": 0.0, "all": 0.15292000025510788, "macro": 0.15292000472545625}}, "elapsed": 79.47319865226746}
{"mode": "fedgh", "seed": 1, "round": 6, "metrics": {"cosine": {"seen": 0.8473999977111817, "missing": 0.0, "all": 0.16947999894618987, "macro": 0.169480000436306}, "l2": {"seen": 0.8340499997138977, "missing": 0.0, "all": 0.16680999994277954, "macro": 0.16680999845266342}, "local_head_pre_server": {"seen": 0.8316500067710877, "missing": 0.0, "all": 0.1663299985229969, "macro": 0.1663300022482872}, "global_head_post_server": {"seen": 0.794050008058548, "missing": 0.0, "all": 0.15880999937653542, "macro": 0.15881000235676765}}, "elapsed": 92.8342638015747}
{"mode": "fedgh", "seed": 1, "round": 7, "metrics": {"cosine": {"seen": 0.8513000011444092, "missing": 0.0, "all": 0.1702599987387657, "macro": 0.17026000171899797}, "l2": {"seen": 0.8453000009059906, "missing": 0.0, "all": 0.16906000077724456, "macro": 0.16905999928712845}, "local_head_pre_server": {"seen": 0.8493000090122222, "missing": 0.0, "all": 0.16985999792814255, "macro": 0.16985999941825866}, "global_head_post_server": {"seen": 0.8415999948978424, "missing": 0.0, "all": 0.16832000091671945, "macro": 0.1683200016617775}}, "elapsed": 104.25038528442383}
{"mode": "fedgh", "seed": 1, "round": 8, "metrics": {"cosine": {"seen": 0.8656999945640564, "missing": 0.0, "all": 0.17314000129699708, "macro": 0.17313999831676483}, "l2": {"seen": 0.8576000034809113, "missing": 0.0, "all": 0.17152000069618226, "macro": 0.17151999771595}, "local_head_pre_server": {"seen": 0.8644499897956848, "missing": 0.0, "all": 0.17289000153541564, "macro": 0.17288999855518342}, "global_head_post_server": {"seen": 0.8378999948501586, "missing": 0.0, "all": 0.16758000031113623, "macro": 0.1675799995660782}}, "elapsed": 115.7081503868103}
{"mode": "fedgh", "seed": 1, "round": 9, "metrics": {"cosine": {"seen": 0.863100004196167, "missing": 0.0, "all": 0.17261999994516372, "macro": 0.1726199984550476}, "l2": {"seen": 0.851500004529953, "missing": 0.0, "all": 0.1703000009059906, "macro": 0.1703000009059906}, "local_head_pre_server": {"seen": 0.8561499893665314, "missing": 0.0, "all": 0.17122999876737593, "macro": 0.17122999876737593}, "global_head_post_server": {"seen": 0.8486999928951263, "missing": 0.0, "all": 0.1697400003671646, "macro": 0.16973999589681626}}, "elapsed": 131.18562841415405}
{"mode": "fedgh", "seed": 1, "round": 10, "metrics": {"cosine": {"seen": 0.8677999913692475, "missing": 0.0, "all": 0.1735599994659424, "macro": 0.17355999797582627}, "l2": {"seen": 0.8595499992370605, "missing": 0.0, "all": 0.17191000133752823, "macro": 0.17190999984741212}, "local_head_pre_server": {"seen": 0.8667000114917756, "missing": 0.0, "all": 0.17334000170230865, "macro": 0.17334000170230865}, "global_head_post_server": {"seen": 0.8589000046253205, "missing": 0.0, "all": 0.17178000062704085, "macro": 0.171780002117157}}, "elapsed": 176.59582233428955}
Files already downloaded and verified
Files already downloaded and verified
{"mode": "local", "seed": 2, "round": 1, "metrics": {"head": {"seen": 0.6979999959468841, "missing": 0.0, "all": 0.13960000202059747, "macro": 0.13959999531507492}, "cosine": {"seen": 0.7087999939918518, "missing": 0.0, "all": 0.1417600005865097, "macro": 0.14176000133156777}, "l2": {"seen": 0.7065000057220459, "missing": 1.2500000593718141e-05, "all": 0.1413100004196167, "macro": 0.14131000116467476}}, "elapsed": 11.795226573944092}
{"mode": "local", "seed": 2, "round": 2, "metrics": {"head": {"seen": 0.7710499942302704, "missing": 0.0, "all": 0.15421000197529794, "macro": 0.15420999750494957}, "cosine": {"seen": 0.7800999939441681, "missing": 0.0, "all": 0.15601999908685685, "macro": 0.15602000281214715}, "l2": {"seen": 0.7855499982833862, "missing": 0.0, "all": 0.15710999965667724, "macro": 0.1571100004017353}}, "elapsed": 23.247354745864868}
{"mode": "local", "seed": 2, "round": 3, "metrics": {"head": {"seen": 0.8101500034332275, "missing": 0.0, "all": 0.16203000023961067, "macro": 0.1620299994945526}, "cosine": {"seen": 0.8036999940872193, "missing": 0.0, "all": 0.16073999777436257, "macro": 0.16074000298976898}, "l2": {"seen": 0.8050999939441681, "missing": 0.0, "all": 0.16101999804377556, "macro": 0.16102000027894975}}, "elapsed": 35.34716749191284}
{"mode": "local", "seed": 2, "round": 4, "metrics": {"head": {"seen": 0.827049994468689, "missing": 0.0, "all": 0.16540999710559845, "macro": 0.16540999561548234}, "cosine": {"seen": 0.8311500012874603, "missing": 0.0, "all": 0.1662299983203411, "macro": 0.16622999981045722}, "l2": {"seen": 0.8292499959468842, "missing": 0.0, "all": 0.1658500015735626, "macro": 0.1658500000834465}}, "elapsed": 47.00563287734985}
{"mode": "local", "seed": 2, "round": 5, "metrics": {"head": {"seen": 0.8348500013351441, "missing": 0.0, "all": 0.16696999818086625, "macro": 0.16696999669075013}, "cosine": {"seen": 0.8300500035285949, "missing": 0.0, "all": 0.16601000130176544, "macro": 0.1660099968314171}, "l2": {"seen": 0.8318499982357025, "missing": 0.0, "all": 0.1663699984550476, "macro": 0.16637000143527986}}, "elapsed": 58.61088824272156}
{"mode": "local", "seed": 2, "round": 6, "metrics": {"head": {"seen": 0.8157999992370606, "missing": 0.0, "all": 0.16315999999642372, "macro": 0.16315999999642372}, "cosine": {"seen": 0.8201500117778778, "missing": 0.0, "all": 0.16402999833226203, "macro": 0.1640299953520298}, "l2": {"seen": 0.821749997138977, "missing": 0.0, "all": 0.16435000002384187, "macro": 0.16435000002384187}}, "elapsed": 70.23137831687927}
{"mode": "local", "seed": 2, "round": 7, "metrics": {"head": {"seen": 0.8365500032901764, "missing": 0.0, "all": 0.1673099987208843, "macro": 0.16731000319123268}, "cosine": {"seen": 0.839599996805191, "missing": 0.0, "all": 0.16791999638080596, "macro": 0.16792000010609626}, "l2": {"seen": 0.8390999913215638, "missing": 0.0, "all": 0.16781999841332434, "macro": 0.16781999841332434}}, "elapsed": 82.01217770576477}
{"mode": "local", "seed": 2, "round": 8, "metrics": {"head": {"seen": 0.8512499928474426, "missing": 0.0, "all": 0.17024999856948853, "macro": 0.1702500030398369}, "cosine": {"seen": 0.8406500041484832, "missing": 0.0, "all": 0.168129999935627, "macro": 0.1681300014257431}, "l2": {"seen": 0.845499986410141, "missing": 0.0, "all": 0.16909999996423722, "macro": 0.1690999984741211}}, "elapsed": 93.5641860961914}
{"mode": "local", "seed": 2, "round": 9, "metrics": {"head": {"seen": 0.8643000006675721, "missing": 0.0, "all": 0.17285999953746795, "macro": 0.1728599950671196}, "cosine": {"seen": 0.8643000006675721, "missing": 0.0, "all": 0.17285999953746795, "macro": 0.1728600010275841}, "l2": {"seen": 0.8618499934673309, "missing": 0.0, "all": 0.17236999720335006, "macro": 0.1723699986934662}}, "elapsed": 105.0424234867096}
{"mode": "local", "seed": 2, "round": 10, "metrics": {"head": {"seen": 0.8536999940872192, "missing": 0.0, "all": 0.17074000239372253, "macro": 0.17074000090360641}, "cosine": {"seen": 0.8560999929904938, "missing": 0.0, "all": 0.17122000306844712, "macro": 0.17122000008821486}, "l2": {"seen": 0.8552000045776367, "missing": 0.0, "all": 0.17104000002145767, "macro": 0.17104000002145767}}, "elapsed": 116.53614401817322}
Files already downloaded and verified
Files already downloaded and verified
{"mode": "fedproto", "seed": 2, "round": 1, "metrics": {"head": {"seen": 0.6979999959468841, "missing": 0.0, "all": 0.13960000202059747, "macro": 0.13959999531507492}, "cosine": {"seen": 0.7087999939918518, "missing": 0.0, "all": 0.1417600005865097, "macro": 0.14176000133156777}, "l2": {"seen": 0.7065000057220459, "missing": 1.2500000593718141e-05, "all": 0.1413100004196167, "macro": 0.14131000116467476}}, "elapsed": 11.848461627960205}
{"mode": "fedproto", "seed": 2, "round": 2, "metrics": {"head": {"seen": 0.7765499949455261, "missing": 0.0, "all": 0.15531000047922133, "macro": 0.1553099997341633}, "cosine": {"seen": 0.7817999958992005, "missing": 0.0, "all": 0.1563599996268749, "macro": 0.1563600018620491}, "l2": {"seen": 0.7874499976634979, "missing": 0.0, "all": 0.15748999789357185, "macro": 0.15749000236392022}}, "elapsed": 25.169283151626587}
{"mode": "fedproto", "seed": 2, "round": 3, "metrics": {"head": {"seen": 0.8177999973297119, "missing": 0.0, "all": 0.16356000080704688, "macro": 0.16355999782681466}, "cosine": {"seen": 0.8180499970912933, "missing": 0.0, "all": 0.1636100009083748, "macro": 0.16360999792814254}, "l2": {"seen": 0.8222000002861023, "missing": 0.0, "all": 0.16444000080227852, "macro": 0.16443999856710434}}, "elapsed": 38.464816093444824}
{"mode": "fedproto", "seed": 2, "round": 4, "metrics": {"head": {"seen": 0.8325999915599823, "missing": 0.0, "all": 0.16651999950408936, "macro": 0.16651999950408936}, "cosine": {"seen": 0.8411499977111816, "missing": 0.0, "all": 0.16823000013828276, "macro": 0.16823000088334084}, "l2": {"seen": 0.8391499936580658, "missing": 0.0, "all": 0.16783000081777572, "macro": 0.1678299993276596}}, "elapsed": 51.995596170425415}
{"mode": "fedproto", "seed": 2, "round": 5, "metrics": {"head": {"seen": 0.8388999998569489, "missing": 0.0, "all": 0.1677800014615059, "macro": 0.16778000295162201}, "cosine": {"seen": 0.8378499984741211, "missing": 0.0, "all": 0.16757000088691712, "macro": 0.1675700031220913}, "l2": {"seen": 0.8394499957561493, "missing": 0.0, "all": 0.16788999810814859, "macro": 0.16788999736309052}}, "elapsed": 65.41944789886475}
{"mode": "fedproto", "seed": 2, "round": 6, "metrics": {"head": {"seen": 0.8202000021934509, "missing": 0.0, "all": 0.16403999775648118, "macro": 0.16403999850153922}, "cosine": {"seen": 0.8267000079154968, "missing": 0.0, "all": 0.16533999815583228, "macro": 0.16533999815583228}, "l2": {"seen": 0.8305999994277954, "missing": 0.0, "all": 0.1661200001835823, "macro": 0.16612000167369842}}, "elapsed": 78.95643472671509}
{"mode": "fedproto", "seed": 2, "round": 7, "metrics": {"head": {"seen": 0.8426500022411346, "missing": 0.0, "all": 0.1685299977660179, "macro": 0.1685300000011921}, "cosine": {"seen": 0.8504000008106232, "missing": 0.0, "all": 0.17007999792695044, "macro": 0.1700800023972988}, "l2": {"seen": 0.8501500010490417, "missing": 0.0, "all": 0.1700300008058548, "macro": 0.17003000155091286}}, "elapsed": 92.2211000919342}
{"mode": "fedproto", "seed": 2, "round": 8, "metrics": {"head": {"seen": 0.8555499970912933, "missing": 0.0, "all": 0.17110999822616577, "macro": 0.17110999971628188}, "cosine": {"seen": 0.8537000000476838, "missing": 0.0, "all": 0.17074000239372253, "macro": 0.1707399979233742}, "l2": {"seen": 0.8555000066757202, "missing": 0.0, "all": 0.1711000010371208, "macro": 0.17109999656677247}}, "elapsed": 105.67200827598572}
{"mode": "fedproto", "seed": 2, "round": 9, "metrics": {"head": {"seen": 0.8657000005245209, "missing": 0.0, "all": 0.17313999980688094, "macro": 0.17313999980688094}, "cosine": {"seen": 0.8651000022888183, "missing": 0.0, "all": 0.17302000224590303, "macro": 0.17301999926567077}, "l2": {"seen": 0.8629499971866608, "missing": 0.0, "all": 0.17258999943733216, "macro": 0.17258999943733216}}, "elapsed": 118.93358540534973}
{"mode": "fedproto", "seed": 2, "round": 10, "metrics": {"head": {"seen": 0.858650004863739, "missing": 0.0, "all": 0.17173000127077104, "macro": 0.1717299997806549}, "cosine": {"seen": 0.8572499990463257, "missing": 0.0, "all": 0.1714499995112419, "macro": 0.17145000100135804}, "l2": {"seen": 0.8586000025272369, "missing": 0.0, "all": 0.17172000110149382, "macro": 0.17171999663114548}}, "elapsed": 132.24752283096313}
Files already downloaded and verified
Files already downloaded and verified
{"mode": "fedgh", "seed": 2, "round": 1, "metrics": {"cosine": {"seen": 0.7087999939918518, "missing": 0.0, "all": 0.1417600005865097, "macro": 0.14176000133156777}, "l2": {"seen": 0.7065000057220459, "missing": 1.2500000593718141e-05, "all": 0.1413100004196167, "macro": 0.14131000116467476}, "local_head_pre_server": {"seen": 0.6979999959468841, "missing": 0.0, "all": 0.13960000202059747, "macro": 0.13959999531507492}, "global_head_post_server": {"seen": 0.6748499989509582, "missing": 0.0, "all": 0.1349700003862381, "macro": 0.13496999964118003}}, "elapsed": 15.605194807052612}
{"mode": "fedgh", "seed": 2, "round": 2, "metrics": {"cosine": {"seen": 0.7736000061035156, "missing": 0.0, "all": 0.15472000017762183, "macro": 0.15471999868750572}, "l2": {"seen": 0.7749500095844268, "missing": 0.0, "all": 0.1549900010228157, "macro": 0.15499000027775764}, "local_head_pre_server": {"seen": 0.7624000072479248, "missing": 0.0, "all": 0.15247999727725983, "macro": 0.15248000025749206}, "global_head_post_server": {"seen": 0.60450000166893, "missing": 0.0, "all": 0.12090000063180924, "macro": 0.12089999988675118}}, "elapsed": 31.192840337753296}
{"mode": "fedgh", "seed": 2, "round": 3, "metrics": {"cosine": {"seen": 0.792600005865097, "missing": 0.0, "all": 0.15852000042796136, "macro": 0.1585200011730194}, "l2": {"seen": 0.7929499983787537, "missing": 0.0, "all": 0.15859000161290168, "macro": 0.15859000012278557}, "local_head_pre_server": {"seen": 0.7893500030040741, "missing": 0.0, "all": 0.15786999985575675, "macro": 0.15787000209093094}, "global_head_post_server": {"seen": 0.6990999937057495, "missing": 0.0, "all": 0.13981999903917314, "macro": 0.13981999978423118}}, "elapsed": 46.781052350997925}
{"mode": "fedgh", "seed": 2, "round": 4, "metrics": {"cosine": {"seen": 0.822599995136261, "missing": 0.0, "all": 0.164520001411438, "macro": 0.16451999619603158}, "l2": {"seen": 0.8207000017166137, "missing": 0.0, "all": 0.16414000168442727, "macro": 0.16414000242948532}, "local_head_pre_server": {"seen": 0.8148999989032746, "missing": 0.0, "all": 0.16297999992966652, "macro": 0.16298000067472457}, "global_head_post_server": {"seen": 0.7604999959468841, "missing": 0.0, "all": 0.1521000012755394, "macro": 0.1521000012755394}}, "elapsed": 62.46876668930054}
{"mode": "fedgh", "seed": 2, "round": 5, "metrics": {"cosine": {"seen": 0.8167500019073486, "missing": 0.0, "all": 0.16334999799728395, "macro": 0.16335000097751617}, "l2": {"seen": 0.817250007390976, "missing": 0.0, "all": 0.16344999969005586, "macro": 0.16345000118017197}, "local_head_pre_server": {"seen": 0.8144500017166137, "missing": 0.0, "all": 0.16288999915122987, "macro": 0.16288999766111373}, "global_head_post_server": {"seen": 0.8002999901771546, "missing": 0.0, "all": 0.16005999743938445, "macro": 0.16005999892950057}}, "elapsed": 78.0403151512146}
{"mode": "fedgh", "seed": 2, "round": 6, "metrics": {"cosine": {"seen": 0.8147999942302704, "missing": 0.0, "all": 0.162959998100996, "macro": 0.1629600018262863}, "l2": {"seen": 0.8191500008106232, "missing": 0.0, "all": 0.16383000165224076, "macro": 0.16383000314235688}, "local_head_pre_server": {"seen": 0.7899499952793121, "missing": 0.0, "all": 0.1579899989068508, "macro": 0.1579899974167347}, "global_head_post_server": {"seen": 0.8004500031471252, "missing": 0.0, "all": 0.16008999869227408, "macro": 0.16009000316262245}}, "elapsed": 93.45414090156555}
{"mode": "fedgh", "seed": 2, "round": 7, "metrics": {"cosine": {"seen": 0.834500002861023, "missing": 0.0, "all": 0.16689999848604203, "macro": 0.16690000146627426}, "l2": {"seen": 0.8358999967575074, "missing": 0.0, "all": 0.16717999950051307, "macro": 0.16718000024557114}, "local_head_pre_server": {"seen": 0.8248500049114227, "missing": 0.0, "all": 0.16497000083327293, "macro": 0.16496999859809874}, "global_head_post_server": {"seen": 0.8126999974250794, "missing": 0.0, "all": 0.16254000142216682, "macro": 0.1625399984419346}}, "elapsed": 108.94449591636658}
{"mode": "fedgh", "seed": 2, "round": 8, "metrics": {"cosine": {"seen": 0.8371500074863434, "missing": 0.0, "all": 0.16743000000715255, "macro": 0.16743000149726867}, "l2": {"seen": 0.840850007534027, "missing": 0.0, "all": 0.16817000061273574, "macro": 0.16816999912261962}, "local_head_pre_server": {"seen": 0.8384999990463257, "missing": 0.0, "all": 0.16769999861717225, "macro": 0.1677000030875206}, "global_head_post_server": {"seen": 0.8223999977111817, "missing": 0.0, "all": 0.1644800029695034, "macro": 0.16447999998927115}}, "elapsed": 124.6333556175232}
{"mode": "fedgh", "seed": 2, "round": 9, "metrics": {"cosine": {"seen": 0.8548499941825867, "missing": 0.0, "all": 0.17096999883651734, "macro": 0.17097000181674957}, "l2": {"seen": 0.8550999999046326, "missing": 0.0, "all": 0.17101999819278718, "macro": 0.1710199996829033}, "local_head_pre_server": {"seen": 0.858050000667572, "missing": 0.0, "all": 0.17160999923944473, "macro": 0.17161000221967698}, "global_head_post_server": {"seen": 0.8348000049591064, "missing": 0.0, "all": 0.16696000024676322, "macro": 0.16696000173687936}}, "elapsed": 140.01670289039612}
{"mode": "fedgh", "seed": 2, "round": 10, "metrics": {"cosine": {"seen": 0.8527500033378601, "missing": 0.0, "all": 0.17055000215768815, "macro": 0.1705499991774559}, "l2": {"seen": 0.8527500033378601, "missing": 0.0, "all": 0.17055000066757203, "macro": 0.17055000066757203}, "local_head_pre_server": {"seen": 0.833600002527237, "missing": 0.0, "all": 0.16672000139951706, "macro": 0.16672000288963318}, "global_head_post_server": {"seen": 0.822350001335144, "missing": 0.0, "all": 0.16447000131011008, "macro": 0.16446999832987785}}, "elapsed": 185.2749946117401}
[autodl] finished_at=2026-09-19T00:43:03+08:00
[autodl] exit_code=0
