[autodl] run_id=20260919-054411-h13a-mixed-backbone
[autodl] started_at=2026-09-19T05:44:17+08:00
test_nested_prefixes (test_anchor_count.AnchorCountTest.test_nested_prefixes) ... ok
test_rank_diagnostics_preserve_full_anchor_result (test_anchor_count.AnchorCountTest.test_rank_diagnostics_preserve_full_anchor_result) ... /home/wenchang/anaconda3/envs/python3.12-tk2-2.3/lib/python3.12/site-packages/torch/cuda/__init__.py:654: UserWarning: Can't initialize NVML
  warnings.warn("Can't initialize NVML")
ok
test_unmodified_upstream_two_rounds (test_baseline.BaselineTest.test_unmodified_upstream_two_rounds) ... ok
test_invariance_and_exact_assembly (test_centered.CenteredTest.test_invariance_and_exact_assembly) ... ok
test_metrics_histograms_and_all100_rows (test_cifar100.Cifar100Test.test_metrics_histograms_and_all100_rows) ... ok
test_ownership_label_blind_reservation_and_full_coverage (test_cifar100.Cifar100Test.test_ownership_label_blind_reservation_and_full_coverage) ... ok
test_three_arm_100class_entrypoint (test_cifar100.Cifar100Test.test_three_arm_100class_entrypoint) ... ok
test_three_readouts_100class_isolation_and_label_independence (test_cifar100.Cifar100Test.test_three_readouts_100class_isolation_and_label_independence) ... ok
test_training_seeds_keep_h12a_split_and_change_initialization (test_cifar100.Cifar100Test.test_training_seeds_keep_h12a_split_and_change_initialization) ... ok
test_affine_mean_weighting_and_class_isolation (test_class_prototypes.ClassPrototypeTest.test_affine_mean_weighting_and_class_isolation) ... ok
test_client_isolation_and_diagnostic_rng (test_class_prototypes.ClassPrototypeTest.test_client_isolation_and_diagnostic_rng) ... ok
test_nullspace_freedom_and_local_rng (test_completion.CompletionTest.test_nullspace_freedom_and_local_rng) ... ok
test_affine_logits_equivalence (test_conditioning.ConditioningTest.test_affine_logits_equivalence) ... ok
test_seed0_historical_regeneration (test_cross_seed.CrossSeedTest.test_seed0_historical_regeneration) ... ok
test_seed12_exact_committed_provenance (test_cross_seed.CrossSeedTest.test_seed12_exact_committed_provenance) ... ok
test_seed_specific_disjoint_construction (test_cross_seed.CrossSeedTest.test_seed_specific_disjoint_construction) ... ok
test_known_metrics (test_data_metrics.DataMetricTests.test_known_metrics) ... ok
test_partition_disjoint_complete_and_reproducible (test_data_metrics.DataMetricTests.test_partition_disjoint_complete_and_reproducible) ... ok
test_direct_path_state_and_rng (test_direct_prototypes.DirectPrototypeTest.test_direct_path_state_and_rng) ... ok
test_hierarchical_weighting_sparse_classes_and_scale (test_direct_prototypes.DirectPrototypeTest.test_hierarchical_weighting_sparse_classes_and_scale) ... ok
test_capture_reference_isolation_and_label_independence (test_dual_space.DualSpaceTest.test_capture_reference_isolation_and_label_independence) ... ok
test_exact_score_columns (test_dual_space.DualSpaceTest.test_exact_score_columns) ... ok
test_probe_separable_and_side_effect_free (test_fedgh.FedGHTest.test_probe_separable_and_side_effect_free) ... ok
test_server_update_detach_broadcast_and_all_classes (test_fedgh.FedGHTest.test_server_update_detach_broadcast_and_all_classes) ... ok
test_partition_full_coverage_and_frozen_ownership (test_full_data.FullDataTest.test_partition_full_coverage_and_frozen_ownership) ... ok
test_readout_isolation_counts_and_anchor_label_blindness (test_full_data.FullDataTest.test_readout_isolation_counts_and_anchor_label_blindness) ... ok
test_seed_generalization_and_exact_h11a_split (test_full_data.FullDataTest.test_seed_generalization_and_exact_h11a_split) ... ok
test_step_receipt_and_optional_histograms_do_not_change_metrics (test_full_data.FullDataTest.test_step_receipt_and_optional_histograms_do_not_change_metrics) ... ok
test_three_arm_entrypoint_and_final_readouts (test_full_data.FullDataTest.test_three_arm_entrypoint_and_final_readouts) ... ok
test_legacy_permutations_exact_multisets_and_isolation (test_full_pair.FullPairTest.test_legacy_permutations_exact_multisets_and_isolation) ... ok
test_isolation_label_perturbation_and_reference (test_group_refine.GroupRefineTest.test_isolation_label_perturbation_and_reference) ... ok
test_routing_and_arbitrary_missing_correctness (test_group_refine.GroupRefineTest.test_routing_and_arbitrary_missing_correctness) ... ok
test_denominator_and_detachment (test_h01c.H01CTests.test_denominator_and_detachment) ... ok
test_owner_cosine (test_h01c.H01CTests.test_owner_cosine) ... ok
test_same_tensor_direction_matches_direct_autograd (test_h01c.H01CTests.test_same_tensor_direction_matches_direct_autograd) ... ok
test_assignment_counts_support_disjoint_and_deterministic (test_heldout.HeldoutTest.test_assignment_counts_support_disjoint_and_deterministic) ... ok
test_basis_reconstruction_and_head_equivalence (test_helmert.HelmertTest.test_basis_reconstruction_and_head_equivalence) ... ok
test_known_null_energy (test_helmert.HelmertTest.test_known_null_energy) ... ok
test_exact_local_inputs_hierarchy_and_isolation (test_local_source.LocalSourceTest.test_exact_local_inputs_hierarchy_and_isolation) ... ok
test_missing_class_changes_gpc_loss_and_gradient_only (test_mechanism.MechanismTests.test_missing_class_changes_gpc_loss_and_gradient_only) ... ok
test_round_one_pairing_all_modes_and_grad_ratio (test_mechanism.MechanismTests.test_round_one_pairing_all_modes_and_grad_ratio) ... ok
test_sample_weighted_aggregation (test_mechanism.MechanismTests.test_sample_weighted_aggregation) ... ok
test_training_parity_with_unmodified_upstream (test_mechanism.MechanismTests.test_training_parity_with_unmodified_upstream) ... ok
test_validity_and_noncontiguous_labels (test_mechanism.MechanismTests.test_validity_and_noncontiguous_labels) ... ok
test_deterministic_construction_shapes_and_batchnorm_isolation (test_mixed_backbone.MixedBackboneTest.test_deterministic_construction_shapes_and_batchnorm_isolation) ... ok
test_mixed_three_arm_entrypoint_and_readout_isolation (test_mixed_backbone.MixedBackboneTest.test_mixed_three_arm_entrypoint_and_readout_isolation) ... ok
test_mask_and_frozen_backprop (test_online.OnlineTest.test_mask_and_frozen_backprop) ... ok
test_pure_bank_and_isolation (test_online.OnlineTest.test_pure_bank_and_isolation) ... ok
test_round_one_pairing_and_batches (test_online.OnlineTest.test_round_one_pairing_and_batches) ... ok
test_balanced_deterministic_disjoint (test_oracle.OracleTest.test_balanced_deterministic_disjoint) ... ok
test_oracle_state_rng_buffers_and_test_label_isolation (test_oracle.OracleTest.test_oracle_state_rng_buffers_and_test_label_isolation) ... ok
test_original_indices_counts_and_exclusion (test_owner_probe.OwnerProbeTest.test_original_indices_counts_and_exclusion) ... ok
test_owner_fit_state_and_test_label_isolation (test_owner_probe.OwnerProbeTest.test_owner_fit_state_and_test_label_isolation) ... ok
test_final_gradient_is_finite_and_side_effect_free (test_paired.PairedTest.test_final_gradient_is_finite_and_side_effect_free) ... ok
test_known_rotation_translation (test_paired.PairedTest.test_known_rotation_translation) ... ok
test_label_blind_selection_and_fit (test_paired.PairedTest.test_label_blind_selection_and_fit) ... ok
test_matched_500_fits_preserve_same_state (test_paired.PairedTest.test_matched_500_fits_preserve_same_state) ... ok
test_pair_breaking_preserves_multiset (test_paired.PairedTest.test_pair_breaking_preserves_multiset) ... ok
test_fixed_cast_and_probe_identity (test_precision.PrecisionTest.test_fixed_cast_and_probe_identity) ... ok
test_invertibility_reconstruction_logits_and_label_isolation (test_precondition.PreconditionTest.test_invertibility_reconstruction_logits_and_label_isolation) ... ok
test_column_permutation_preserves_each_sample (test_relation.RelationTest.test_column_permutation_preserves_each_sample) ... ok
test_orthogonal_translation_invariance (test_relation.RelationTest.test_orthogonal_translation_invariance) ... ok
test_eligible_prediction_and_rejection (test_router.RouterTest.test_eligible_prediction_and_rejection) ... ok
test_loo_and_order_statistic (test_router.RouterTest.test_loo_and_order_statistic) ... ok
test_train_only_isolation_and_label_perturbation (test_router.RouterTest.test_train_only_isolation_and_label_perturbation) ... ok

----------------------------------------------------------------------
Ran 65 tests in 47.742s

OK
/home/wenchang/anaconda3/envs/python3.12-tk2-2.3/lib/python3.12/site-packages/torch/cuda/__init__.py:654: UserWarning: Can't initialize NVML
  warnings.warn("Can't initialize NVML")
Files already downloaded and verified
Files already downloaded and verified
{"mode": "local", "seed": 0, "round": 1, "metrics": {"head": {"seen": 0.1783500012010336, "missing": 0.0, "all": 0.03567000031471253, "macro": 0.035669998917728665}, "cosine": {"seen": 0.15645000003278256, "missing": 0.00031250000320142134, "all": 0.03153999950736761, "macro": 0.03154000099748373}, "l2": {"seen": 0.1539999969303608, "missing": 0.00030000000551808623, "all": 0.031040000449866056, "macro": 0.031039999704807995}}, "elapsed": 25.60368061065674}
{"mode": "local", "seed": 0, "round": 2, "metrics": {"head": {"seen": 0.26525000035762786, "missing": 0.0, "all": 0.05304999984800816, "macro": 0.05304999910295009}, "cosine": {"seen": 0.18755000010132789, "missing": 0.00036250000703148545, "all": 0.037799999862909314, "macro": 0.03780000014230609}, "l2": {"seen": 0.1949499987065792, "missing": 0.0006000000052154064, "all": 0.03946999907493591, "macro": 0.03947000112384558}}, "elapsed": 50.30504107475281}
{"mode": "local", "seed": 0, "round": 3, "metrics": {"head": {"seen": 0.3027000017464161, "missing": 0.0, "all": 0.060540000163018706, "macro": 0.06054000090807676}, "cosine": {"seen": 0.23829999789595604, "missing": 0.0003250000096159056, "all": 0.0479199999012053, "macro": 0.047920001205056906}, "l2": {"seen": 0.2485499955713749, "missing": 0.0004999999990104697, "all": 0.050110000930726525, "macro": 0.050109999254345894}}, "elapsed": 75.41795897483826}
{"mode": "local", "seed": 0, "round": 4, "metrics": {"head": {"seen": 0.3193000018596649, "missing": 0.0, "all": 0.06386000029742718, "macro": 0.06385999917984009}, "cosine": {"seen": 0.27154999822378156, "missing": 0.0003125000046566129, "all": 0.05455999970436096, "macro": 0.05456000044941902}, "l2": {"seen": 0.28125, "missing": 0.00038750001112930477, "all": 0.05656000003218651, "macro": 0.05655999947339296}}, "elapsed": 100.87019562721252}
{"mode": "local", "seed": 0, "round": 5, "metrics": {"head": {"seen": 0.32780000641942025, "missing": 0.0, "all": 0.06556000001728535, "macro": 0.06555999983102083}, "cosine": {"seen": 0.2944000005722046, "missing": 0.00016250000335276126, "all": 0.05901000127196312, "macro": 0.05900999791920185}, "l2": {"seen": 0.29935000091791153, "missing": 0.0001875000074505806, "all": 0.060019999369978906, "macro": 0.06002000011503696}}, "elapsed": 125.89918971061707}
{"mode": "local", "seed": 0, "round": 6, "metrics": {"head": {"seen": 0.3448499977588654, "missing": 0.0, "all": 0.06897000037133694, "macro": 0.06896999813616275}, "cosine": {"seen": 0.3008999988436699, "missing": 0.0002625000081025064, "all": 0.06039000004529953, "macro": 0.06039000228047371}, "l2": {"seen": 0.3092500001192093, "missing": 0.0003125000046566129, "all": 0.06209999918937683, "macro": 0.06210000179708004}}, "elapsed": 150.73770666122437}
{"mode": "local", "seed": 0, "round": 7, "metrics": {"head": {"seen": 0.36999999582767484, "missing": 0.0, "all": 0.07399999983608722, "macro": 0.07400000058114528}, "cosine": {"seen": 0.32255000323057176, "missing": 0.00012500000157160683, "all": 0.06460999995470047, "macro": 0.06460999995470047}, "l2": {"seen": 0.3273499995470047, "missing": 0.00013750000362051652, "all": 0.06558000072836875, "macro": 0.06557999923825264}}, "elapsed": 176.0695788860321}
{"mode": "local", "seed": 0, "round": 8, "metrics": {"head": {"seen": 0.3758500009775162, "missing": 0.0, "all": 0.07517000027000904, "macro": 0.07517000027000904}, "cosine": {"seen": 0.33124999403953553, "missing": 0.00010000000474974513, "all": 0.06633000038564205, "macro": 0.06633000001311302}, "l2": {"seen": 0.3343999981880188, "missing": 0.0001125000009778887, "all": 0.06697000004351139, "macro": 0.06697000004351139}}, "elapsed": 201.31469058990479}
{"mode": "local", "seed": 0, "round": 9, "metrics": {"head": {"seen": 0.3885499984025955, "missing": 0.0, "all": 0.07770999893546104, "macro": 0.0777099996805191}, "cosine": {"seen": 0.3400000065565109, "missing": 0.00013750000362051652, "all": 0.0681099995970726, "macro": 0.06810999885201455}, "l2": {"seen": 0.34594999700784684, "missing": 0.00016250000771833584, "all": 0.06931999996304512, "macro": 0.06932000033557414}}, "elapsed": 226.12413382530212}
{"mode": "local", "seed": 0, "round": 10, "metrics": {"head": {"seen": 0.38039999902248384, "missing": 0.0, "all": 0.07607999928295613, "macro": 0.0760800015181303}, "cosine": {"seen": 0.33960000425577164, "missing": 7.500000210711733e-05, "all": 0.06797999963164329, "macro": 0.06798000261187553}, "l2": {"seen": 0.34704999774694445, "missing": 8.750000124564394e-05, "all": 0.06948000006377697, "macro": 0.06948000080883503}}, "elapsed": 248.34007620811462}
Files already downloaded and verified
Files already downloaded and verified
{"mode": "fedproto", "seed": 0, "round": 1, "metrics": {"head": {"seen": 0.1783500012010336, "missing": 0.0, "all": 0.03567000031471253, "macro": 0.035669998917728665}, "cosine": {"seen": 0.15645000003278256, "missing": 0.00031250000320142134, "all": 0.03153999950736761, "macro": 0.03154000099748373}, "l2": {"seen": 0.1539999969303608, "missing": 0.00030000000551808623, "all": 0.031040000449866056, "macro": 0.031039999704807995}}, "elapsed": 25.0379855632782}
{"mode": "fedproto", "seed": 0, "round": 2, "metrics": {"head": {"seen": 0.2752500012516975, "missing": 0.0, "all": 0.055049999803304675, "macro": 0.05504999868571758}, "cosine": {"seen": 0.21065000221133232, "missing": 0.0001500000071246177, "all": 0.04224999975413084, "macro": 0.042249999660998586}, "l2": {"seen": 0.21944999769330026, "missing": 0.00016250000189756974, "all": 0.044020000658929345, "macro": 0.04402000121772289}}, "elapsed": 53.26795959472656}
{"mode": "fedproto", "seed": 0, "round": 3, "metrics": {"head": {"seen": 0.3160499930381775, "missing": 0.0, "all": 0.06320999935269356, "macro": 0.0632099997252226}, "cosine": {"seen": 0.2689999982714653, "missing": 2.5000001187436283e-05, "all": 0.053820000030100346, "macro": 0.053820000402629374}, "l2": {"seen": 0.2768500030040741, "missing": 3.7500001781154424e-05, "all": 0.05540000014007092, "macro": 0.05539999827742577}}, "elapsed": 81.31767630577087}
{"mode": "fedproto", "seed": 0, "round": 4, "metrics": {"head": {"seen": 0.33665000051259997, "missing": 0.0, "all": 0.06732999980449676, "macro": 0.06732999868690967}, "cosine": {"seen": 0.31000000089406965, "missing": 5.0000002374872565e-05, "all": 0.06204000003635883, "macro": 0.06204000152647495}, "l2": {"seen": 0.31350000351667406, "missing": 5.0000002374872565e-05, "all": 0.0627400003373623, "macro": 0.06273999996483326}}, "elapsed": 108.93232440948486}
{"mode": "fedproto", "seed": 0, "round": 5, "metrics": {"head": {"seen": 0.3433499947190285, "missing": 0.0, "all": 0.06867000088095665, "macro": 0.06866999976336956}, "cosine": {"seen": 0.32024999856948855, "missing": 0.0, "all": 0.06405000053346158, "macro": 0.06404999829828739}, "l2": {"seen": 0.3225999981164932, "missing": 1.2500000593718141e-05, "all": 0.06452999971807002, "macro": 0.06452999897301197}}, "elapsed": 136.77949237823486}
{"mode": "fedproto", "seed": 0, "round": 6, "metrics": {"head": {"seen": 0.3566000059247017, "missing": 0.0, "all": 0.07131999991834163, "macro": 0.07132000289857388}, "cosine": {"seen": 0.33129999935626986, "missing": 0.0, "all": 0.06625999957323074, "macro": 0.0662600003182888}, "l2": {"seen": 0.3345000043511391, "missing": 1.2500000593718141e-05, "all": 0.06691000051796436, "macro": 0.06691000126302242}}, "elapsed": 164.14150023460388}
{"mode": "fedproto", "seed": 0, "round": 7, "metrics": {"head": {"seen": 0.3737500011920929, "missing": 0.0, "all": 0.0747499991208315, "macro": 0.07475000061094761}, "cosine": {"seen": 0.33800000250339507, "missing": 0.0, "all": 0.06760000064969063, "macro": 0.06760000027716159}, "l2": {"seen": 0.34374999552965163, "missing": 1.2500000593718141e-05, "all": 0.06875999979674816, "macro": 0.06876000054180623}}, "elapsed": 191.56817030906677}
{"mode": "fedproto", "seed": 0, "round": 8, "metrics": {"head": {"seen": 0.38114999830722807, "missing": 0.0, "all": 0.07622999995946884, "macro": 0.0762300007045269}, "cosine": {"seen": 0.35115000158548354, "missing": 1.2500000593718141e-05, "all": 0.07023999951779843, "macro": 0.07023999914526939}, "l2": {"seen": 0.35579999834299086, "missing": 1.2500000593718141e-05, "all": 0.07117000035941601, "macro": 0.07116999849677086}}, "elapsed": 219.29261898994446}
{"mode": "fedproto", "seed": 0, "round": 9, "metrics": {"head": {"seen": 0.39749999940395353, "missing": 0.0, "all": 0.079500000923872, "macro": 0.07949999868869781}, "cosine": {"seen": 0.35985000133514405, "missing": 1.2500000593718141e-05, "all": 0.07197999991476536, "macro": 0.07197999879717827}, "l2": {"seen": 0.36704999804496763, "missing": 1.2500000593718141e-05, "all": 0.07341999970376492, "macro": 0.07342000007629394}}, "elapsed": 245.76803469657898}
{"mode": "fedproto", "seed": 0, "round": 10, "metrics": {"head": {"seen": 0.3850999981164932, "missing": 0.0, "all": 0.0770200002938509, "macro": 0.07701999954879284}, "cosine": {"seen": 0.35274999886751174, "missing": 1.2500000593718141e-05, "all": 0.07056000009179116, "macro": 0.07056000158190727}, "l2": {"seen": 0.35994999557733537, "missing": 1.2500000593718141e-05, "all": 0.07199999876320362, "macro": 0.07199999727308751}}, "elapsed": 271.66890048980713}
Files already downloaded and verified
Files already downloaded and verified
{"mode": "fedgh", "seed": 0, "round": 1, "metrics": {"cosine": {"seen": 0.15645000003278256, "missing": 0.00031250000320142134, "all": 0.03153999950736761, "macro": 0.03154000099748373}, "l2": {"seen": 0.1539999969303608, "missing": 0.00030000000551808623, "all": 0.031040000449866056, "macro": 0.031039999704807995}, "local_head_pre_server": {"seen": 0.1783500012010336, "missing": 0.0, "all": 0.03567000031471253, "macro": 0.035669998917728665}, "global_head_post_server": {"seen": 0.028500000084750354, "missing": 0.007625000085681677, "all": 0.01179999988526106, "macro": 0.011799999698996543}}, "elapsed": 27.684069395065308}
{"mode": "fedgh", "seed": 0, "round": 2, "metrics": {"cosine": {"seen": 0.19284999892115592, "missing": 0.0003750000090803951, "all": 0.03887000046670437, "macro": 0.03887000093236566}, "l2": {"seen": 0.1980000026524067, "missing": 0.0006375000099069439, "all": 0.040110000595450404, "macro": 0.040110000409185886}, "local_head_pre_server": {"seen": 0.2465999998152256, "missing": 0.0, "all": 0.04932000041007996, "macro": 0.04931999985128641}, "global_head_post_server": {"seen": 0.10899999886751174, "missing": 0.004387500043958425, "all": 0.02531000003218651, "macro": 0.025309999845921992}}, "elapsed": 57.55922746658325}
{"mode": "fedgh", "seed": 0, "round": 3, "metrics": {"cosine": {"seen": 0.24514999613165855, "missing": 0.00010000000329455361, "all": 0.049110000021755695, "macro": 0.04911000095307827}, "l2": {"seen": 0.2463500052690506, "missing": 0.00033750000584404917, "all": 0.04954000040888786, "macro": 0.04953999910503626}, "local_head_pre_server": {"seen": 0.27614999935030937, "missing": 0.0, "all": 0.05522999987006187, "macro": 0.055229998752474786}, "global_head_post_server": {"seen": 0.18515000231564044, "missing": 0.002412499999627471, "all": 0.038959999289363625, "macro": 0.03895999910309911}}, "elapsed": 87.67057466506958}
{"mode": "fedgh", "seed": 0, "round": 4, "metrics": {"cosine": {"seen": 0.28720000237226484, "missing": 3.7500001781154424e-05, "all": 0.05747000016272068, "macro": 0.0574699992313981}, "l2": {"seen": 0.2847000002861023, "missing": 0.00017500000540167094, "all": 0.057079999893903735, "macro": 0.057079996541142465}, "local_head_pre_server": {"seen": 0.3008500009775162, "missing": 0.0, "all": 0.06017000079154968, "macro": 0.060169998556375504}, "global_head_post_server": {"seen": 0.24444999881088733, "missing": 0.001137500023469329, "all": 0.04979999996721744, "macro": 0.049800000712275506}}, "elapsed": 117.76533579826355}
{"mode": "fedgh", "seed": 0, "round": 5, "metrics": {"cosine": {"seen": 0.3051500007510185, "missing": 0.00020000000513391568, "all": 0.06118999980390072, "macro": 0.061190000548958776}, "l2": {"seen": 0.3062499985098839, "missing": 0.00030000000551808623, "all": 0.061489999294281006, "macro": 0.061489999666810034}, "local_head_pre_server": {"seen": 0.3069500014185905, "missing": 0.0, "all": 0.06138999946415424, "macro": 0.06138999834656715}, "global_head_post_server": {"seen": 0.2585499990731478, "missing": 0.000687500013737008, "all": 0.05226000007241964, "macro": 0.052260000817477704}}, "elapsed": 147.42397379875183}
{"mode": "fedgh", "seed": 0, "round": 6, "metrics": {"cosine": {"seen": 0.31240000277757646, "missing": 0.00010000000329455361, "all": 0.06256000101566314, "macro": 0.06255999878048897}, "l2": {"seen": 0.315049996972084, "missing": 0.0001500000071246177, "all": 0.0631300002336502, "macro": 0.06312999986112118}, "local_head_pre_server": {"seen": 0.328949998319149, "missing": 0.0, "all": 0.0657899996265769, "macro": 0.06578999739140272}, "global_head_post_server": {"seen": 0.27355000115931033, "missing": 0.00025000000605359676, "all": 0.05491000022739172, "macro": 0.0549099987372756}}, "elapsed": 177.60995888710022}
{"mode": "fedgh", "seed": 0, "round": 7, "metrics": {"cosine": {"seen": 0.3331000000238419, "missing": 5.0000002374872565e-05, "all": 0.06665999963879585, "macro": 0.06666000001132488}, "l2": {"seen": 0.3385500028729439, "missing": 0.00010000000474974513, "all": 0.0677899993956089, "macro": 0.0677899993956089}, "local_head_pre_server": {"seen": 0.35104999989271163, "missing": 0.0, "all": 0.07020999975502491, "macro": 0.07021000199019908}, "global_head_post_server": {"seen": 0.2893499981611967, "missing": 1.2500000593718141e-05, "all": 0.05787999937310815, "macro": 0.057880001794546845}}, "elapsed": 208.56242108345032}
{"mode": "fedgh", "seed": 0, "round": 8, "metrics": {"cosine": {"seen": 0.33489999920129776, "missing": 6.25000029685907e-05, "all": 0.06703000068664551, "macro": 0.06702999994158745}, "l2": {"seen": 0.3386499971151352, "missing": 0.00015000000421423466, "all": 0.06785000041127205, "macro": 0.06784999892115592}, "local_head_pre_server": {"seen": 0.35550000369548795, "missing": 0.0, "all": 0.07110000029206276, "macro": 0.07109999842941761}, "global_head_post_server": {"seen": 0.2920499972999096, "missing": 0.0, "all": 0.05840999968349934, "macro": 0.058410000428557395}}, "elapsed": 239.44051861763}
{"mode": "fedgh", "seed": 0, "round": 9, "metrics": {"cosine": {"seen": 0.3425499990582466, "missing": 6.250000151339919e-05, "all": 0.06856000013649463, "macro": 0.0685599971562624}, "l2": {"seen": 0.3494499996304512, "missing": 7.500000210711733e-05, "all": 0.06995000019669532, "macro": 0.06994999721646308}, "local_head_pre_server": {"seen": 0.37209999561309814, "missing": 0.0, "all": 0.0744199998676777, "macro": 0.0744199998676777}, "global_head_post_server": {"seen": 0.3028999984264374, "missing": 1.2500000593718141e-05, "all": 0.06059000007808209, "macro": 0.06058999951928854}}, "elapsed": 270.56261134147644}
/home/wenchang/asdasdsad/wjq/PPRTP/releases/20260919-054247-h13a/pprtp/paired.py:43: UserWarning: torch.linalg.svd: During SVD computation with the selected cusolver driver, batches 0 failed to converge. A more accurate method will be used to compute the SVD as a fallback. Check doc at https://pytorch.org/docs/stable/generated/torch.linalg.svd.html (Triggered internally at ../aten/src/ATen/native/cuda/linalg/BatchLinearAlgebraLib.cpp:697.)
  u,s,vh=torch.linalg.svd(xc.T@yc,full_matrices=False)
{"mode": "fedgh", "seed": 0, "round": 10, "metrics": {"cosine": {"seen": 0.35029999613761903, "missing": 0.0, "all": 0.07006000131368637, "macro": 0.07006000056862831}, "l2": {"seen": 0.35434999912977216, "missing": 1.2500000593718141e-05, "all": 0.0708800010383129, "macro": 0.0708799984306097}, "local_head_pre_server": {"seen": 0.3658499985933304, "missing": 0.0, "all": 0.0731699999421835, "macro": 0.07316999956965446}, "global_head_post_server": {"seen": 0.3143499970436096, "missing": 0.0, "all": 0.06287000030279159, "macro": 0.06286999955773354}}, "elapsed": 474.4915511608124}
[autodl] finished_at=2026-09-19T06:02:03+08:00
[autodl] exit_code=0
