[autodl] run_id=20260918-230745-h11a-full-data
[autodl] started_at=2026-09-18T23:07:50+08:00
test_nested_prefixes (test_anchor_count.AnchorCountTest.test_nested_prefixes) ... ok
test_rank_diagnostics_preserve_full_anchor_result (test_anchor_count.AnchorCountTest.test_rank_diagnostics_preserve_full_anchor_result) ... /home/wenchang/anaconda3/envs/python3.12-tk2-2.3/lib/python3.12/site-packages/torch/cuda/__init__.py:654: UserWarning: Can't initialize NVML
  warnings.warn("Can't initialize NVML")
ok
test_unmodified_upstream_two_rounds (test_baseline.BaselineTest.test_unmodified_upstream_two_rounds) ... ok
test_invariance_and_exact_assembly (test_centered.CenteredTest.test_invariance_and_exact_assembly) ... ok
test_affine_mean_weighting_and_class_isolation (test_class_prototypes.ClassPrototypeTest.test_affine_mean_weighting_and_class_isolation) ... ok
test_client_isolation_and_diagnostic_rng (test_class_prototypes.ClassPrototypeTest.test_client_isolation_and_diagnostic_rng) ... ok
test_nullspace_freedom_and_local_rng (test_completion.CompletionTest.test_nullspace_freedom_and_local_rng) ... ok
test_affine_logits_equivalence (test_conditioning.ConditioningTest.test_affine_logits_equivalence) ... ok
test_seed0_historical_regeneration (test_cross_seed.CrossSeedTest.test_seed0_historical_regeneration) ... ok
test_seed12_exact_committed_provenance (test_cross_seed.CrossSeedTest.test_seed12_exact_committed_provenance) ... ok
test_seed_specific_disjoint_construction (test_cross_seed.CrossSeedTest.test_seed_specific_disjoint_construction) ... ok
test_known_metrics (test_data_metrics.DataMetricTests.test_known_metrics) ... ok
test_partition_disjoint_complete_and_reproducible (test_data_metrics.DataMetricTests.test_partition_disjoint_complete_and_reproducible) ... ok
test_direct_path_state_and_rng (test_direct_prototypes.DirectPrototypeTest.test_direct_path_state_and_rng) ... ok
test_hierarchical_weighting_sparse_classes_and_scale (test_direct_prototypes.DirectPrototypeTest.test_hierarchical_weighting_sparse_classes_and_scale) ... ok
test_capture_reference_isolation_and_label_independence (test_dual_space.DualSpaceTest.test_capture_reference_isolation_and_label_independence) ... ok
test_exact_score_columns (test_dual_space.DualSpaceTest.test_exact_score_columns) ... ok
test_probe_separable_and_side_effect_free (test_fedgh.FedGHTest.test_probe_separable_and_side_effect_free) ... ok
test_server_update_detach_broadcast_and_all_classes (test_fedgh.FedGHTest.test_server_update_detach_broadcast_and_all_classes) ... ok
test_partition_full_coverage_and_frozen_ownership (test_full_data.FullDataTest.test_partition_full_coverage_and_frozen_ownership) ... ok
test_readout_isolation_counts_and_anchor_label_blindness (test_full_data.FullDataTest.test_readout_isolation_counts_and_anchor_label_blindness) ... ok
test_step_receipt_and_optional_histograms_do_not_change_metrics (test_full_data.FullDataTest.test_step_receipt_and_optional_histograms_do_not_change_metrics) ... ok
test_three_arm_entrypoint_and_final_readouts (test_full_data.FullDataTest.test_three_arm_entrypoint_and_final_readouts) ... ok
test_isolation_label_perturbation_and_reference (test_group_refine.GroupRefineTest.test_isolation_label_perturbation_and_reference) ... ok
test_routing_and_arbitrary_missing_correctness (test_group_refine.GroupRefineTest.test_routing_and_arbitrary_missing_correctness) ... ok
test_denominator_and_detachment (test_h01c.H01CTests.test_denominator_and_detachment) ... ok
test_owner_cosine (test_h01c.H01CTests.test_owner_cosine) ... ok
test_same_tensor_direction_matches_direct_autograd (test_h01c.H01CTests.test_same_tensor_direction_matches_direct_autograd) ... ok
test_assignment_counts_support_disjoint_and_deterministic (test_heldout.HeldoutTest.test_assignment_counts_support_disjoint_and_deterministic) ... ok
test_basis_reconstruction_and_head_equivalence (test_helmert.HelmertTest.test_basis_reconstruction_and_head_equivalence) ... ok
test_known_null_energy (test_helmert.HelmertTest.test_known_null_energy) ... ok
test_exact_local_inputs_hierarchy_and_isolation (test_local_source.LocalSourceTest.test_exact_local_inputs_hierarchy_and_isolation) ... ok
test_missing_class_changes_gpc_loss_and_gradient_only (test_mechanism.MechanismTests.test_missing_class_changes_gpc_loss_and_gradient_only) ... ok
test_round_one_pairing_all_modes_and_grad_ratio (test_mechanism.MechanismTests.test_round_one_pairing_all_modes_and_grad_ratio) ... ok
test_sample_weighted_aggregation (test_mechanism.MechanismTests.test_sample_weighted_aggregation) ... ok
test_training_parity_with_unmodified_upstream (test_mechanism.MechanismTests.test_training_parity_with_unmodified_upstream) ... ok
test_validity_and_noncontiguous_labels (test_mechanism.MechanismTests.test_validity_and_noncontiguous_labels) ... ok
test_mask_and_frozen_backprop (test_online.OnlineTest.test_mask_and_frozen_backprop) ... ok
test_pure_bank_and_isolation (test_online.OnlineTest.test_pure_bank_and_isolation) ... ok
test_round_one_pairing_and_batches (test_online.OnlineTest.test_round_one_pairing_and_batches) ... ok
test_balanced_deterministic_disjoint (test_oracle.OracleTest.test_balanced_deterministic_disjoint) ... ok
test_oracle_state_rng_buffers_and_test_label_isolation (test_oracle.OracleTest.test_oracle_state_rng_buffers_and_test_label_isolation) ... ok
test_original_indices_counts_and_exclusion (test_owner_probe.OwnerProbeTest.test_original_indices_counts_and_exclusion) ... ok
test_owner_fit_state_and_test_label_isolation (test_owner_probe.OwnerProbeTest.test_owner_fit_state_and_test_label_isolation) ... ok
test_final_gradient_is_finite_and_side_effect_free (test_paired.PairedTest.test_final_gradient_is_finite_and_side_effect_free) ... ok
test_known_rotation_translation (test_paired.PairedTest.test_known_rotation_translation) ... ok
test_label_blind_selection_and_fit (test_paired.PairedTest.test_label_blind_selection_and_fit) ... ok
test_matched_500_fits_preserve_same_state (test_paired.PairedTest.test_matched_500_fits_preserve_same_state) ... ok
test_pair_breaking_preserves_multiset (test_paired.PairedTest.test_pair_breaking_preserves_multiset) ... ok
test_fixed_cast_and_probe_identity (test_precision.PrecisionTest.test_fixed_cast_and_probe_identity) ... ok
test_invertibility_reconstruction_logits_and_label_isolation (test_precondition.PreconditionTest.test_invertibility_reconstruction_logits_and_label_isolation) ... ok
test_column_permutation_preserves_each_sample (test_relation.RelationTest.test_column_permutation_preserves_each_sample) ... ok
test_orthogonal_translation_invariance (test_relation.RelationTest.test_orthogonal_translation_invariance) ... ok
test_eligible_prediction_and_rejection (test_router.RouterTest.test_eligible_prediction_and_rejection) ... ok
test_loo_and_order_statistic (test_router.RouterTest.test_loo_and_order_statistic) ... ok
test_train_only_isolation_and_label_perturbation (test_router.RouterTest.test_train_only_isolation_and_label_perturbation) ... ok

----------------------------------------------------------------------
Ran 56 tests in 8.220s

OK
/home/wenchang/anaconda3/envs/python3.12-tk2-2.3/lib/python3.12/site-packages/torch/cuda/__init__.py:654: UserWarning: Can't initialize NVML
  warnings.warn("Can't initialize NVML")
Files already downloaded and verified
Files already downloaded and verified
{"mode": "local", "seed": 0, "round": 1, "metrics": {"head": {"seen": 0.6092500030994416, "missing": 0.0, "all": 0.1218500018119812, "macro": 0.1218500018119812}, "cosine": {"seen": 0.6394999921321869, "missing": 0.0, "all": 0.12790000066161156, "macro": 0.12790000289678574}, "l2": {"seen": 0.6279000043869019, "missing": 0.0, "all": 0.12557999938726425, "macro": 0.12557999938726425}}, "elapsed": 12.90251088142395}
{"mode": "local", "seed": 0, "round": 2, "metrics": {"head": {"seen": 0.6831500053405761, "missing": 0.0, "all": 0.13663000240921974, "macro": 0.13663000017404556}, "cosine": {"seen": 0.6963500022888184, "missing": 0.0, "all": 0.13927000015974045, "macro": 0.13926999866962433}, "l2": {"seen": 0.7188499987125396, "missing": 0.0, "all": 0.1437700003385544, "macro": 0.1437700040638447}}, "elapsed": 25.023889541625977}
{"mode": "local", "seed": 0, "round": 3, "metrics": {"head": {"seen": 0.7167500019073486, "missing": 0.0, "all": 0.14334999918937683, "macro": 0.14335000216960908}, "cosine": {"seen": 0.745900011062622, "missing": 0.0, "all": 0.14917999878525734, "macro": 0.14918000102043152}, "l2": {"seen": 0.750900000333786, "missing": 0.0, "all": 0.1501799963414669, "macro": 0.15017999857664108}}, "elapsed": 37.29149627685547}
{"mode": "local", "seed": 0, "round": 4, "metrics": {"head": {"seen": 0.7402000010013581, "missing": 0.0, "all": 0.14804000034928322, "macro": 0.14803999960422515}, "cosine": {"seen": 0.7542500019073486, "missing": 0.0, "all": 0.15084999799728394, "macro": 0.15085000023245812}, "l2": {"seen": 0.7687999904155731, "missing": 0.0, "all": 0.1537600003182888, "macro": 0.15376000255346298}}, "elapsed": 49.97320771217346}
{"mode": "local", "seed": 0, "round": 5, "metrics": {"head": {"seen": 0.7830500066280365, "missing": 0.0, "all": 0.15661000087857246, "macro": 0.15660999864339828}, "cosine": {"seen": 0.7880499958992004, "missing": 0.0, "all": 0.1576099991798401, "macro": 0.1576099991798401}, "l2": {"seen": 0.7946999967098236, "missing": 0.0, "all": 0.15894000232219696, "macro": 0.15893999934196473}}, "elapsed": 62.472986698150635}
{"mode": "local", "seed": 0, "round": 6, "metrics": {"head": {"seen": 0.7674000024795532, "missing": 0.0, "all": 0.15347999930381775, "macro": 0.15347999930381775}, "cosine": {"seen": 0.7809999942779541, "missing": 0.0, "all": 0.15619999766349793, "macro": 0.1562000036239624}, "l2": {"seen": 0.7861000001430511, "missing": 0.0, "all": 0.1572200007736683, "macro": 0.1572199985384941}}, "elapsed": 75.18322610855103}
{"mode": "local", "seed": 0, "round": 7, "metrics": {"head": {"seen": 0.7998499929904938, "missing": 0.0, "all": 0.15996999964118003, "macro": 0.1599700003862381}, "cosine": {"seen": 0.7956499993801117, "missing": 0.0, "all": 0.159129998087883, "macro": 0.15913000106811523}, "l2": {"seen": 0.8019500017166138, "missing": 0.0, "all": 0.16039000004529952, "macro": 0.16039000302553177}}, "elapsed": 87.63330245018005}
{"mode": "local", "seed": 0, "round": 8, "metrics": {"head": {"seen": 0.816650003194809, "missing": 0.0, "all": 0.16332999914884566, "macro": 0.16332999616861343}, "cosine": {"seen": 0.8073499917984008, "missing": 0.0, "all": 0.16147000044584275, "macro": 0.16147000044584275}, "l2": {"seen": 0.809500002861023, "missing": 0.0, "all": 0.16189999729394913, "macro": 0.16190000027418136}}, "elapsed": 100.17222929000854}
{"mode": "local", "seed": 0, "round": 9, "metrics": {"head": {"seen": 0.7986000001430511, "missing": 0.0, "all": 0.15971999987959862, "macro": 0.15971999913454055}, "cosine": {"seen": 0.7985000014305115, "missing": 0.0, "all": 0.15970000103116036, "macro": 0.15969999954104425}, "l2": {"seen": 0.8054499924182892, "missing": 0.0, "all": 0.16109000146389008, "macro": 0.1610899992287159}}, "elapsed": 112.52170372009277}
{"mode": "local", "seed": 0, "round": 10, "metrics": {"head": {"seen": 0.8188999891281128, "missing": 0.0, "all": 0.16377999782562255, "macro": 0.16377999931573867}, "cosine": {"seen": 0.8156499981880188, "missing": 0.0, "all": 0.1631300002336502, "macro": 0.16312999725341798}, "l2": {"seen": 0.8160999953746796, "missing": 0.0, "all": 0.16322000026702882, "macro": 0.16321999877691268}}, "elapsed": 124.80434703826904}
Files already downloaded and verified
Files already downloaded and verified
{"mode": "fedproto", "seed": 0, "round": 1, "metrics": {"head": {"seen": 0.6092500030994416, "missing": 0.0, "all": 0.1218500018119812, "macro": 0.1218500018119812}, "cosine": {"seen": 0.6394999921321869, "missing": 0.0, "all": 0.12790000066161156, "macro": 0.12790000289678574}, "l2": {"seen": 0.6279000043869019, "missing": 0.0, "all": 0.12557999938726425, "macro": 0.12557999938726425}}, "elapsed": 12.034531593322754}
{"mode": "fedproto", "seed": 0, "round": 2, "metrics": {"head": {"seen": 0.7018999874591827, "missing": 0.0, "all": 0.14038000106811524, "macro": 0.14037999883294106}, "cosine": {"seen": 0.6980499923229218, "missing": 0.0, "all": 0.13960999995470047, "macro": 0.1396100029349327}, "l2": {"seen": 0.7267000019550324, "missing": 0.0, "all": 0.1453399993479252, "macro": 0.1453400023281574}}, "elapsed": 25.80064296722412}
{"mode": "fedproto", "seed": 0, "round": 3, "metrics": {"head": {"seen": 0.7312999963760376, "missing": 0.0, "all": 0.14625999927520753, "macro": 0.14626000076532364}, "cosine": {"seen": 0.7537000000476837, "missing": 0.0, "all": 0.15074000284075736, "macro": 0.15073999986052514}, "l2": {"seen": 0.7616499960422516, "missing": 0.0, "all": 0.1523299992084503, "macro": 0.1523300029337406}}, "elapsed": 39.86433434486389}
{"mode": "fedproto", "seed": 0, "round": 4, "metrics": {"head": {"seen": 0.7499000012874604, "missing": 0.0, "all": 0.14998000115156174, "macro": 0.14997999891638755}, "cosine": {"seen": 0.7546500086784362, "missing": 0.0, "all": 0.15093000009655952, "macro": 0.15092999562621118}, "l2": {"seen": 0.7692999958992004, "missing": 0.0, "all": 0.15386000126600266, "macro": 0.1538599967956543}}, "elapsed": 54.004281759262085}
{"mode": "fedproto", "seed": 0, "round": 5, "metrics": {"head": {"seen": 0.790499997138977, "missing": 0.0, "all": 0.1581000007688999, "macro": 0.1580999992787838}, "cosine": {"seen": 0.7919499993324279, "missing": 0.0, "all": 0.15839000195264816, "macro": 0.15838999748229982}, "l2": {"seen": 0.7968500018119812, "missing": 0.0, "all": 0.15936999917030334, "macro": 0.15937000066041945}}, "elapsed": 67.98275327682495}
{"mode": "fedproto", "seed": 0, "round": 6, "metrics": {"head": {"seen": 0.7741500079631806, "missing": 0.0, "all": 0.15482999980449677, "macro": 0.154830002784729}, "cosine": {"seen": 0.7897500038146973, "missing": 0.0, "all": 0.1579499989748001, "macro": 0.15795000046491622}, "l2": {"seen": 0.7908999979496002, "missing": 0.0, "all": 0.15818000137805938, "macro": 0.15817999839782715}}, "elapsed": 81.82828164100647}
{"mode": "fedproto", "seed": 0, "round": 7, "metrics": {"head": {"seen": 0.8056500017642975, "missing": 0.0, "all": 0.1611299991607666, "macro": 0.16112999841570855}, "cosine": {"seen": 0.802350002527237, "missing": 0.0, "all": 0.16046999841928483, "macro": 0.16046999543905258}, "l2": {"seen": 0.8076500058174133, "missing": 0.0, "all": 0.16152999997138978, "macro": 0.1615300014615059}}, "elapsed": 95.82344579696655}
{"mode": "fedproto", "seed": 0, "round": 8, "metrics": {"head": {"seen": 0.8213499903678894, "missing": 0.0, "all": 0.16427000015974044, "macro": 0.16426999866962433}, "cosine": {"seen": 0.8186499953269959, "missing": 0.0, "all": 0.16372999995946885, "macro": 0.16373000144958497}, "l2": {"seen": 0.8198500037193298, "missing": 2.5000001187436283e-05, "all": 0.16398999840021133, "macro": 0.1639900028705597}}, "elapsed": 109.05416059494019}
{"mode": "fedproto", "seed": 0, "round": 9, "metrics": {"head": {"seen": 0.8054999947547913, "missing": 0.0, "all": 0.16109999790787696, "macro": 0.16110000237822533}, "cosine": {"seen": 0.8050999939441681, "missing": 0.0, "all": 0.1610200025141239, "macro": 0.1610199987888336}, "l2": {"seen": 0.8096000015735626, "missing": 1.2500000593718141e-05, "all": 0.16192999705672265, "macro": 0.161930001527071}}, "elapsed": 122.27222967147827}
{"mode": "fedproto", "seed": 0, "round": 10, "metrics": {"head": {"seen": 0.8259999930858613, "missing": 0.0, "all": 0.16519999951124192, "macro": 0.16520000100135804}, "cosine": {"seen": 0.8238499999046326, "missing": 0.0, "all": 0.1647700011730194, "macro": 0.1647699996829033}, "l2": {"seen": 0.8259499967098236, "missing": 3.7500001781154424e-05, "all": 0.1652199998497963, "macro": 0.1652200013399124}}, "elapsed": 135.537127494812}
Files already downloaded and verified
Files already downloaded and verified
{"mode": "fedgh", "seed": 0, "round": 1, "metrics": {"cosine": {"seen": 0.6394999921321869, "missing": 0.0, "all": 0.12790000066161156, "macro": 0.12790000289678574}, "l2": {"seen": 0.6279000043869019, "missing": 0.0, "all": 0.12557999938726425, "macro": 0.12557999938726425}, "local_head_pre_server": {"seen": 0.6092500030994416, "missing": 0.0, "all": 0.1218500018119812, "macro": 0.1218500018119812}, "global_head_post_server": {"seen": 0.6309999942779541, "missing": 0.0, "all": 0.12620000019669533, "macro": 0.12620000094175338}}, "elapsed": 16.004191875457764}
{"mode": "fedgh", "seed": 0, "round": 2, "metrics": {"cosine": {"seen": 0.6931500017642975, "missing": 0.0, "all": 0.13863000124692917, "macro": 0.13862999826669692}, "l2": {"seen": 0.7169500052928924, "missing": 0.0, "all": 0.14338999912142752, "macro": 0.1433900013566017}, "local_head_pre_server": {"seen": 0.660949993133545, "missing": 0.0, "all": 0.13218999952077864, "macro": 0.13218999952077864}, "global_head_post_server": {"seen": 0.5532999992370605, "missing": 0.0, "all": 0.1106600008904934, "macro": 0.11066000014543534}}, "elapsed": 32.233980655670166}
{"mode": "fedgh", "seed": 0, "round": 3, "metrics": {"cosine": {"seen": 0.7344000160694122, "missing": 0.0, "all": 0.14688000008463858, "macro": 0.14687999933958054}, "l2": {"seen": 0.7381999969482422, "missing": 0.0, "all": 0.1476400002837181, "macro": 0.14764000251889228}, "local_head_pre_server": {"seen": 0.6916000068187713, "missing": 0.0, "all": 0.1383199982345104, "macro": 0.13832000121474267}, "global_head_post_server": {"seen": 0.5960500061511993, "missing": 0.0, "all": 0.11920999959111214, "macro": 0.11921000182628631}}, "elapsed": 48.538331031799316}
{"mode": "fedgh", "seed": 0, "round": 4, "metrics": {"cosine": {"seen": 0.7611000001430511, "missing": 0.0, "all": 0.1522199995815754, "macro": 0.15221999883651732}, "l2": {"seen": 0.7726500034332275, "missing": 0.0, "all": 0.15452999919652938, "macro": 0.15452999994158745}, "local_head_pre_server": {"seen": 0.7169499874114991, "missing": 0.0, "all": 0.1433899998664856, "macro": 0.1433899998664856}, "global_head_post_server": {"seen": 0.6357000052928925, "missing": 0.0, "all": 0.12714000120759011, "macro": 0.12714000269770623}}, "elapsed": 65.1716239452362}
{"mode": "fedgh", "seed": 0, "round": 5, "metrics": {"cosine": {"seen": 0.793099993467331, "missing": 0.0, "all": 0.1586200013756752, "macro": 0.1586200028657913}, "l2": {"seen": 0.7925999939441681, "missing": 0.0, "all": 0.15851999968290328, "macro": 0.15851999893784524}, "local_head_pre_server": {"seen": 0.7590999960899353, "missing": 0.0, "all": 0.15182000026106834, "macro": 0.15182000100612641}, "global_head_post_server": {"seen": 0.6496500015258789, "missing": 0.0, "all": 0.12993000224232673, "macro": 0.12993000373244284}}, "elapsed": 81.69905805587769}
{"mode": "fedgh", "seed": 0, "round": 6, "metrics": {"cosine": {"seen": 0.7711000084877014, "missing": 0.0, "all": 0.15421999990940094, "macro": 0.154220000654459}, "l2": {"seen": 0.7725000083446503, "missing": 0.0, "all": 0.15450000017881393, "macro": 0.15449999943375586}, "local_head_pre_server": {"seen": 0.7452999889850617, "missing": 0.0, "all": 0.14906000047922136, "macro": 0.1490599989891052}, "global_head_post_server": {"seen": 0.6970499932765961, "missing": 0.0, "all": 0.13941000029444695, "macro": 0.13940999805927276}}, "elapsed": 98.2386634349823}
{"mode": "fedgh", "seed": 0, "round": 7, "metrics": {"cosine": {"seen": 0.7870000004768372, "missing": 0.0, "all": 0.15740000009536742, "macro": 0.15740000009536742}, "l2": {"seen": 0.7890500009059906, "missing": 0.0, "all": 0.15781000182032584, "macro": 0.1578100010752678}, "local_head_pre_server": {"seen": 0.7822999954223633, "missing": 0.0, "all": 0.15646000057458878, "macro": 0.15645999908447267}, "global_head_post_server": {"seen": 0.7199000060558319, "missing": 0.0, "all": 0.1439800001680851, "macro": 0.14397999867796898}}, "elapsed": 114.43223524093628}
{"mode": "fedgh", "seed": 0, "round": 8, "metrics": {"cosine": {"seen": 0.8027500033378601, "missing": 0.0, "all": 0.16054999977350234, "macro": 0.16054999828338623}, "l2": {"seen": 0.799650001525879, "missing": 0.0, "all": 0.15993000119924544, "macro": 0.15993000268936158}, "local_head_pre_server": {"seen": 0.8027500033378601, "missing": 0.0, "all": 0.16054999977350234, "macro": 0.16055000573396683}, "global_head_post_server": {"seen": 0.7295499980449677, "missing": 0.0, "all": 0.14591000154614447, "macro": 0.14590999931097032}}, "elapsed": 130.54932856559753}
{"mode": "fedgh", "seed": 0, "round": 9, "metrics": {"cosine": {"seen": 0.7902999997138977, "missing": 0.0, "all": 0.15806000232696532, "macro": 0.1580599993467331}, "l2": {"seen": 0.7951500058174134, "missing": 0.0, "all": 0.15902999937534332, "macro": 0.1590299978852272}, "local_head_pre_server": {"seen": 0.7680499970912933, "missing": 0.0, "all": 0.15360999926924707, "macro": 0.1536100000143051}, "global_head_post_server": {"seen": 0.7536000072956085, "missing": 0.0, "all": 0.1507199987769127, "macro": 0.15072000101208688}}, "elapsed": 146.9624571800232}
{"mode": "fedgh", "seed": 0, "round": 10, "metrics": {"cosine": {"seen": 0.7965999841690063, "missing": 0.0, "all": 0.15931999832391738, "macro": 0.1593199998140335}, "l2": {"seen": 0.7966499924659729, "missing": 0.0, "all": 0.15932999849319457, "macro": 0.15932999849319457}, "local_head_pre_server": {"seen": 0.7892000019550324, "missing": 0.0, "all": 0.1578400008380413, "macro": 0.1578399993479252}, "global_head_post_server": {"seen": 0.7741999983787536, "missing": 0.0, "all": 0.15483999773859977, "macro": 0.15483999624848366}}, "elapsed": 188.5446901321411}
[autodl] finished_at=2026-09-18T23:15:58+08:00
[autodl] exit_code=0
