[autodl] run_id=20260918-115058-h08a-online
[autodl] started_at=2026-09-18T11:51:03+08:00
test_nested_prefixes (test_anchor_count.AnchorCountTest.test_nested_prefixes) ... ok
test_rank_diagnostics_preserve_full_anchor_result (test_anchor_count.AnchorCountTest.test_rank_diagnostics_preserve_full_anchor_result) ... /home/wenchang/anaconda3/envs/python3.12-tk2-2.3/lib/python3.12/site-packages/torch/cuda/__init__.py:654: UserWarning: Can't initialize NVML
  warnings.warn("Can't initialize NVML")
ok
test_unmodified_upstream_two_rounds (test_baseline.BaselineTest.test_unmodified_upstream_two_rounds) ... ok
test_affine_mean_weighting_and_class_isolation (test_class_prototypes.ClassPrototypeTest.test_affine_mean_weighting_and_class_isolation) ... ok
test_client_isolation_and_diagnostic_rng (test_class_prototypes.ClassPrototypeTest.test_client_isolation_and_diagnostic_rng) ... ok
test_nullspace_freedom_and_local_rng (test_completion.CompletionTest.test_nullspace_freedom_and_local_rng) ... ok
test_affine_logits_equivalence (test_conditioning.ConditioningTest.test_affine_logits_equivalence) ... ok
test_seed0_historical_regeneration (test_cross_seed.CrossSeedTest.test_seed0_historical_regeneration) ... ok
test_seed12_exact_committed_provenance (test_cross_seed.CrossSeedTest.test_seed12_exact_committed_provenance) ... ok
test_seed_specific_disjoint_construction (test_cross_seed.CrossSeedTest.test_seed_specific_disjoint_construction) ... ok
test_known_metrics (test_data_metrics.DataMetricTests.test_known_metrics) ... ok
test_partition_disjoint_complete_and_reproducible (test_data_metrics.DataMetricTests.test_partition_disjoint_complete_and_reproducible) ... ok
test_direct_path_state_and_rng (test_direct_prototypes.DirectPrototypeTest.test_direct_path_state_and_rng) ... ok
test_hierarchical_weighting_sparse_classes_and_scale (test_direct_prototypes.DirectPrototypeTest.test_hierarchical_weighting_sparse_classes_and_scale) ... ok
test_probe_separable_and_side_effect_free (test_fedgh.FedGHTest.test_probe_separable_and_side_effect_free) ... ok
test_server_update_detach_broadcast_and_all_classes (test_fedgh.FedGHTest.test_server_update_detach_broadcast_and_all_classes) ... ok
test_denominator_and_detachment (test_h01c.H01CTests.test_denominator_and_detachment) ... ok
test_owner_cosine (test_h01c.H01CTests.test_owner_cosine) ... ok
test_same_tensor_direction_matches_direct_autograd (test_h01c.H01CTests.test_same_tensor_direction_matches_direct_autograd) ... ok
test_assignment_counts_support_disjoint_and_deterministic (test_heldout.HeldoutTest.test_assignment_counts_support_disjoint_and_deterministic) ... ok
test_basis_reconstruction_and_head_equivalence (test_helmert.HelmertTest.test_basis_reconstruction_and_head_equivalence) ... ok
test_known_null_energy (test_helmert.HelmertTest.test_known_null_energy) ... ok
test_exact_local_inputs_hierarchy_and_isolation (test_local_source.LocalSourceTest.test_exact_local_inputs_hierarchy_and_isolation) ... ok
test_missing_class_changes_gpc_loss_and_gradient_only (test_mechanism.MechanismTests.test_missing_class_changes_gpc_loss_and_gradient_only) ... ok
test_round_one_pairing_all_modes_and_grad_ratio (test_mechanism.MechanismTests.test_round_one_pairing_all_modes_and_grad_ratio) ... ok
test_sample_weighted_aggregation (test_mechanism.MechanismTests.test_sample_weighted_aggregation) ... ok
test_training_parity_with_unmodified_upstream (test_mechanism.MechanismTests.test_training_parity_with_unmodified_upstream) ... ok
test_validity_and_noncontiguous_labels (test_mechanism.MechanismTests.test_validity_and_noncontiguous_labels) ... ok
test_mask_and_frozen_backprop (test_online.OnlineTest.test_mask_and_frozen_backprop) ... ok
test_pure_bank_and_isolation (test_online.OnlineTest.test_pure_bank_and_isolation) ... ok
test_round_one_pairing_and_batches (test_online.OnlineTest.test_round_one_pairing_and_batches) ... ok
test_balanced_deterministic_disjoint (test_oracle.OracleTest.test_balanced_deterministic_disjoint) ... ok
test_oracle_state_rng_buffers_and_test_label_isolation (test_oracle.OracleTest.test_oracle_state_rng_buffers_and_test_label_isolation) ... ok
test_original_indices_counts_and_exclusion (test_owner_probe.OwnerProbeTest.test_original_indices_counts_and_exclusion) ... ok
test_owner_fit_state_and_test_label_isolation (test_owner_probe.OwnerProbeTest.test_owner_fit_state_and_test_label_isolation) ... ok
test_final_gradient_is_finite_and_side_effect_free (test_paired.PairedTest.test_final_gradient_is_finite_and_side_effect_free) ... ok
test_known_rotation_translation (test_paired.PairedTest.test_known_rotation_translation) ... ok
test_label_blind_selection_and_fit (test_paired.PairedTest.test_label_blind_selection_and_fit) ... ok
test_matched_500_fits_preserve_same_state (test_paired.PairedTest.test_matched_500_fits_preserve_same_state) ... ok
test_pair_breaking_preserves_multiset (test_paired.PairedTest.test_pair_breaking_preserves_multiset) ... ok
test_fixed_cast_and_probe_identity (test_precision.PrecisionTest.test_fixed_cast_and_probe_identity) ... ok
test_invertibility_reconstruction_logits_and_label_isolation (test_precondition.PreconditionTest.test_invertibility_reconstruction_logits_and_label_isolation) ... ok
test_column_permutation_preserves_each_sample (test_relation.RelationTest.test_column_permutation_preserves_each_sample) ... ok
test_orthogonal_translation_invariance (test_relation.RelationTest.test_orthogonal_translation_invariance) ... ok

----------------------------------------------------------------------
Ran 44 tests in 1.536s

OK
/home/wenchang/anaconda3/envs/python3.12-tk2-2.3/lib/python3.12/site-packages/torch/cuda/__init__.py:654: UserWarning: Can't initialize NVML
  warnings.warn("Can't initialize NVML")
Files already downloaded and verified
Files already downloaded and verified
{"mode": "pprtp_all_lag1", "seed": 0, "round": 1, "metrics": {"cosine": {"seen": 0.6325000107288361, "missing": 0.11837500035762787, "all": 0.22119999825954437, "macro": 0.22119999676942825}, "l2": {"seen": 0.6129999935626984, "missing": 0.14624999985098838, "all": 0.23959999829530715, "macro": 0.23959999829530715}, "local_head_pre_server": {"seen": 0.503999999165535, "missing": 0.0, "all": 0.10080000013113022, "macro": 0.1008000023663044}, "global_head_post_server": {"seen": 0.4425000011920929, "missing": 0.01212499972898513, "all": 0.09819999933242798, "macro": 0.09819999933242798}}, "elapsed": 1.3925471305847168}
{"mode": "pprtp_all_lag1", "seed": 0, "round": 2, "metrics": {"cosine": {"seen": 0.6360000014305115, "missing": 0.00012499999720603228, "all": 0.12730000019073487, "macro": 0.12729999646544457}, "l2": {"seen": 0.6224999964237213, "missing": 0.0004999999888241291, "all": 0.12490000054240227, "macro": 0.12490000277757644}, "local_head_pre_server": {"seen": 0.5294999957084656, "missing": 0.0, "all": 0.10590000078082085, "macro": 0.10589999929070473}, "global_head_post_server": {"seen": 0.529499989748001, "missing": 0.0, "all": 0.10590000078082085, "macro": 0.10589999854564666}}, "elapsed": 15.6687912940979}
{"mode": "pprtp_all_lag1", "seed": 0, "round": 3, "metrics": {"cosine": {"seen": 0.6065000057220459, "missing": 0.0, "all": 0.12129999995231629, "macro": 0.12129999920725823}, "l2": {"seen": 0.5750000059604645, "missing": 0.0, "all": 0.11500000208616257, "macro": 0.11500000059604645}, "local_head_pre_server": {"seen": 0.5339999973773957, "missing": 0.0, "all": 0.10680000111460686, "macro": 0.10679999738931656}, "global_head_post_server": {"seen": 0.534999993443489, "missing": 0.0, "all": 0.10700000002980233, "macro": 0.10700000002980233}}, "elapsed": 33.878207206726074}
{"mode": "pprtp_all_lag1", "seed": 0, "round": 4, "metrics": {"cosine": {"seen": 0.5520000010728836, "missing": 0.0, "all": 0.11040000095963479, "macro": 0.11040000095963479}, "l2": {"seen": 0.5525000065565109, "missing": 0.0, "all": 0.11049999967217446, "macro": 0.11050000041723251}, "local_head_pre_server": {"seen": 0.5185000002384186, "missing": 0.0, "all": 0.10370000079274178, "macro": 0.10370000079274178}, "global_head_post_server": {"seen": 0.5075000017881394, "missing": 0.0, "all": 0.1015000008046627, "macro": 0.10150000005960465}}, "elapsed": 48.77606987953186}
{"mode": "pprtp_all_lag1", "seed": 0, "round": 5, "metrics": {"cosine": {"seen": 0.5309999972581864, "missing": 0.0, "all": 0.10619999915361404, "macro": 0.10620000064373017}, "l2": {"seen": 0.5830000013113021, "missing": 0.0, "all": 0.11659999936819077, "macro": 0.11660000011324882}, "local_head_pre_server": {"seen": 0.5064999997615814, "missing": 0.0, "all": 0.10130000114440918, "macro": 0.10129999965429307}, "global_head_post_server": {"seen": 0.527999997138977, "missing": 0.0, "all": 0.10560000017285347, "macro": 0.10559999942779541}}, "elapsed": 65.24481201171875}
{"mode": "pprtp_all_lag1", "seed": 0, "round": 6, "metrics": {"cosine": {"seen": 0.543999993801117, "missing": 0.0, "all": 0.10879999995231629, "macro": 0.10879999920725822}, "l2": {"seen": 0.5859999924898147, "missing": 0.0, "all": 0.1171999990940094, "macro": 0.1171999990940094}, "local_head_pre_server": {"seen": 0.5295000016689301, "missing": 0.0, "all": 0.1059000015258789, "macro": 0.10590000227093696}, "global_head_post_server": {"seen": 0.5389999985694885, "missing": 0.0, "all": 0.10780000165104867, "macro": 0.10779999941587448}}, "elapsed": 78.75910663604736}
{"mode": "pprtp_all_lag1", "seed": 0, "round": 7, "metrics": {"cosine": {"seen": 0.5414999961853028, "missing": 0.0, "all": 0.10830000042915344, "macro": 0.10829999893903733}, "l2": {"seen": 0.589000004529953, "missing": 0.0, "all": 0.11780000105500221, "macro": 0.11780000105500221}, "local_head_pre_server": {"seen": 0.5305000007152557, "missing": 0.0, "all": 0.10610000118613243, "macro": 0.10609999895095826}, "global_head_post_server": {"seen": 0.5225000023841858, "missing": 0.0, "all": 0.10450000092387199, "macro": 0.10450000241398812}}, "elapsed": 91.15623641014099}
{"mode": "pprtp_all_lag1", "seed": 0, "round": 8, "metrics": {"cosine": {"seen": 0.5720000028610229, "missing": 0.0, "all": 0.1143999993801117, "macro": 0.11440000087022781}, "l2": {"seen": 0.6139999955892563, "missing": 0.0, "all": 0.12280000075697899, "macro": 0.12280000001192093}, "local_head_pre_server": {"seen": 0.5920000016689301, "missing": 0.0, "all": 0.11840000078082084, "macro": 0.11840000301599503}, "global_head_post_server": {"seen": 0.52049999833107, "missing": 0.0, "all": 0.10410000085830688, "macro": 0.10410000085830688}}, "elapsed": 103.03316926956177}
{"mode": "pprtp_all_lag1", "seed": 0, "round": 9, "metrics": {"cosine": {"seen": 0.5685000002384186, "missing": 0.0, "all": 0.11370000094175339, "macro": 0.11370000094175339}, "l2": {"seen": 0.5979999989271164, "missing": 0.0, "all": 0.11960000023245812, "macro": 0.11959999874234199}, "local_head_pre_server": {"seen": 0.5490000009536743, "missing": 0.0, "all": 0.10980000123381614, "macro": 0.10980000048875808}, "global_head_post_server": {"seen": 0.5055000007152557, "missing": 0.0, "all": 0.10110000148415565, "macro": 0.10110000148415565}}, "elapsed": 116.01792693138123}
{"mode": "pprtp_all_lag1", "seed": 0, "round": 10, "metrics": {"cosine": {"seen": 0.5314999938011169, "missing": 0.0, "all": 0.10630000159144401, "macro": 0.1063000001013279}, "l2": {"seen": 0.5604999959468842, "missing": 0.0, "all": 0.11210000067949295, "macro": 0.11210000142455101}, "local_head_pre_server": {"seen": 0.6129999995231629, "missing": 0.0, "all": 0.12260000184178352, "macro": 0.1226000003516674}, "global_head_post_server": {"seen": 0.5, "missing": 0.0, "all": 0.10000000149011612, "macro": 0.10000000149011612}}, "elapsed": 129.02014660835266}
Files already downloaded and verified
Files already downloaded and verified
{"mode": "pprtp_seen_lag1", "seed": 0, "round": 1, "metrics": {"cosine": {"seen": 0.6325000107288361, "missing": 0.11837500035762787, "all": 0.22119999825954437, "macro": 0.22119999676942825}, "l2": {"seen": 0.6129999935626984, "missing": 0.14624999985098838, "all": 0.23959999829530715, "macro": 0.23959999829530715}, "local_head_pre_server": {"seen": 0.503999999165535, "missing": 0.0, "all": 0.10080000013113022, "macro": 0.1008000023663044}, "global_head_post_server": {"seen": 0.4425000011920929, "missing": 0.01212499972898513, "all": 0.09819999933242798, "macro": 0.09819999933242798}}, "elapsed": 0.9960322380065918}
{"mode": "pprtp_seen_lag1", "seed": 0, "round": 2, "metrics": {"cosine": {"seen": 0.6350000023841857, "missing": 0.00012499999720603228, "all": 0.12710000053048134, "macro": 0.12709999606013297}, "l2": {"seen": 0.6224999964237213, "missing": 0.0004999999888241291, "all": 0.12490000054240227, "macro": 0.12490000277757644}, "local_head_pre_server": {"seen": 0.5284999966621399, "missing": 0.0, "all": 0.10570000112056732, "macro": 0.10569999888539314}, "global_head_post_server": {"seen": 0.529499989748001, "missing": 0.0, "all": 0.1059000015258789, "macro": 0.10589999854564666}}, "elapsed": 15.130687952041626}
{"mode": "pprtp_seen_lag1", "seed": 0, "round": 3, "metrics": {"cosine": {"seen": 0.6055000066757202, "missing": 0.0, "all": 0.12110000178217888, "macro": 0.12109999880194663}, "l2": {"seen": 0.5740000069141388, "missing": 0.0, "all": 0.11480000168085099, "macro": 0.11480000019073486}, "local_head_pre_server": {"seen": 0.5324999958276748, "missing": 0.0, "all": 0.10650000050663948, "macro": 0.10649999752640724}, "global_head_post_server": {"seen": 0.5344999939203262, "missing": 0.0, "all": 0.10690000131726266, "macro": 0.10689999982714653}}, "elapsed": 34.504464626312256}
{"mode": "pprtp_seen_lag1", "seed": 0, "round": 4, "metrics": {"cosine": {"seen": 0.5515000015497208, "missing": 0.0, "all": 0.11030000075697899, "macro": 0.11030000075697899}, "l2": {"seen": 0.5535000056028366, "missing": 0.0, "all": 0.11070000007748604, "macro": 0.1107000008225441}, "local_head_pre_server": {"seen": 0.5185000002384186, "missing": 0.0, "all": 0.10370000079274178, "macro": 0.10370000079274178}, "global_head_post_server": {"seen": 0.5059999972581863, "missing": 0.0, "all": 0.10120000094175338, "macro": 0.10120000094175338}}, "elapsed": 49.82988381385803}
{"mode": "pprtp_seen_lag1", "seed": 0, "round": 5, "metrics": {"cosine": {"seen": 0.5299999982118606, "missing": 0.0, "all": 0.10600000023841857, "macro": 0.10600000023841857}, "l2": {"seen": 0.5830000013113021, "missing": 0.0, "all": 0.11659999936819077, "macro": 0.11660000160336495}, "local_head_pre_server": {"seen": 0.5055000007152557, "missing": 0.0, "all": 0.1011000007390976, "macro": 0.10109999999403954}, "global_head_post_server": {"seen": 0.527999997138977, "missing": 0.0, "all": 0.10560000017285347, "macro": 0.10559999942779541}}, "elapsed": 66.758469581604}
{"mode": "pprtp_seen_lag1", "seed": 0, "round": 6, "metrics": {"cosine": {"seen": 0.5424999952316284, "missing": 0.0, "all": 0.10850000083446502, "macro": 0.10850000008940697}, "l2": {"seen": 0.5869999945163726, "missing": 0.0, "all": 0.11740000024437905, "macro": 0.11740000024437905}, "local_head_pre_server": {"seen": 0.5305000007152557, "missing": 0.0, "all": 0.10610000193119049, "macro": 0.10610000118613243}, "global_head_post_server": {"seen": 0.5389999985694885, "missing": 0.0, "all": 0.10780000165104867, "macro": 0.10780000016093254}}, "elapsed": 80.32219576835632}
{"mode": "pprtp_seen_lag1", "seed": 0, "round": 7, "metrics": {"cosine": {"seen": 0.5424999952316284, "missing": 0.0, "all": 0.10850000083446502, "macro": 0.10849999859929085}, "l2": {"seen": 0.589000004529953, "missing": 0.0, "all": 0.11780000105500221, "macro": 0.11780000105500221}, "local_head_pre_server": {"seen": 0.5305000007152557, "missing": 0.0, "all": 0.10610000118613243, "macro": 0.10609999895095826}, "global_head_post_server": {"seen": 0.5230000019073486, "missing": 0.0, "all": 0.10460000112652779, "macro": 0.10460000112652779}}, "elapsed": 93.47566294670105}
{"mode": "pprtp_seen_lag1", "seed": 0, "round": 8, "metrics": {"cosine": {"seen": 0.5714999973773957, "missing": 0.0, "all": 0.11429999992251397, "macro": 0.11430000066757202}, "l2": {"seen": 0.6129999905824661, "missing": 0.0, "all": 0.1226000003516674, "macro": 0.12259999960660935}, "local_head_pre_server": {"seen": 0.5930000007152557, "missing": 0.0, "all": 0.11860000118613243, "macro": 0.11860000267624855}, "global_head_post_server": {"seen": 0.5209999978542328, "missing": 0.0, "all": 0.10420000106096268, "macro": 0.10420000106096268}}, "elapsed": 105.68759441375732}
{"mode": "pprtp_seen_lag1", "seed": 0, "round": 9, "metrics": {"cosine": {"seen": 0.5680000007152557, "missing": 0.0, "all": 0.11360000148415565, "macro": 0.11359999999403954}, "l2": {"seen": 0.5994999974966049, "missing": 0.0, "all": 0.11989999935030937, "macro": 0.11989999935030937}, "local_head_pre_server": {"seen": 0.5485000014305115, "missing": 0.0, "all": 0.10970000103116036, "macro": 0.10970000103116036}, "global_head_post_server": {"seen": 0.5055000007152557, "missing": 0.0, "all": 0.10110000148415565, "macro": 0.10110000148415565}}, "elapsed": 118.43521761894226}
{"mode": "pprtp_seen_lag1", "seed": 0, "round": 10, "metrics": {"cosine": {"seen": 0.5314999938011169, "missing": 0.0, "all": 0.10630000159144401, "macro": 0.1063000001013279}, "l2": {"seen": 0.5604999959468842, "missing": 0.0, "all": 0.11210000067949295, "macro": 0.11210000142455101}, "local_head_pre_server": {"seen": 0.6120000004768371, "missing": 0.0, "all": 0.12240000218153, "macro": 0.12240000143647194}, "global_head_post_server": {"seen": 0.5, "missing": 0.0, "all": 0.10000000149011612, "macro": 0.10000000149011612}}, "elapsed": 131.62500834465027}
[autodl] finished_at=2026-09-18T11:56:03+08:00
[autodl] exit_code=0
