[autodl] run_id=20260917-000651-h01b-seed0
[autodl] started_at=2026-09-17T00:06:56+08:00
test_unmodified_upstream_two_rounds (test_baseline.BaselineTest.test_unmodified_upstream_two_rounds) ... ok
test_known_metrics (test_data_metrics.DataMetricTests.test_known_metrics) ... ok
test_partition_disjoint_complete_and_reproducible (test_data_metrics.DataMetricTests.test_partition_disjoint_complete_and_reproducible) ... ok
test_missing_class_changes_gpc_loss_and_gradient_only (test_mechanism.MechanismTests.test_missing_class_changes_gpc_loss_and_gradient_only) ... ok
test_round_one_pairing_all_modes_and_grad_ratio (test_mechanism.MechanismTests.test_round_one_pairing_all_modes_and_grad_ratio) ... ok
test_sample_weighted_aggregation (test_mechanism.MechanismTests.test_sample_weighted_aggregation) ... ok
test_training_parity_with_unmodified_upstream (test_mechanism.MechanismTests.test_training_parity_with_unmodified_upstream) ... ok
test_validity_and_noncontiguous_labels (test_mechanism.MechanismTests.test_validity_and_noncontiguous_labels) ... ok

----------------------------------------------------------------------
Ran 8 tests in 0.762s

OK
/home/wenchang/anaconda3/envs/python3.12-tk2-2.3/lib/python3.12/site-packages/torch/cuda/__init__.py:654: UserWarning: Can't initialize NVML
  warnings.warn("Can't initialize NVML")
Files already downloaded and verified
Files already downloaded and verified
{"mode": "local", "seed": 0, "round": 1, "metrics": {"head": {"seen": 0.503999999165535, "missing": 0.0, "all": 0.10080000013113022, "macro": 0.1008000023663044}, "cosine": {"seen": 0.6325000107288361, "missing": 0.11837500035762787, "all": 0.22119999825954437, "macro": 0.22119999676942825}, "l2": {"seen": 0.6129999935626984, "missing": 0.14624999985098838, "all": 0.23959999829530715, "macro": 0.23959999829530715}}, "elapsed": 1.378438949584961}
{"mode": "local", "seed": 0, "round": 2, "metrics": {"head": {"seen": 0.5314999997615815, "missing": 0.0, "all": 0.1063000001013279, "macro": 0.1063000001013279}, "cosine": {"seen": 0.636000007390976, "missing": 0.0, "all": 0.12720000073313714, "macro": 0.1271999955177307}, "l2": {"seen": 0.6044999957084656, "missing": 0.00024999999441206456, "all": 0.1210999995470047, "macro": 0.1210999995470047}}, "elapsed": 1.9984350204467773}
{"mode": "local", "seed": 0, "round": 3, "metrics": {"head": {"seen": 0.534500002861023, "missing": 0.0, "all": 0.10690000057220458, "macro": 0.10689999982714653}, "cosine": {"seen": 0.603000009059906, "missing": 0.0, "all": 0.12060000002384186, "macro": 0.12060000002384186}, "l2": {"seen": 0.5564999997615814, "missing": 0.0, "all": 0.11130000054836273, "macro": 0.11129999905824661}}, "elapsed": 2.7174441814422607}
{"mode": "local", "seed": 0, "round": 4, "metrics": {"head": {"seen": 0.5069999933242798, "missing": 0.0, "all": 0.10140000134706498, "macro": 0.10139999911189079}, "cosine": {"seen": 0.5655000001192093, "missing": 0.0, "all": 0.11310000047087669, "macro": 0.11310000121593475}, "l2": {"seen": 0.5625, "missing": 0.0, "all": 0.11250000074505806, "macro": 0.11249999925494195}}, "elapsed": 3.3255558013916016}
{"mode": "local", "seed": 0, "round": 5, "metrics": {"head": {"seen": 0.5254999995231628, "missing": 0.0, "all": 0.10510000064969063, "macro": 0.10509999990463256}, "cosine": {"seen": 0.5664999902248382, "missing": 0.0, "all": 0.11330000013113022, "macro": 0.11329999938607216}, "l2": {"seen": 0.6034999936819077, "missing": 0.0, "all": 0.12070000022649766, "macro": 0.12070000320672988}}, "elapsed": 3.954676866531372}
{"mode": "local", "seed": 0, "round": 6, "metrics": {"head": {"seen": 0.5375, "missing": 0.0, "all": 0.10750000178813934, "macro": 0.10749999955296516}, "cosine": {"seen": 0.5389999985694885, "missing": 0.0, "all": 0.10780000165104867, "macro": 0.1077999971807003}, "l2": {"seen": 0.6054999947547912, "missing": 0.0, "all": 0.1210999995470047, "macro": 0.1210999995470047}}, "elapsed": 4.737146377563477}
{"mode": "local", "seed": 0, "round": 7, "metrics": {"head": {"seen": 0.5400000035762786, "missing": 0.0, "all": 0.10800000056624412, "macro": 0.107999999076128}, "cosine": {"seen": 0.5660000026226044, "missing": 0.0, "all": 0.11319999918341636, "macro": 0.11320000067353249}, "l2": {"seen": 0.6175000011920929, "missing": 0.0, "all": 0.12350000143051147, "macro": 0.12350000068545341}}, "elapsed": 5.654924154281616}
{"mode": "local", "seed": 0, "round": 8, "metrics": {"head": {"seen": 0.5839999973773956, "missing": 0.0, "all": 0.11680000126361847, "macro": 0.11680000126361847}, "cosine": {"seen": 0.5720000028610229, "missing": 0.0, "all": 0.11440000087022781, "macro": 0.11440000087022781}, "l2": {"seen": 0.6349999964237213, "missing": 0.0, "all": 0.12699999958276748, "macro": 0.12700000107288362}}, "elapsed": 6.572206258773804}
{"mode": "local", "seed": 0, "round": 9, "metrics": {"head": {"seen": 0.5474999964237213, "missing": 0.0, "all": 0.10950000137090683, "macro": 0.1094999998807907}, "cosine": {"seen": 0.598499995470047, "missing": 0.0, "all": 0.1197000004351139, "macro": 0.11969999894499779}, "l2": {"seen": 0.6380000054836273, "missing": 0.0, "all": 0.1276000000536442, "macro": 0.12760000079870223}}, "elapsed": 7.262556314468384}
{"mode": "local", "seed": 0, "round": 10, "metrics": {"head": {"seen": 0.6114999949932098, "missing": 0.0, "all": 0.12230000048875808, "macro": 0.12229999974370002}, "cosine": {"seen": 0.5920000016689301, "missing": 0.0, "all": 0.11839999929070473, "macro": 0.11839999929070473}, "l2": {"seen": 0.6369999945163727, "missing": 0.0, "all": 0.12740000039339067, "macro": 0.1273999974131584}}, "elapsed": 7.961017847061157}
Files already downloaded and verified
Files already downloaded and verified
{"mode": "fedproto", "seed": 0, "round": 1, "metrics": {"head": {"seen": 0.503999999165535, "missing": 0.0, "all": 0.10080000013113022, "macro": 0.1008000023663044}, "cosine": {"seen": 0.6325000107288361, "missing": 0.11837500035762787, "all": 0.22119999825954437, "macro": 0.22119999676942825}, "l2": {"seen": 0.6129999935626984, "missing": 0.14624999985098838, "all": 0.23959999829530715, "macro": 0.23959999829530715}}, "elapsed": 0.5870931148529053}
{"mode": "fedproto", "seed": 0, "round": 2, "metrics": {"head": {"seen": 0.5314999997615815, "missing": 0.0, "all": 0.1063000001013279, "macro": 0.1063000001013279}, "cosine": {"seen": 0.6365000069141388, "missing": 0.0, "all": 0.12730000019073487, "macro": 0.12729999646544457}, "l2": {"seen": 0.6084999978542328, "missing": 0.00024999999441206456, "all": 0.12190000042319298, "macro": 0.12190000042319298}}, "elapsed": 1.2558014392852783}
{"mode": "fedproto", "seed": 0, "round": 3, "metrics": {"head": {"seen": 0.5360000014305115, "missing": 0.0, "all": 0.10720000118017196, "macro": 0.10719999969005585}, "cosine": {"seen": 0.6040000081062317, "missing": 0.0, "all": 0.12080000042915344, "macro": 0.1208000011742115}, "l2": {"seen": 0.5585000038146972, "missing": 0.0, "all": 0.1117000013589859, "macro": 0.11170000210404396}}, "elapsed": 1.888446569442749}
{"mode": "fedproto", "seed": 0, "round": 4, "metrics": {"head": {"seen": 0.5069999992847443, "missing": 0.0, "all": 0.1014000006020069, "macro": 0.10139999836683274}, "cosine": {"seen": 0.5655000001192093, "missing": 0.0, "all": 0.11309999898076058, "macro": 0.11309999898076058}, "l2": {"seen": 0.5639999985694886, "missing": 0.0, "all": 0.11280000060796738, "macro": 0.11279999986290931}}, "elapsed": 2.5185842514038086}
{"mode": "fedproto", "seed": 0, "round": 5, "metrics": {"head": {"seen": 0.5229999959468842, "missing": 0.0, "all": 0.10460000038146973, "macro": 0.10459999963641167}, "cosine": {"seen": 0.5754999876022339, "missing": 0.0, "all": 0.11510000228881836, "macro": 0.11509999856352807}, "l2": {"seen": 0.6034999907016754, "missing": 0.0, "all": 0.12069999948143958, "macro": 0.12070000395178795}}, "elapsed": 3.1506614685058594}
{"mode": "fedproto", "seed": 0, "round": 6, "metrics": {"head": {"seen": 0.5405000030994416, "missing": 0.0, "all": 0.10810000225901603, "macro": 0.10810000151395797}, "cosine": {"seen": 0.5439999997615814, "missing": 0.0, "all": 0.1088000014424324, "macro": 0.10880000069737435}, "l2": {"seen": 0.6069999992847442, "missing": 0.0, "all": 0.12140000090003014, "macro": 0.12140000015497207}}, "elapsed": 3.782702684402466}
{"mode": "fedproto", "seed": 0, "round": 7, "metrics": {"head": {"seen": 0.54549999833107, "missing": 0.0, "all": 0.10910000130534173, "macro": 0.10909999832510948}, "cosine": {"seen": 0.560999995470047, "missing": 0.0, "all": 0.11220000088214874, "macro": 0.11220000013709068}, "l2": {"seen": 0.6245000064373016, "missing": 0.0, "all": 0.12490000128746033, "macro": 0.12490000203251839}}, "elapsed": 4.414746046066284}
{"mode": "fedproto", "seed": 0, "round": 8, "metrics": {"head": {"seen": 0.5879999995231628, "missing": 0.0, "all": 0.11759999990463257, "macro": 0.1175999991595745}, "cosine": {"seen": 0.5834999978542328, "missing": 0.0, "all": 0.11670000031590462, "macro": 0.11670000106096268}, "l2": {"seen": 0.6355000078678131, "missing": 0.0, "all": 0.12710000053048134, "macro": 0.12709999904036523}}, "elapsed": 5.0459935665130615}
{"mode": "fedproto", "seed": 0, "round": 9, "metrics": {"head": {"seen": 0.5479999959468842, "missing": 0.0, "all": 0.10960000157356262, "macro": 0.10959999933838845}, "cosine": {"seen": 0.588999992609024, "missing": 0.0, "all": 0.11780000030994416, "macro": 0.11779999807476997}, "l2": {"seen": 0.6370000064373016, "missing": 0.0, "all": 0.1274000011384487, "macro": 0.1274000033736229}}, "elapsed": 5.67652153968811}
{"mode": "fedproto", "seed": 0, "round": 10, "metrics": {"head": {"seen": 0.6089999973773956, "missing": 0.0, "all": 0.12180000022053719, "macro": 0.12180000022053719}, "cosine": {"seen": 0.6060000121593475, "missing": 0.0, "all": 0.12120000049471855, "macro": 0.12119999900460243}, "l2": {"seen": 0.6534999966621399, "missing": 0.0, "all": 0.1306999996304512, "macro": 0.1306999996304512}}, "elapsed": 6.318410396575928}
Files already downloaded and verified
Files already downloaded and verified
{"mode": "gpc", "seed": 0, "round": 1, "metrics": {"head": {"seen": 0.503999999165535, "missing": 0.0, "all": 0.10080000013113022, "macro": 0.1008000023663044}, "cosine": {"seen": 0.6325000107288361, "missing": 0.11837500035762787, "all": 0.22119999825954437, "macro": 0.22119999676942825}, "l2": {"seen": 0.6129999935626984, "missing": 0.14624999985098838, "all": 0.23959999829530715, "macro": 0.23959999829530715}}, "elapsed": 0.5729422569274902}
{"mode": "gpc", "seed": 0, "round": 2, "metrics": {"head": {"seen": 0.5289999961853027, "missing": 0.0, "all": 0.10579999983310699, "macro": 0.10579999983310699}, "cosine": {"seen": 0.6115000009536743, "missing": 0.0, "all": 0.12229999899864197, "macro": 0.12229999899864197}, "l2": {"seen": 0.600000011920929, "missing": 0.0, "all": 0.12000000104308128, "macro": 0.12000000104308128}}, "elapsed": 1.4513685703277588}
{"mode": "gpc", "seed": 0, "round": 3, "metrics": {"head": {"seen": 0.5519999921321869, "missing": 0.0, "all": 0.11040000021457672, "macro": 0.11040000021457672}, "cosine": {"seen": 0.6225000083446502, "missing": 0.0, "all": 0.12450000047683715, "macro": 0.12450000047683715}, "l2": {"seen": 0.622000002861023, "missing": 0.0, "all": 0.12440000101923943, "macro": 0.12440000027418137}}, "elapsed": 2.159698724746704}
{"mode": "gpc", "seed": 0, "round": 4, "metrics": {"head": {"seen": 0.5245000004768372, "missing": 0.0, "all": 0.10490000024437904, "macro": 0.10490000024437904}, "cosine": {"seen": 0.5969999849796295, "missing": 0.0, "all": 0.11940000131726265, "macro": 0.11939999759197235}, "l2": {"seen": 0.6114999949932098, "missing": 0.0, "all": 0.12229999899864197, "macro": 0.12230000048875808}}, "elapsed": 2.864686965942383}
{"mode": "gpc", "seed": 0, "round": 5, "metrics": {"head": {"seen": 0.5239999949932098, "missing": 0.0, "all": 0.10480000004172325, "macro": 0.10480000004172325}, "cosine": {"seen": 0.5855000019073486, "missing": 0.0, "all": 0.11709999963641167, "macro": 0.11710000187158584}, "l2": {"seen": 0.6260000050067902, "missing": 0.0, "all": 0.1252000018954277, "macro": 0.1252000018954277}}, "elapsed": 3.704254627227783}
{"mode": "gpc", "seed": 0, "round": 6, "metrics": {"head": {"seen": 0.5585000038146972, "missing": 0.0, "all": 0.1117000013589859, "macro": 0.11170000061392785}, "cosine": {"seen": 0.5939999997615815, "missing": 0.0, "all": 0.11880000084638595, "macro": 0.11879999712109565}, "l2": {"seen": 0.6354999959468841, "missing": 0.0, "all": 0.12709999978542327, "macro": 0.1271000012755394}}, "elapsed": 4.4634599685668945}
{"mode": "gpc", "seed": 0, "round": 7, "metrics": {"head": {"seen": 0.5614999949932098, "missing": 0.0, "all": 0.11230000033974648, "macro": 0.11229999959468842}, "cosine": {"seen": 0.6354999899864197, "missing": 0.0, "all": 0.12710000276565553, "macro": 0.12709999829530716}, "l2": {"seen": 0.6504999995231628, "missing": 0.0, "all": 0.13010000064969063, "macro": 0.13010000213980674}}, "elapsed": 5.2068328857421875}
{"mode": "gpc", "seed": 0, "round": 8, "metrics": {"head": {"seen": 0.5915000021457673, "missing": 0.0, "all": 0.11830000057816506, "macro": 0.11830000206828117}, "cosine": {"seen": 0.6189999938011169, "missing": 0.0, "all": 0.12379999905824661, "macro": 0.1238000012934208}, "l2": {"seen": 0.6495000004768372, "missing": 0.0, "all": 0.12990000024437903, "macro": 0.12990000024437903}}, "elapsed": 6.019228219985962}
{"mode": "gpc", "seed": 0, "round": 9, "metrics": {"head": {"seen": 0.5805000007152558, "missing": 0.0, "all": 0.11610000059008599, "macro": 0.11610000282526016}, "cosine": {"seen": 0.6264999985694886, "missing": 0.0, "all": 0.12530000060796737, "macro": 0.12530000284314155}, "l2": {"seen": 0.6525000095367431, "missing": 0.0, "all": 0.1305000014603138, "macro": 0.1305000029504299}}, "elapsed": 6.796028137207031}
{"mode": "gpc", "seed": 0, "round": 10, "metrics": {"head": {"seen": 0.6209999978542328, "missing": 0.0, "all": 0.12420000061392784, "macro": 0.12420000210404396}, "cosine": {"seen": 0.6439999938011169, "missing": 0.0, "all": 0.12880000174045564, "macro": 0.12880000099539757}, "l2": {"seen": 0.6564999938011169, "missing": 0.0, "all": 0.13129999935626985, "macro": 0.13129999712109566}}, "elapsed": 7.613722324371338}
[autodl] finished_at=2026-09-17T00:07:38+08:00
[autodl] exit_code=0
