[autodl] run_id=20260919-070015-h13b-mixed-seeds12
[autodl] started_at=2026-09-19T07:00:19+08:00
test_nested_prefixes (test_anchor_count.AnchorCountTest.test_nested_prefixes) ... ok
test_rank_diagnostics_preserve_full_anchor_result (test_anchor_count.AnchorCountTest.test_rank_diagnostics_preserve_full_anchor_result) ... /home/wenchang/anaconda3/envs/python3.12-tk2-2.3/lib/python3.12/site-packages/torch/cuda/__init__.py:654: UserWarning: Can't initialize NVML
  warnings.warn("Can't initialize NVML")
ok
test_unmodified_upstream_two_rounds (test_baseline.BaselineTest.test_unmodified_upstream_two_rounds) ... ok
test_invariance_and_exact_assembly (test_centered.CenteredTest.test_invariance_and_exact_assembly) ... ok
test_metrics_histograms_and_all100_rows (test_cifar100.Cifar100Test.test_metrics_histograms_and_all100_rows) ... ok
test_ownership_label_blind_reservation_and_full_coverage (test_cifar100.Cifar100Test.test_ownership_label_blind_reservation_and_full_coverage) ... ok
test_three_arm_100class_entrypoint (test_cifar100.Cifar100Test.test_three_arm_100class_entrypoint) ... ok
test_three_readouts_100class_isolation_and_label_independence (test_cifar100.Cifar100Test.test_three_readouts_100class_isolation_and_label_independence) ... ok
test_training_seeds_keep_h12a_split_and_change_initialization (test_cifar100.Cifar100Test.test_training_seeds_keep_h12a_split_and_change_initialization) ... ok
test_affine_mean_weighting_and_class_isolation (test_class_prototypes.ClassPrototypeTest.test_affine_mean_weighting_and_class_isolation) ... ok
test_client_isolation_and_diagnostic_rng (test_class_prototypes.ClassPrototypeTest.test_client_isolation_and_diagnostic_rng) ... ok
test_nullspace_freedom_and_local_rng (test_completion.CompletionTest.test_nullspace_freedom_and_local_rng) ... ok
test_affine_logits_equivalence (test_conditioning.ConditioningTest.test_affine_logits_equivalence) ... ok
test_seed0_historical_regeneration (test_cross_seed.CrossSeedTest.test_seed0_historical_regeneration) ... ok
test_seed12_exact_committed_provenance (test_cross_seed.CrossSeedTest.test_seed12_exact_committed_provenance) ... ok
test_seed_specific_disjoint_construction (test_cross_seed.CrossSeedTest.test_seed_specific_disjoint_construction) ... ok
test_known_metrics (test_data_metrics.DataMetricTests.test_known_metrics) ... ok
test_partition_disjoint_complete_and_reproducible (test_data_metrics.DataMetricTests.test_partition_disjoint_complete_and_reproducible) ... ok
test_direct_path_state_and_rng (test_direct_prototypes.DirectPrototypeTest.test_direct_path_state_and_rng) ... ok
test_hierarchical_weighting_sparse_classes_and_scale (test_direct_prototypes.DirectPrototypeTest.test_hierarchical_weighting_sparse_classes_and_scale) ... ok
test_capture_reference_isolation_and_label_independence (test_dual_space.DualSpaceTest.test_capture_reference_isolation_and_label_independence) ... ok
test_exact_score_columns (test_dual_space.DualSpaceTest.test_exact_score_columns) ... ok
test_probe_separable_and_side_effect_free (test_fedgh.FedGHTest.test_probe_separable_and_side_effect_free) ... ok
test_server_update_detach_broadcast_and_all_classes (test_fedgh.FedGHTest.test_server_update_detach_broadcast_and_all_classes) ... ok
test_partition_full_coverage_and_frozen_ownership (test_full_data.FullDataTest.test_partition_full_coverage_and_frozen_ownership) ... ok
test_readout_isolation_counts_and_anchor_label_blindness (test_full_data.FullDataTest.test_readout_isolation_counts_and_anchor_label_blindness) ... ok
test_seed_generalization_and_exact_h11a_split (test_full_data.FullDataTest.test_seed_generalization_and_exact_h11a_split) ... ok
test_step_receipt_and_optional_histograms_do_not_change_metrics (test_full_data.FullDataTest.test_step_receipt_and_optional_histograms_do_not_change_metrics) ... ok
test_three_arm_entrypoint_and_final_readouts (test_full_data.FullDataTest.test_three_arm_entrypoint_and_final_readouts) ... ok
test_legacy_permutations_exact_multisets_and_isolation (test_full_pair.FullPairTest.test_legacy_permutations_exact_multisets_and_isolation) ... ok
test_isolation_label_perturbation_and_reference (test_group_refine.GroupRefineTest.test_isolation_label_perturbation_and_reference) ... ok
test_routing_and_arbitrary_missing_correctness (test_group_refine.GroupRefineTest.test_routing_and_arbitrary_missing_correctness) ... ok
test_denominator_and_detachment (test_h01c.H01CTests.test_denominator_and_detachment) ... ok
test_owner_cosine (test_h01c.H01CTests.test_owner_cosine) ... ok
test_same_tensor_direction_matches_direct_autograd (test_h01c.H01CTests.test_same_tensor_direction_matches_direct_autograd) ... ok
test_assignment_counts_support_disjoint_and_deterministic (test_heldout.HeldoutTest.test_assignment_counts_support_disjoint_and_deterministic) ... ok
test_basis_reconstruction_and_head_equivalence (test_helmert.HelmertTest.test_basis_reconstruction_and_head_equivalence) ... ok
test_known_null_energy (test_helmert.HelmertTest.test_known_null_energy) ... ok
test_exact_local_inputs_hierarchy_and_isolation (test_local_source.LocalSourceTest.test_exact_local_inputs_hierarchy_and_isolation) ... ok
test_missing_class_changes_gpc_loss_and_gradient_only (test_mechanism.MechanismTests.test_missing_class_changes_gpc_loss_and_gradient_only) ... ok
test_round_one_pairing_all_modes_and_grad_ratio (test_mechanism.MechanismTests.test_round_one_pairing_all_modes_and_grad_ratio) ... ok
test_sample_weighted_aggregation (test_mechanism.MechanismTests.test_sample_weighted_aggregation) ... ok
test_training_parity_with_unmodified_upstream (test_mechanism.MechanismTests.test_training_parity_with_unmodified_upstream) ... ok
test_validity_and_noncontiguous_labels (test_mechanism.MechanismTests.test_validity_and_noncontiguous_labels) ... ok
test_deterministic_construction_shapes_and_batchnorm_isolation (test_mixed_backbone.MixedBackboneTest.test_deterministic_construction_shapes_and_batchnorm_isolation) ... ok
test_mixed_three_arm_entrypoint_and_readout_isolation (test_mixed_backbone.MixedBackboneTest.test_mixed_three_arm_entrypoint_and_readout_isolation) ... ok
test_seed_replication_initialization_and_actual_batch_orders (test_mixed_backbone.MixedBackboneTest.test_seed_replication_initialization_and_actual_batch_orders) ... ok
test_mask_and_frozen_backprop (test_online.OnlineTest.test_mask_and_frozen_backprop) ... ok
test_pure_bank_and_isolation (test_online.OnlineTest.test_pure_bank_and_isolation) ... ok
test_round_one_pairing_and_batches (test_online.OnlineTest.test_round_one_pairing_and_batches) ... ok
test_balanced_deterministic_disjoint (test_oracle.OracleTest.test_balanced_deterministic_disjoint) ... ok
test_oracle_state_rng_buffers_and_test_label_isolation (test_oracle.OracleTest.test_oracle_state_rng_buffers_and_test_label_isolation) ... ok
test_original_indices_counts_and_exclusion (test_owner_probe.OwnerProbeTest.test_original_indices_counts_and_exclusion) ... ok
test_owner_fit_state_and_test_label_isolation (test_owner_probe.OwnerProbeTest.test_owner_fit_state_and_test_label_isolation) ... ok
test_final_gradient_is_finite_and_side_effect_free (test_paired.PairedTest.test_final_gradient_is_finite_and_side_effect_free) ... ok
test_known_rotation_translation (test_paired.PairedTest.test_known_rotation_translation) ... ok
test_label_blind_selection_and_fit (test_paired.PairedTest.test_label_blind_selection_and_fit) ... ok
test_matched_500_fits_preserve_same_state (test_paired.PairedTest.test_matched_500_fits_preserve_same_state) ... ok
test_pair_breaking_preserves_multiset (test_paired.PairedTest.test_pair_breaking_preserves_multiset) ... ok
test_fixed_cast_and_probe_identity (test_precision.PrecisionTest.test_fixed_cast_and_probe_identity) ... ok
test_invertibility_reconstruction_logits_and_label_isolation (test_precondition.PreconditionTest.test_invertibility_reconstruction_logits_and_label_isolation) ... ok
test_column_permutation_preserves_each_sample (test_relation.RelationTest.test_column_permutation_preserves_each_sample) ... ok
test_orthogonal_translation_invariance (test_relation.RelationTest.test_orthogonal_translation_invariance) ... ok
test_eligible_prediction_and_rejection (test_router.RouterTest.test_eligible_prediction_and_rejection) ... ok
test_loo_and_order_statistic (test_router.RouterTest.test_loo_and_order_statistic) ... ok
test_train_only_isolation_and_label_perturbation (test_router.RouterTest.test_train_only_isolation_and_label_perturbation) ... ok

----------------------------------------------------------------------
Ran 66 tests in 62.158s

OK
/home/wenchang/anaconda3/envs/python3.12-tk2-2.3/lib/python3.12/site-packages/torch/cuda/__init__.py:654: UserWarning: Can't initialize NVML
  warnings.warn("Can't initialize NVML")
Files already downloaded and verified
Files already downloaded and verified
{"mode": "local", "seed": 1, "round": 1, "metrics": {"head": {"seen": 0.18814999982714653, "missing": 0.0, "all": 0.03763000015169382, "macro": 0.03763000005856156}, "cosine": {"seen": 0.15684999972581865, "missing": 0.00040000000299187375, "all": 0.03168999971821904, "macro": 0.0316900004632771}, "l2": {"seen": 0.15595000125467778, "missing": 0.0003499999991618097, "all": 0.03147000018507242, "macro": 0.0314700004644692}}, "elapsed": 27.438112258911133}
{"mode": "local", "seed": 1, "round": 2, "metrics": {"head": {"seen": 0.243599995970726, "missing": 0.0, "all": 0.04871999938040972, "macro": 0.04872000124305487}, "cosine": {"seen": 0.1864500015974045, "missing": 0.0004625000030500814, "all": 0.03766000028699636, "macro": 0.03766000047326088}, "l2": {"seen": 0.18735000267624854, "missing": 0.0005499999970197678, "all": 0.0379100002348423, "macro": 0.037909998930990695}}, "elapsed": 52.423768520355225}
{"mode": "local", "seed": 1, "round": 3, "metrics": {"head": {"seen": 0.2954500004649162, "missing": 0.0, "all": 0.05908999945968389, "macro": 0.05908999834209681}, "cosine": {"seen": 0.24005000218749045, "missing": 0.0003000000069732778, "all": 0.048250000923871994, "macro": 0.0482499985024333}, "l2": {"seen": 0.24460000023245812, "missing": 0.0004625000030500814, "all": 0.04929000027477741, "macro": 0.04928999990224838}}, "elapsed": 77.49224948883057}
{"mode": "local", "seed": 1, "round": 4, "metrics": {"head": {"seen": 0.3034500002861023, "missing": 0.0, "all": 0.06069000065326691, "macro": 0.060690001025795935}, "cosine": {"seen": 0.2651500016450882, "missing": 0.00023750000837026165, "all": 0.05321999974548817, "macro": 0.0532200001180172}, "l2": {"seen": 0.27209999710321425, "missing": 0.0003625000041211024, "all": 0.054710000194609164, "macro": 0.05471000056713819}}, "elapsed": 102.58492159843445}
{"mode": "local", "seed": 1, "round": 5, "metrics": {"head": {"seen": 0.33929999768733976, "missing": 0.0, "all": 0.06786000020802022, "macro": 0.06785999909043312}, "cosine": {"seen": 0.2955500021576881, "missing": 0.00013750000216532498, "all": 0.05922000035643578, "macro": 0.059220001101493835}, "l2": {"seen": 0.30059999972581863, "missing": 0.0002750000057858415, "all": 0.06034000106155872, "macro": 0.06033999957144261}}, "elapsed": 127.4873697757721}
{"mode": "local", "seed": 1, "round": 6, "metrics": {"head": {"seen": 0.3373000010848045, "missing": 0.0, "all": 0.06746000070124865, "macro": 0.06745999939739704}, "cosine": {"seen": 0.3100500002503395, "missing": 0.0002125000028172508, "all": 0.06218000017106533, "macro": 0.062179998680949214}, "l2": {"seen": 0.31504999846220016, "missing": 0.0002500000045984052, "all": 0.06321000009775161, "macro": 0.06320999898016452}}, "elapsed": 153.92482805252075}
{"mode": "local", "seed": 1, "round": 7, "metrics": {"head": {"seen": 0.3660499960184097, "missing": 0.0, "all": 0.07320999950170518, "macro": 0.07320999912917614}, "cosine": {"seen": 0.31479999870061875, "missing": 0.00015000000275904312, "all": 0.06308000013232232, "macro": 0.06307999901473522}, "l2": {"seen": 0.32319999635219576, "missing": 0.00017500000249128788, "all": 0.0647800013422966, "macro": 0.06477999947965145}}, "elapsed": 180.25470399856567}
{"mode": "local", "seed": 1, "round": 8, "metrics": {"head": {"seen": 0.3696500062942505, "missing": 0.0, "all": 0.07393000051379203, "macro": 0.07393000051379203}, "cosine": {"seen": 0.31965000182390213, "missing": 0.00011250000388827175, "all": 0.06402000002562999, "macro": 0.06402000114321708}, "l2": {"seen": 0.3245500013232231, "missing": 0.00018750000454019754, "all": 0.0650600004941225, "macro": 0.06506000012159348}}, "elapsed": 206.74162912368774}
{"mode": "local", "seed": 1, "round": 9, "metrics": {"head": {"seen": 0.3771499991416931, "missing": 0.0, "all": 0.07543000020086765, "macro": 0.0754299994558096}, "cosine": {"seen": 0.33349999934434893, "missing": 7.500000356230885e-05, "all": 0.06676000021398068, "macro": 0.06676000021398068}, "l2": {"seen": 0.3407499998807907, "missing": 8.750000415602699e-05, "all": 0.06822000034153461, "macro": 0.06821999959647655}}, "elapsed": 230.58862400054932}
{"mode": "local", "seed": 1, "round": 10, "metrics": {"head": {"seen": 0.39099999964237214, "missing": 0.0, "all": 0.07819999977946282, "macro": 0.07820000201463699}, "cosine": {"seen": 0.34484999626874924, "missing": 3.7500001781154424e-05, "all": 0.06900000050663949, "macro": 0.06900000087916851}, "l2": {"seen": 0.35080000162124636, "missing": 6.250000151339919e-05, "all": 0.07020999975502491, "macro": 0.070210000872612}}, "elapsed": 255.15855884552002}
Files already downloaded and verified
Files already downloaded and verified
{"mode": "fedproto", "seed": 1, "round": 1, "metrics": {"head": {"seen": 0.18814999982714653, "missing": 0.0, "all": 0.03763000015169382, "macro": 0.03763000005856156}, "cosine": {"seen": 0.15684999972581865, "missing": 0.00040000000299187375, "all": 0.03168999971821904, "macro": 0.0316900004632771}, "l2": {"seen": 0.15595000125467778, "missing": 0.0003499999991618097, "all": 0.03147000018507242, "macro": 0.0314700004644692}}, "elapsed": 25.55013370513916}
{"mode": "fedproto", "seed": 1, "round": 2, "metrics": {"head": {"seen": 0.264649997651577, "missing": 0.0, "all": 0.05293000098317861, "macro": 0.05293000005185604}, "cosine": {"seen": 0.2040000006556511, "missing": 0.0002749999985098839, "all": 0.041019999794662, "macro": 0.04101999960839749}, "l2": {"seen": 0.2086999997496605, "missing": 0.00025000000605359676, "all": 0.04193999953567982, "macro": 0.04194000046700239}}, "elapsed": 53.96166682243347}
{"mode": "fedproto", "seed": 1, "round": 3, "metrics": {"head": {"seen": 0.3105500012636185, "missing": 0.0, "all": 0.06211000084877014, "macro": 0.06210999935865402}, "cosine": {"seen": 0.26630000174045565, "missing": 3.7500001781154424e-05, "all": 0.0532899996265769, "macro": 0.05329000111669302}, "l2": {"seen": 0.27490000128746034, "missing": 5.0000002374872565e-05, "all": 0.05502000041306019, "macro": 0.055019999668002126}}, "elapsed": 81.90763092041016}
{"mode": "fedproto", "seed": 1, "round": 4, "metrics": {"head": {"seen": 0.3186499997973442, "missing": 0.0, "all": 0.06372999958693981, "macro": 0.06372999958693981}, "cosine": {"seen": 0.2865999981760979, "missing": 3.7500001781154424e-05, "all": 0.05735000111162662, "macro": 0.057350002229213715}, "l2": {"seen": 0.294200000166893, "missing": 2.5000001187436283e-05, "all": 0.05886000096797943, "macro": 0.0588600005954504}}, "elapsed": 109.72449111938477}
{"mode": "fedproto", "seed": 1, "round": 5, "metrics": {"head": {"seen": 0.33804999887943266, "missing": 0.0, "all": 0.06760999970138074, "macro": 0.06761000044643879}, "cosine": {"seen": 0.3113999977707863, "missing": 7.50000006519258e-05, "all": 0.06233999952673912, "macro": 0.06234000027179718}, "l2": {"seen": 0.3184000000357628, "missing": 6.250000151339919e-05, "all": 0.06372999884188175, "macro": 0.06372999958693981}}, "elapsed": 137.45543479919434}
{"mode": "fedproto", "seed": 1, "round": 6, "metrics": {"head": {"seen": 0.35295000225305556, "missing": 0.0, "all": 0.07059000059962273, "macro": 0.07058999724686146}, "cosine": {"seen": 0.32775000035762786, "missing": 5.0000002374872565e-05, "all": 0.06558999978005886, "macro": 0.0655900001525879}, "l2": {"seen": 0.3328500002622604, "missing": 2.5000001187436283e-05, "all": 0.06658999919891358, "macro": 0.0665899995714426}}, "elapsed": 163.582750082016}
{"mode": "fedproto", "seed": 1, "round": 7, "metrics": {"head": {"seen": 0.3793999969959259, "missing": 0.0, "all": 0.07587999925017357, "macro": 0.07587999925017357}, "cosine": {"seen": 0.3443499982357025, "missing": 1.2500000593718141e-05, "all": 0.06888000033795834, "macro": 0.06888000033795834}, "l2": {"seen": 0.3489500045776367, "missing": 2.5000001187436283e-05, "all": 0.06981000006198883, "macro": 0.06981000304222107}}, "elapsed": 191.50996613502502}
{"mode": "fedproto", "seed": 1, "round": 8, "metrics": {"head": {"seen": 0.3752000033855438, "missing": 0.0, "all": 0.07503999918699264, "macro": 0.07503999806940556}, "cosine": {"seen": 0.33919999599456785, "missing": 0.0, "all": 0.06783999986946583, "macro": 0.06783999986946583}, "l2": {"seen": 0.34294999539852145, "missing": 1.2500000593718141e-05, "all": 0.06859999969601631, "macro": 0.06859999932348729}}, "elapsed": 219.44176721572876}
{"mode": "fedproto", "seed": 1, "round": 9, "metrics": {"head": {"seen": 0.38504999577999116, "missing": 0.0, "all": 0.07701000049710274, "macro": 0.07700999975204467}, "cosine": {"seen": 0.3501000002026558, "missing": 0.0, "all": 0.07002000026404857, "macro": 0.07002000063657761}, "l2": {"seen": 0.3556499987840652, "missing": 0.0, "all": 0.07112999893724918, "macro": 0.07113000042736531}}, "elapsed": 247.3661139011383}
{"mode": "fedproto", "seed": 1, "round": 10, "metrics": {"head": {"seen": 0.39375, "missing": 0.0, "all": 0.07875000089406967, "macro": 0.07874999940395355}, "cosine": {"seen": 0.35764999985694884, "missing": 1.2500000593718141e-05, "all": 0.07154000028967858, "macro": 0.07154000028967858}, "l2": {"seen": 0.3614000052213669, "missing": 1.2500000593718141e-05, "all": 0.07228999957442284, "macro": 0.07229000106453895}}, "elapsed": 275.28959345817566}
Files already downloaded and verified
Files already downloaded and verified
{"mode": "fedgh", "seed": 1, "round": 1, "metrics": {"cosine": {"seen": 0.15684999972581865, "missing": 0.00040000000299187375, "all": 0.03168999971821904, "macro": 0.0316900004632771}, "l2": {"seen": 0.15595000125467778, "missing": 0.0003499999991618097, "all": 0.03147000018507242, "macro": 0.0314700004644692}, "local_head_pre_server": {"seen": 0.18814999982714653, "missing": 0.0, "all": 0.03763000015169382, "macro": 0.03763000005856156}, "global_head_post_server": {"seen": 0.034699999797157946, "missing": 0.006325000058859586, "all": 0.012000000104308128, "macro": 0.011999999824911355}}, "elapsed": 32.06188678741455}
{"mode": "fedgh", "seed": 1, "round": 2, "metrics": {"cosine": {"seen": 0.19150000140070916, "missing": 0.000187500000174623, "all": 0.03845000006258488, "macro": 0.03845000043511391}, "l2": {"seen": 0.19234999716281892, "missing": 0.0002250000019557774, "all": 0.03865000018849969, "macro": 0.03865000093355775}, "local_head_pre_server": {"seen": 0.23334999941289425, "missing": 0.0, "all": 0.046669999696314336, "macro": 0.04667000025510788}, "global_head_post_server": {"seen": 0.10700000040233135, "missing": 0.004224999994039536, "all": 0.024779999814927577, "macro": 0.024779999814927577}}, "elapsed": 63.52292323112488}
{"mode": "fedgh", "seed": 1, "round": 3, "metrics": {"cosine": {"seen": 0.24679999947547912, "missing": 0.00013750000216532498, "all": 0.0494700001552701, "macro": 0.04946999903768301}, "l2": {"seen": 0.24585000276565552, "missing": 0.0003125000046566129, "all": 0.04942000042647123, "macro": 0.04942000079900026}, "local_head_pre_server": {"seen": 0.28055000156164167, "missing": 0.0, "all": 0.05611000042408705, "macro": 0.056109998188912866}, "global_head_post_server": {"seen": 0.18749999962747096, "missing": 0.0030749999918043614, "all": 0.0399600001052022, "macro": 0.0399600001052022}}, "elapsed": 94.98604774475098}
{"mode": "fedgh", "seed": 1, "round": 4, "metrics": {"cosine": {"seen": 0.2792499989271164, "missing": 7.500000356230885e-05, "all": 0.05590999983251095, "macro": 0.05590999871492386}, "l2": {"seen": 0.28044999986886976, "missing": 0.0002375000054598786, "all": 0.056280000135302544, "macro": 0.056279999762773515}, "local_head_pre_server": {"seen": 0.29325000047683714, "missing": 0.0, "all": 0.05865000020712614, "macro": 0.05864999946206808}, "global_head_post_server": {"seen": 0.2424499999731779, "missing": 0.0016250000102445484, "all": 0.04978999942541122, "macro": 0.04978999998420477}}, "elapsed": 126.80808234214783}
{"mode": "fedgh", "seed": 1, "round": 5, "metrics": {"cosine": {"seen": 0.29430000185966493, "missing": 0.00010000000474974513, "all": 0.05893999934196472, "macro": 0.05893999896943569}, "l2": {"seen": 0.2966000005602837, "missing": 0.00018750000890577212, "all": 0.059470000490546224, "macro": 0.05946999900043011}, "local_head_pre_server": {"seen": 0.31980000287294386, "missing": 0.0, "all": 0.06395999975502491, "macro": 0.06395999938249589}, "global_head_post_server": {"seen": 0.2681500006467104, "missing": 0.0005750000011175871, "all": 0.054090000502765176, "macro": 0.05408999975770712}}, "elapsed": 158.75461959838867}
{"mode": "fedgh", "seed": 1, "round": 6, "metrics": {"cosine": {"seen": 0.31039999723434447, "missing": 3.7500001781154424e-05, "all": 0.062110000476241115, "macro": 0.06210999973118305}, "l2": {"seen": 0.31384999454021456, "missing": 0.00018750000454019754, "all": 0.06292000040411949, "macro": 0.06292000077664853}, "local_head_pre_server": {"seen": 0.3109499983489513, "missing": 0.0, "all": 0.06218999959528446, "macro": 0.062189999222755435}, "global_head_post_server": {"seen": 0.27074999623000623, "missing": 0.00021249999408610166, "all": 0.05432000011205673, "macro": 0.05431999769061804}}, "elapsed": 188.99314761161804}
{"mode": "fedgh", "seed": 1, "round": 7, "metrics": {"cosine": {"seen": 0.32660000026226044, "missing": 8.749999979045242e-05, "all": 0.06539000011980534, "macro": 0.06539000049233437}, "l2": {"seen": 0.32970000207424166, "missing": 0.0001250000044819899, "all": 0.06603999882936477, "macro": 0.06603999733924866}, "local_head_pre_server": {"seen": 0.356750001013279, "missing": 0.0, "all": 0.07135000005364418, "macro": 0.0713500015437603}, "global_head_post_server": {"seen": 0.28644999898970125, "missing": 0.0001750000039464794, "all": 0.05742999985814094, "macro": 0.05742999967187643}}, "elapsed": 220.61288285255432}
{"mode": "fedgh", "seed": 1, "round": 8, "metrics": {"cosine": {"seen": 0.32505000233650205, "missing": 2.5000001187436283e-05, "all": 0.06503000035881996, "macro": 0.06502999886870384}, "l2": {"seen": 0.32984999716281893, "missing": 5.0000002374872565e-05, "all": 0.06601000130176544, "macro": 0.06600999869406224}, "local_head_pre_server": {"seen": 0.35850000381469727, "missing": 0.0, "all": 0.07170000001788139, "macro": 0.0717000026255846}, "global_head_post_server": {"seen": 0.2908500023186207, "missing": 3.7500001781154424e-05, "all": 0.058200000412762166, "macro": 0.058199999202042815}}, "elapsed": 251.52032566070557}
{"mode": "fedgh", "seed": 1, "round": 9, "metrics": {"cosine": {"seen": 0.32734999656677244, "missing": 2.5000001187436283e-05, "all": 0.06548999957740306, "macro": 0.06548999920487404}, "l2": {"seen": 0.3325999990105629, "missing": 8.750000270083547e-05, "all": 0.0665899995714426, "macro": 0.06659000068902969}, "local_head_pre_server": {"seen": 0.35239999890327456, "missing": 0.0, "all": 0.07047999985516071, "macro": 0.07047999948263169}, "global_head_post_server": {"seen": 0.3073999986052513, "missing": 0.0, "all": 0.06147999940440059, "macro": 0.06148000014945865}}, "elapsed": 283.05243253707886}
/home/wenchang/asdasdsad/wjq/PPRTP/releases/20260919-065917-h13b/pprtp/paired.py:43: UserWarning: torch.linalg.svd: During SVD computation with the selected cusolver driver, batches 0 failed to converge. A more accurate method will be used to compute the SVD as a fallback. Check doc at https://pytorch.org/docs/stable/generated/torch.linalg.svd.html (Triggered internally at ../aten/src/ATen/native/cuda/linalg/BatchLinearAlgebraLib.cpp:697.)
  u,s,vh=torch.linalg.svd(xc.T@yc,full_matrices=False)
{"mode": "fedgh", "seed": 1, "round": 10, "metrics": {"cosine": {"seen": 0.3436000034213066, "missing": 6.25000029685907e-05, "all": 0.0687699992209673, "macro": 0.06877000033855438}, "l2": {"seen": 0.34649999886751176, "missing": 5.0000002374872565e-05, "all": 0.06933999955654144, "macro": 0.06934000067412853}, "local_head_pre_server": {"seen": 0.36549999490380286, "missing": 0.0, "all": 0.07310000136494636, "macro": 0.07309999987483025}, "global_head_post_server": {"seen": 0.3059000037610531, "missing": 3.7500001781154424e-05, "all": 0.06120999902486801, "macro": 0.06120999753475189}}, "elapsed": 485.99683260917664}
Files already downloaded and verified
Files already downloaded and verified
{"mode": "local", "seed": 2, "round": 1, "metrics": {"head": {"seen": 0.175950001552701, "missing": 0.0, "all": 0.03519000001251697, "macro": 0.03518999870866537}, "cosine": {"seen": 0.15625000037252904, "missing": 0.0003625000012107193, "all": 0.03154000006616116, "macro": 0.0315399986691773}, "l2": {"seen": 0.15099999941885472, "missing": 0.0002875000049243681, "all": 0.030429999623447657, "macro": 0.03043000092729926}}, "elapsed": 28.64354181289673}
{"mode": "local", "seed": 2, "round": 2, "metrics": {"head": {"seen": 0.25715000182390213, "missing": 0.0, "all": 0.051429999992251396, "macro": 0.05142999961972237}, "cosine": {"seen": 0.1877000004053116, "missing": 0.0007375000219326467, "all": 0.03812999986112118, "macro": 0.03812999874353409}, "l2": {"seen": 0.19259999990463256, "missing": 0.0011000000056810677, "all": 0.03940000031143427, "macro": 0.03940000049769878}}, "elapsed": 55.86788892745972}
{"mode": "local", "seed": 2, "round": 3, "metrics": {"head": {"seen": 0.29050000160932543, "missing": 0.0, "all": 0.05809999965131283, "macro": 0.05810000132769346}, "cosine": {"seen": 0.2474000036716461, "missing": 0.00045000000682193786, "all": 0.04983999915421009, "macro": 0.04983999971300364}, "l2": {"seen": 0.24924999922513963, "missing": 0.0005499999882886186, "all": 0.050289999879896644, "macro": 0.0502900006249547}}, "elapsed": 83.23130345344543}
{"mode": "local", "seed": 2, "round": 4, "metrics": {"head": {"seen": 0.3165000006556511, "missing": 0.0, "all": 0.06329999975860119, "macro": 0.06329999975860119}, "cosine": {"seen": 0.2757999986410141, "missing": 0.00032500000088475645, "all": 0.05541999973356724, "macro": 0.055419998988509175}, "l2": {"seen": 0.2822000026702881, "missing": 0.0004000000044470653, "all": 0.056759999692440034, "macro": 0.05675999857485294}}, "elapsed": 110.72497630119324}
{"mode": "local", "seed": 2, "round": 5, "metrics": {"head": {"seen": 0.32730000019073485, "missing": 0.0, "all": 0.06546000018715858, "macro": 0.06545999981462955}, "cosine": {"seen": 0.29379999786615374, "missing": 0.00028750000637955964, "all": 0.058990000560879705, "macro": 0.058990000188350676}, "l2": {"seen": 0.30015000104904177, "missing": 0.00037500000180443747, "all": 0.060330001264810564, "macro": 0.06033000014722347}}, "elapsed": 137.96096324920654}
{"mode": "local", "seed": 2, "round": 6, "metrics": {"head": {"seen": 0.34570000171661375, "missing": 0.0, "all": 0.06913999952375889, "macro": 0.06913999691605568}, "cosine": {"seen": 0.3072999998927116, "missing": 0.000187500000174623, "all": 0.06160999909043312, "macro": 0.061609997600317004}, "l2": {"seen": 0.313850000500679, "missing": 0.0001999999993131496, "all": 0.06293000020086766, "macro": 0.06292999982833862}}, "elapsed": 165.3160538673401}
{"mode": "local", "seed": 2, "round": 7, "metrics": {"head": {"seen": 0.3595000058412552, "missing": 0.0, "all": 0.07190000005066395, "macro": 0.07190000116825104}, "cosine": {"seen": 0.31915000081062317, "missing": 0.00013750000507570804, "all": 0.06394000053405761, "macro": 0.06394000016152859}, "l2": {"seen": 0.3251499980688095, "missing": 0.0002125000042724423, "all": 0.06519999913871288, "macro": 0.06520000025629998}}, "elapsed": 192.6022880077362}
{"mode": "local", "seed": 2, "round": 8, "metrics": {"head": {"seen": 0.3713000029325485, "missing": 0.0, "all": 0.07426000013947487, "macro": 0.07426000013947487}, "cosine": {"seen": 0.32834999859333036, "missing": 0.00013750000507570804, "all": 0.06578000001609326, "macro": 0.06578000076115131}, "l2": {"seen": 0.336599999666214, "missing": 0.00017500000103609636, "all": 0.06745999976992607, "macro": 0.06745999939739704}}, "elapsed": 219.68490314483643}
{"mode": "local", "seed": 2, "round": 9, "metrics": {"head": {"seen": 0.38575000166893003, "missing": 0.0, "all": 0.07715000063180924, "macro": 0.07715000063180924}, "cosine": {"seen": 0.3437999993562698, "missing": 0.00011250000534346327, "all": 0.06885000020265579, "macro": 0.06885000020265579}, "l2": {"seen": 0.3480999991297722, "missing": 0.0001250000044819899, "all": 0.0697199996560812, "macro": 0.06972000077366829}}, "elapsed": 247.0192904472351}
{"mode": "local", "seed": 2, "round": 10, "metrics": {"head": {"seen": 0.39644999504089357, "missing": 0.0, "all": 0.07929000034928321, "macro": 0.07928999811410904}, "cosine": {"seen": 0.346000000834465, "missing": 0.00010000000474974513, "all": 0.06928000040352345, "macro": 0.06927999891340733}, "l2": {"seen": 0.352400004863739, "missing": 0.00015000000275904312, "all": 0.07060000076889991, "macro": 0.07060000263154506}}, "elapsed": 274.3668911457062}
Files already downloaded and verified
Files already downloaded and verified
{"mode": "fedproto", "seed": 2, "round": 1, "metrics": {"head": {"seen": 0.175950001552701, "missing": 0.0, "all": 0.03519000001251697, "macro": 0.03518999870866537}, "cosine": {"seen": 0.15625000037252904, "missing": 0.0003625000012107193, "all": 0.03154000006616116, "macro": 0.0315399986691773}, "l2": {"seen": 0.15099999941885472, "missing": 0.0002875000049243681, "all": 0.030429999623447657, "macro": 0.03043000092729926}}, "elapsed": 28.19736123085022}
{"mode": "fedproto", "seed": 2, "round": 2, "metrics": {"head": {"seen": 0.28265000134706497, "missing": 0.0, "all": 0.05653000045567751, "macro": 0.056530000641942024}, "cosine": {"seen": 0.214549995213747, "missing": 8.750000415602699e-05, "all": 0.042980000469833614, "macro": 0.042980000283569096}, "l2": {"seen": 0.22459999993443489, "missing": 0.00010000000038417056, "all": 0.04500000048428774, "macro": 0.044999999552965166}}, "elapsed": 58.3597469329834}
{"mode": "fedproto", "seed": 2, "round": 3, "metrics": {"head": {"seen": 0.31094999611377716, "missing": 0.0, "all": 0.06218999996781349, "macro": 0.06218999959528446}, "cosine": {"seen": 0.2714000016450882, "missing": 2.5000001187436283e-05, "all": 0.05429999940097332, "macro": 0.05430000089108944}, "l2": {"seen": 0.28120000213384627, "missing": 2.5000001187436283e-05, "all": 0.05625999942421913, "macro": 0.05626000091433525}}, "elapsed": 88.628249168396}
{"mode": "fedproto", "seed": 2, "round": 4, "metrics": {"head": {"seen": 0.3360499978065491, "missing": 0.0, "all": 0.06721000075340271, "macro": 0.06720999889075756}, "cosine": {"seen": 0.3004499986767769, "missing": 2.5000001187436283e-05, "all": 0.06011000014841557, "macro": 0.060109999403357504}, "l2": {"seen": 0.30830000191926954, "missing": 2.5000001187436283e-05, "all": 0.06167999990284443, "macro": 0.06167999878525734}}, "elapsed": 118.829261302948}
{"mode": "fedproto", "seed": 2, "round": 5, "metrics": {"head": {"seen": 0.3444499999284744, "missing": 0.0, "all": 0.06889000050723552, "macro": 0.0688900001347065}, "cosine": {"seen": 0.32004999965429304, "missing": 3.7500001781154424e-05, "all": 0.06404000036418438, "macro": 0.06404000036418438}, "l2": {"seen": 0.32869999706745145, "missing": 3.7500001781154424e-05, "all": 0.06577000059187413, "macro": 0.06576999947428704}}, "elapsed": 148.9121448993683}
{"mode": "fedproto", "seed": 2, "round": 6, "metrics": {"head": {"seen": 0.36530000269412993, "missing": 0.0, "all": 0.0730600006878376, "macro": 0.07305999994277954}, "cosine": {"seen": 0.33209999948740004, "missing": 1.2500000593718141e-05, "all": 0.06643000096082688, "macro": 0.0664300013333559}, "l2": {"seen": 0.33979999721050264, "missing": 0.0, "all": 0.06795999966561794, "macro": 0.0679599978029728}}, "elapsed": 178.99516677856445}
{"mode": "fedproto", "seed": 2, "round": 7, "metrics": {"head": {"seen": 0.3757499992847443, "missing": 0.0, "all": 0.07515000067651272, "macro": 0.0751500003039837}, "cosine": {"seen": 0.3399500012397766, "missing": 0.0, "all": 0.06798999980092049, "macro": 0.06799000352621079}, "l2": {"seen": 0.347100006043911, "missing": 0.0, "all": 0.06941999979317189, "macro": 0.0694199975579977}}, "elapsed": 208.87677216529846}
{"mode": "fedproto", "seed": 2, "round": 8, "metrics": {"head": {"seen": 0.38454999923706057, "missing": 0.0, "all": 0.07690999954938889, "macro": 0.07691000141203404}, "cosine": {"seen": 0.35294999927282333, "missing": 1.2500000593718141e-05, "all": 0.07060000114142895, "macro": 0.07060000263154506}, "l2": {"seen": 0.35895000398159027, "missing": 1.2500000593718141e-05, "all": 0.07179999984800815, "macro": 0.07180000022053719}}, "elapsed": 239.04473447799683}
{"mode": "fedproto", "seed": 2, "round": 9, "metrics": {"head": {"seen": 0.3861999988555908, "missing": 0.0, "all": 0.07724000066518784, "macro": 0.07723999954760075}, "cosine": {"seen": 0.3544999971985817, "missing": 0.0, "all": 0.0709000002592802, "macro": 0.07089999802410603}, "l2": {"seen": 0.3629499986767769, "missing": 1.2500000593718141e-05, "all": 0.0726000003516674, "macro": 0.07259999737143516}}, "elapsed": 268.631441116333}
{"mode": "fedproto", "seed": 2, "round": 10, "metrics": {"head": {"seen": 0.41099999845027924, "missing": 0.0, "all": 0.08219999969005584, "macro": 0.08219999819993973}, "cosine": {"seen": 0.37024999856948854, "missing": 0.0, "all": 0.07405000030994416, "macro": 0.07404999956488609}, "l2": {"seen": 0.38184999823570254, "missing": 0.0, "all": 0.07637000009417534, "macro": 0.07636999897658825}}, "elapsed": 298.3946342468262}
Files already downloaded and verified
Files already downloaded and verified
{"mode": "fedgh", "seed": 2, "round": 1, "metrics": {"cosine": {"seen": 0.15625000037252904, "missing": 0.0003625000012107193, "all": 0.03154000006616116, "macro": 0.0315399986691773}, "l2": {"seen": 0.15099999941885472, "missing": 0.0002875000049243681, "all": 0.030429999623447657, "macro": 0.03043000092729926}, "local_head_pre_server": {"seen": 0.175950001552701, "missing": 0.0, "all": 0.03519000001251697, "macro": 0.03518999870866537}, "global_head_post_server": {"seen": 0.029400000063469635, "missing": 0.007062499970197677, "all": 0.011529999785125256, "macro": 0.011529999878257513}}, "elapsed": 33.653032302856445}
{"mode": "fedgh", "seed": 2, "round": 2, "metrics": {"cosine": {"seen": 0.19225000217556953, "missing": 0.00029999999678693713, "all": 0.03868999974802136, "macro": 0.03868999881669879}, "l2": {"seen": 0.19390000104904176, "missing": 0.0005500000086612999, "all": 0.03921999996528029, "macro": 0.039219999127089976}, "local_head_pre_server": {"seen": 0.23975000232458116, "missing": 0.0, "all": 0.04795000040903687, "macro": 0.04794999873265624}, "global_head_post_server": {"seen": 0.10685000121593476, "missing": 0.004512499924749136, "all": 0.024979999754577875, "macro": 0.024979999382048847}}, "elapsed": 66.68663883209229}
{"mode": "fedgh", "seed": 2, "round": 3, "metrics": {"cosine": {"seen": 0.24544999971985818, "missing": 0.00010000000183936208, "all": 0.04917000010609627, "macro": 0.04916999991983175}, "l2": {"seen": 0.24730000421404838, "missing": 0.00032500001252628864, "all": 0.049720000475645065, "macro": 0.04972000122070312}, "local_head_pre_server": {"seen": 0.2703999996185303, "missing": 0.0, "all": 0.054079999960958955, "macro": 0.054079999774694444}, "global_head_post_server": {"seen": 0.19399999640882015, "missing": 0.002812499972060323, "all": 0.041049999371171, "macro": 0.041049999371171}}, "elapsed": 99.18801665306091}
{"mode": "fedgh", "seed": 2, "round": 4, "metrics": {"cosine": {"seen": 0.2858499988913536, "missing": 0.00018750000454019754, "all": 0.05731999948620796, "macro": 0.05732000060379505}, "l2": {"seen": 0.2869000002741814, "missing": 0.0003000000069732778, "all": 0.05762000046670437, "macro": 0.057619998976588246}, "local_head_pre_server": {"seen": 0.2991000011563301, "missing": 0.0, "all": 0.05981999933719635, "macro": 0.05982000045478344}, "global_head_post_server": {"seen": 0.23929999954998493, "missing": 0.001362500013783574, "all": 0.048950000666081905, "macro": 0.0489499993622303}}, "elapsed": 132.4824936389923}
{"mode": "fedgh", "seed": 2, "round": 5, "metrics": {"cosine": {"seen": 0.30084999948740004, "missing": 0.00011250000243308022, "all": 0.06026000045239925, "macro": 0.06026000045239925}, "l2": {"seen": 0.300450000166893, "missing": 0.0002750000057858415, "all": 0.06031000055372715, "macro": 0.06031000018119812}, "local_head_pre_server": {"seen": 0.299499998986721, "missing": 0.0, "all": 0.05989999957382679, "macro": 0.05989999771118164}, "global_head_post_server": {"seen": 0.26120000146329403, "missing": 0.0005750000011175871, "all": 0.052700000628829, "macro": 0.05270000025629997}}, "elapsed": 165.8941822052002}
{"mode": "fedgh", "seed": 2, "round": 6, "metrics": {"cosine": {"seen": 0.3032000005245209, "missing": 6.250000151339919e-05, "all": 0.06069000028073788, "macro": 0.060690001025795935}, "l2": {"seen": 0.3042000010609627, "missing": 0.00016250000626314432, "all": 0.06096999943256378, "macro": 0.0609699971973896}, "local_head_pre_server": {"seen": 0.31904999613761903, "missing": 0.0, "all": 0.06380999814718961, "macro": 0.06381000075489282}, "global_head_post_server": {"seen": 0.2684500012546778, "missing": 8.750000270083547e-05, "all": 0.05375999994575977, "macro": 0.05376000143587589}}, "elapsed": 199.072340965271}
{"mode": "fedgh", "seed": 2, "round": 7, "metrics": {"cosine": {"seen": 0.3179499998688698, "missing": 7.500000356230885e-05, "all": 0.06364999935030938, "macro": 0.06364999935030938}, "l2": {"seen": 0.3203000009059906, "missing": 0.00011250000243308022, "all": 0.06415000036358834, "macro": 0.06415000185370445}, "local_head_pre_server": {"seen": 0.3447999954223633, "missing": 0.0, "all": 0.06895999982953072, "macro": 0.06895999871194362}, "global_head_post_server": {"seen": 0.2926000002771616, "missing": 1.2500000593718141e-05, "all": 0.058530000038444996, "macro": 0.05853000143542886}}, "elapsed": 231.69101476669312}
{"mode": "fedgh", "seed": 2, "round": 8, "metrics": {"cosine": {"seen": 0.33329999893903733, "missing": 6.25000029685907e-05, "all": 0.06670999974012375, "macro": 0.06670999974012375}, "l2": {"seen": 0.34020000100135805, "missing": 8.750000270083547e-05, "all": 0.06811000034213066, "macro": 0.06811000145971775}, "local_head_pre_server": {"seen": 0.35585000216960905, "missing": 0.0, "all": 0.07117000035941601, "macro": 0.0711700014770031}, "global_head_post_server": {"seen": 0.3025500014424324, "missing": 1.2500000593718141e-05, "all": 0.06052000038325787, "macro": 0.06051999954506755}}, "elapsed": 265.07237362861633}
{"mode": "fedgh", "seed": 2, "round": 9, "metrics": {"cosine": {"seen": 0.3407000005245209, "missing": 3.7500001781154424e-05, "all": 0.06817000024020672, "macro": 0.06817000061273575}, "l2": {"seen": 0.3449999988079071, "missing": 6.25000029685907e-05, "all": 0.06904999986290931, "macro": 0.06904999800026417}, "local_head_pre_server": {"seen": 0.3618499994277954, "missing": 0.0, "all": 0.07236999981105327, "macro": 0.07236999943852425}, "global_head_post_server": {"seen": 0.3028500027954578, "missing": 2.5000001187436283e-05, "all": 0.060589999333024024, "macro": 0.060590000543743375}}, "elapsed": 298.2673931121826}
{"mode": "fedgh", "seed": 2, "round": 10, "metrics": {"cosine": {"seen": 0.3518999993801117, "missing": 2.5000001187436283e-05, "all": 0.07039999961853027, "macro": 0.07039999850094318}, "l2": {"seen": 0.35305000096559525, "missing": 2.5000001187436283e-05, "all": 0.0706300001591444, "macro": 0.07062999717891216}, "local_head_pre_server": {"seen": 0.37820000052452085, "missing": 0.0, "all": 0.0756400004029274, "macro": 0.07563999965786934}, "global_head_post_server": {"seen": 0.3030500002205372, "missing": 2.5000001187436283e-05, "all": 0.06063000001013279, "macro": 0.06062999963760376}}, "elapsed": 496.2998332977295}
[autodl] finished_at=2026-09-19T07:36:48+08:00
[autodl] exit_code=0
