[autodl] run_id=20260918-142709-h10a-loo90-router
[autodl] started_at=2026-09-18T14:27:14+08:00
test_nested_prefixes (test_anchor_count.AnchorCountTest.test_nested_prefixes) ... ok
test_rank_diagnostics_preserve_full_anchor_result (test_anchor_count.AnchorCountTest.test_rank_diagnostics_preserve_full_anchor_result) ... /home/wenchang/anaconda3/envs/python3.12-tk2-2.3/lib/python3.12/site-packages/torch/cuda/__init__.py:654: UserWarning: Can't initialize NVML
  warnings.warn("Can't initialize NVML")
ok
test_unmodified_upstream_two_rounds (test_baseline.BaselineTest.test_unmodified_upstream_two_rounds) ... ok
test_invariance_and_exact_assembly (test_centered.CenteredTest.test_invariance_and_exact_assembly) ... ok
test_affine_mean_weighting_and_class_isolation (test_class_prototypes.ClassPrototypeTest.test_affine_mean_weighting_and_class_isolation) ... ok
test_client_isolation_and_diagnostic_rng (test_class_prototypes.ClassPrototypeTest.test_client_isolation_and_diagnostic_rng) ... ok
test_nullspace_freedom_and_local_rng (test_completion.CompletionTest.test_nullspace_freedom_and_local_rng) ... ok
test_affine_logits_equivalence (test_conditioning.ConditioningTest.test_affine_logits_equivalence) ... ok
test_seed0_historical_regeneration (test_cross_seed.CrossSeedTest.test_seed0_historical_regeneration) ... ok
test_seed12_exact_committed_provenance (test_cross_seed.CrossSeedTest.test_seed12_exact_committed_provenance) ... ok
test_seed_specific_disjoint_construction (test_cross_seed.CrossSeedTest.test_seed_specific_disjoint_construction) ... ok
test_known_metrics (test_data_metrics.DataMetricTests.test_known_metrics) ... ok
test_partition_disjoint_complete_and_reproducible (test_data_metrics.DataMetricTests.test_partition_disjoint_complete_and_reproducible) ... ok
test_direct_path_state_and_rng (test_direct_prototypes.DirectPrototypeTest.test_direct_path_state_and_rng) ... ok
test_hierarchical_weighting_sparse_classes_and_scale (test_direct_prototypes.DirectPrototypeTest.test_hierarchical_weighting_sparse_classes_and_scale) ... ok
test_capture_reference_isolation_and_label_independence (test_dual_space.DualSpaceTest.test_capture_reference_isolation_and_label_independence) ... ok
test_exact_score_columns (test_dual_space.DualSpaceTest.test_exact_score_columns) ... ok
test_probe_separable_and_side_effect_free (test_fedgh.FedGHTest.test_probe_separable_and_side_effect_free) ... ok
test_server_update_detach_broadcast_and_all_classes (test_fedgh.FedGHTest.test_server_update_detach_broadcast_and_all_classes) ... ok
test_denominator_and_detachment (test_h01c.H01CTests.test_denominator_and_detachment) ... ok
test_owner_cosine (test_h01c.H01CTests.test_owner_cosine) ... ok
test_same_tensor_direction_matches_direct_autograd (test_h01c.H01CTests.test_same_tensor_direction_matches_direct_autograd) ... ok
test_assignment_counts_support_disjoint_and_deterministic (test_heldout.HeldoutTest.test_assignment_counts_support_disjoint_and_deterministic) ... ok
test_basis_reconstruction_and_head_equivalence (test_helmert.HelmertTest.test_basis_reconstruction_and_head_equivalence) ... ok
test_known_null_energy (test_helmert.HelmertTest.test_known_null_energy) ... ok
test_exact_local_inputs_hierarchy_and_isolation (test_local_source.LocalSourceTest.test_exact_local_inputs_hierarchy_and_isolation) ... ok
test_missing_class_changes_gpc_loss_and_gradient_only (test_mechanism.MechanismTests.test_missing_class_changes_gpc_loss_and_gradient_only) ... ok
test_round_one_pairing_all_modes_and_grad_ratio (test_mechanism.MechanismTests.test_round_one_pairing_all_modes_and_grad_ratio) ... ok
test_sample_weighted_aggregation (test_mechanism.MechanismTests.test_sample_weighted_aggregation) ... ok
test_training_parity_with_unmodified_upstream (test_mechanism.MechanismTests.test_training_parity_with_unmodified_upstream) ... ok
test_validity_and_noncontiguous_labels (test_mechanism.MechanismTests.test_validity_and_noncontiguous_labels) ... ok
test_mask_and_frozen_backprop (test_online.OnlineTest.test_mask_and_frozen_backprop) ... ok
test_pure_bank_and_isolation (test_online.OnlineTest.test_pure_bank_and_isolation) ... ok
test_round_one_pairing_and_batches (test_online.OnlineTest.test_round_one_pairing_and_batches) ... ok
test_balanced_deterministic_disjoint (test_oracle.OracleTest.test_balanced_deterministic_disjoint) ... ok
test_oracle_state_rng_buffers_and_test_label_isolation (test_oracle.OracleTest.test_oracle_state_rng_buffers_and_test_label_isolation) ... ok
test_original_indices_counts_and_exclusion (test_owner_probe.OwnerProbeTest.test_original_indices_counts_and_exclusion) ... ok
test_owner_fit_state_and_test_label_isolation (test_owner_probe.OwnerProbeTest.test_owner_fit_state_and_test_label_isolation) ... ok
test_final_gradient_is_finite_and_side_effect_free (test_paired.PairedTest.test_final_gradient_is_finite_and_side_effect_free) ... ok
test_known_rotation_translation (test_paired.PairedTest.test_known_rotation_translation) ... ok
test_label_blind_selection_and_fit (test_paired.PairedTest.test_label_blind_selection_and_fit) ... ok
test_matched_500_fits_preserve_same_state (test_paired.PairedTest.test_matched_500_fits_preserve_same_state) ... ok
test_pair_breaking_preserves_multiset (test_paired.PairedTest.test_pair_breaking_preserves_multiset) ... ok
test_fixed_cast_and_probe_identity (test_precision.PrecisionTest.test_fixed_cast_and_probe_identity) ... ok
test_invertibility_reconstruction_logits_and_label_isolation (test_precondition.PreconditionTest.test_invertibility_reconstruction_logits_and_label_isolation) ... ok
test_column_permutation_preserves_each_sample (test_relation.RelationTest.test_column_permutation_preserves_each_sample) ... ok
test_orthogonal_translation_invariance (test_relation.RelationTest.test_orthogonal_translation_invariance) ... ok
test_eligible_prediction_and_rejection (test_router.RouterTest.test_eligible_prediction_and_rejection) ... ok
test_loo_and_order_statistic (test_router.RouterTest.test_loo_and_order_statistic) ... ok
test_train_only_isolation_and_label_perturbation (test_router.RouterTest.test_train_only_isolation_and_label_perturbation) ... ok

----------------------------------------------------------------------
Ran 50 tests in 1.799s

OK
/home/wenchang/anaconda3/envs/python3.12-tk2-2.3/lib/python3.12/site-packages/torch/cuda/__init__.py:654: UserWarning: Can't initialize NVML
  warnings.warn("Can't initialize NVML")
Files already downloaded and verified
Files already downloaded and verified
{"mode": "fedgh", "seed": 0, "round": 1, "metrics": {"cosine": {"seen": 0.6325000107288361, "missing": 0.11837500035762787, "all": 0.22119999825954437, "macro": 0.22119999676942825}, "l2": {"seen": 0.6129999935626984, "missing": 0.14624999985098838, "all": 0.23959999829530715, "macro": 0.23959999829530715}, "local_head_pre_server": {"seen": 0.503999999165535, "missing": 0.0, "all": 0.10080000013113022, "macro": 0.1008000023663044}, "global_head_post_server": {"seen": 0.4425000011920929, "missing": 0.01212499972898513, "all": 0.09819999933242798, "macro": 0.09819999933242798}}, "elapsed": 0.9021251201629639}
{"mode": "fedgh", "seed": 0, "round": 2, "metrics": {"cosine": {"seen": 0.6350000023841857, "missing": 0.00012499999720603228, "all": 0.12710000053048134, "macro": 0.12709999606013297}, "l2": {"seen": 0.6224999964237213, "missing": 0.0004999999888241291, "all": 0.12490000054240227, "macro": 0.12490000277757644}, "local_head_pre_server": {"seen": 0.5284999966621399, "missing": 0.0, "all": 0.10570000112056732, "macro": 0.10569999888539314}, "global_head_post_server": {"seen": 0.529499989748001, "missing": 0.0, "all": 0.1059000015258789, "macro": 0.10589999854564666}}, "elapsed": 1.7816345691680908}
{"mode": "fedgh", "seed": 0, "round": 3, "metrics": {"cosine": {"seen": 0.6055000066757202, "missing": 0.0, "all": 0.12110000178217888, "macro": 0.12109999880194663}, "l2": {"seen": 0.5740000069141388, "missing": 0.0, "all": 0.11480000168085099, "macro": 0.11480000019073486}, "local_head_pre_server": {"seen": 0.5324999958276748, "missing": 0.0, "all": 0.10650000050663948, "macro": 0.10649999752640724}, "global_head_post_server": {"seen": 0.5344999939203262, "missing": 0.0, "all": 0.10690000131726266, "macro": 0.10689999982714653}}, "elapsed": 2.6286349296569824}
{"mode": "fedgh", "seed": 0, "round": 4, "metrics": {"cosine": {"seen": 0.5515000015497208, "missing": 0.0, "all": 0.11030000075697899, "macro": 0.11030000075697899}, "l2": {"seen": 0.5535000056028366, "missing": 0.0, "all": 0.11070000007748604, "macro": 0.1107000008225441}, "local_head_pre_server": {"seen": 0.5189999997615814, "missing": 0.0, "all": 0.10380000099539757, "macro": 0.10380000099539757}, "global_head_post_server": {"seen": 0.5059999972581863, "missing": 0.0, "all": 0.10120000094175338, "macro": 0.10120000094175338}}, "elapsed": 3.477276563644409}
{"mode": "fedgh", "seed": 0, "round": 5, "metrics": {"cosine": {"seen": 0.5299999982118606, "missing": 0.0, "all": 0.10600000023841857, "macro": 0.10600000023841857}, "l2": {"seen": 0.5830000013113021, "missing": 0.0, "all": 0.11659999936819077, "macro": 0.11660000160336495}, "local_head_pre_server": {"seen": 0.5060000002384186, "missing": 0.0, "all": 0.10120000094175338, "macro": 0.10120000094175338}, "global_head_post_server": {"seen": 0.527999997138977, "missing": 0.0, "all": 0.10560000017285347, "macro": 0.10559999942779541}}, "elapsed": 4.320765018463135}
{"mode": "fedgh", "seed": 0, "round": 6, "metrics": {"cosine": {"seen": 0.5419999957084656, "missing": 0.0, "all": 0.1084000013768673, "macro": 0.10839999914169311}, "l2": {"seen": 0.5879999935626984, "missing": 0.0, "all": 0.11759999990463257, "macro": 0.11759999990463257}, "local_head_pre_server": {"seen": 0.5295000016689301, "missing": 0.0, "all": 0.1059000015258789, "macro": 0.10590000227093696}, "global_head_post_server": {"seen": 0.5389999985694885, "missing": 0.0, "all": 0.10780000165104867, "macro": 0.10780000016093254}}, "elapsed": 5.166550874710083}
{"mode": "fedgh", "seed": 0, "round": 7, "metrics": {"cosine": {"seen": 0.5424999952316284, "missing": 0.0, "all": 0.10850000083446502, "macro": 0.10849999859929085}, "l2": {"seen": 0.5895000040531159, "missing": 0.0, "all": 0.11790000125765801, "macro": 0.11790000125765801}, "local_head_pre_server": {"seen": 0.5305000007152557, "missing": 0.0, "all": 0.10610000118613243, "macro": 0.10609999895095826}, "global_head_post_server": {"seen": 0.5230000019073486, "missing": 0.0, "all": 0.10460000112652779, "macro": 0.10460000112652779}}, "elapsed": 6.009974002838135}
{"mode": "fedgh", "seed": 0, "round": 8, "metrics": {"cosine": {"seen": 0.5704999983310699, "missing": 0.0, "all": 0.11410000026226044, "macro": 0.11410000175237656}, "l2": {"seen": 0.6124999910593033, "missing": 0.0, "all": 0.1225000001490116, "macro": 0.12249999865889549}, "local_head_pre_server": {"seen": 0.5925000011920929, "missing": 0.0, "all": 0.11850000098347664, "macro": 0.11850000247359276}, "global_head_post_server": {"seen": 0.5209999978542328, "missing": 0.0, "all": 0.10420000106096268, "macro": 0.10420000106096268}}, "elapsed": 6.861978769302368}
{"mode": "fedgh", "seed": 0, "round": 9, "metrics": {"cosine": {"seen": 0.5684999942779541, "missing": 0.0, "all": 0.11370000094175339, "macro": 0.11369999945163727}, "l2": {"seen": 0.5969999998807907, "missing": 0.0, "all": 0.1194000005722046, "macro": 0.11939999908208847}, "local_head_pre_server": {"seen": 0.5485000014305115, "missing": 0.0, "all": 0.10970000103116036, "macro": 0.10970000103116036}, "global_head_post_server": {"seen": 0.5055000007152557, "missing": 0.0, "all": 0.10110000148415565, "macro": 0.10110000148415565}}, "elapsed": 7.714215993881226}
{"mode": "fedgh", "seed": 0, "round": 10, "metrics": {"cosine": {"seen": 0.5309999942779541, "missing": 0.0, "all": 0.10620000138878823, "macro": 0.10620000064373017}, "l2": {"seen": 0.5599999964237213, "missing": 0.0, "all": 0.11200000047683716, "macro": 0.11200000122189521}, "local_head_pre_server": {"seen": 0.6129999995231629, "missing": 0.0, "all": 0.12260000258684159, "macro": 0.12260000109672546}, "global_head_post_server": {"seen": 0.5, "missing": 0.0, "all": 0.10000000149011612, "macro": 0.10000000149011612}}, "elapsed": 8.56758165359497}
Files already downloaded and verified
Files already downloaded and verified
{"mode": "fedgh", "seed": 1, "round": 1, "metrics": {"cosine": {"seen": 0.725, "missing": 0.06300000064074993, "all": 0.19539999812841416, "macro": 0.19539999663829805}, "l2": {"seen": 0.7105000019073486, "missing": 0.09299999997019767, "all": 0.2165000006556511, "macro": 0.21649999618530275}, "local_head_pre_server": {"seen": 0.5569999933242797, "missing": 0.0, "all": 0.11140000149607658, "macro": 0.11139999851584434}, "global_head_post_server": {"seen": 0.5514999985694885, "missing": 0.0006249999860301614, "all": 0.11080000028014184, "macro": 0.11080000028014184}}, "elapsed": 0.4704124927520752}
{"mode": "fedgh", "seed": 1, "round": 2, "metrics": {"cosine": {"seen": 0.7240000069141388, "missing": 0.0, "all": 0.1448000006377697, "macro": 0.14479999914765357}, "l2": {"seen": 0.6830000042915344, "missing": 0.00012499999720603228, "all": 0.13670000284910203, "macro": 0.13670000210404396}, "local_head_pre_server": {"seen": 0.5290000021457673, "missing": 0.0, "all": 0.10580000132322312, "macro": 0.10580000057816505}, "global_head_post_server": {"seen": 0.5470000028610229, "missing": 0.0, "all": 0.10940000265836716, "macro": 0.10939999967813492}}, "elapsed": 1.1759939193725586}
{"mode": "fedgh", "seed": 1, "round": 3, "metrics": {"cosine": {"seen": 0.6840000033378602, "missing": 0.0, "all": 0.13679999932646753, "macro": 0.13679999932646753}, "l2": {"seen": 0.6440000057220459, "missing": 0.0, "all": 0.1288000002503395, "macro": 0.12879999950528145}, "local_head_pre_server": {"seen": 0.5520000040531159, "missing": 0.0, "all": 0.11040000095963479, "macro": 0.11040000095963479}, "global_head_post_server": {"seen": 0.5490000009536743, "missing": 0.0, "all": 0.10980000123381614, "macro": 0.10980000197887421}}, "elapsed": 2.0298144817352295}
{"mode": "fedgh", "seed": 1, "round": 4, "metrics": {"cosine": {"seen": 0.5984999895095825, "missing": 0.0, "all": 0.1197000004351139, "macro": 0.11969999819993973}, "l2": {"seen": 0.6034999907016754, "missing": 0.0, "all": 0.12069999948143958, "macro": 0.12070000022649766}, "local_head_pre_server": {"seen": 0.5440000057220459, "missing": 0.0, "all": 0.1088000014424324, "macro": 0.1088000014424324}, "global_head_post_server": {"seen": 0.5455000042915344, "missing": 0.0, "all": 0.10910000205039978, "macro": 0.10910000056028366}}, "elapsed": 2.882528305053711}
{"mode": "fedgh", "seed": 1, "round": 5, "metrics": {"cosine": {"seen": 0.5650000035762787, "missing": 0.0, "all": 0.11300000026822091, "macro": 0.11300000026822091}, "l2": {"seen": 0.6544999957084656, "missing": 0.0, "all": 0.13090000078082084, "macro": 0.13089999929070473}, "local_head_pre_server": {"seen": 0.5850000023841858, "missing": 0.0, "all": 0.117000000923872, "macro": 0.117000000923872}, "global_head_post_server": {"seen": 0.5805000066757202, "missing": 0.0, "all": 0.11610000059008599, "macro": 0.11609999984502792}}, "elapsed": 3.736440896987915}
{"mode": "fedgh", "seed": 1, "round": 6, "metrics": {"cosine": {"seen": 0.62049999833107, "missing": 0.0, "all": 0.1241000011563301, "macro": 0.12409999966621399}, "l2": {"seen": 0.6410000085830688, "missing": 0.0, "all": 0.1281999997794628, "macro": 0.12820000126957892}, "local_head_pre_server": {"seen": 0.5110000014305115, "missing": 0.0, "all": 0.10220000147819519, "macro": 0.10220000073313713}, "global_head_post_server": {"seen": 0.5554999947547913, "missing": 0.0, "all": 0.1111000008881092, "macro": 0.11110000014305114}}, "elapsed": 4.587838172912598}
{"mode": "fedgh", "seed": 1, "round": 7, "metrics": {"cosine": {"seen": 0.6685000002384186, "missing": 0.0, "all": 0.13370000049471856, "macro": 0.1336999975144863}, "l2": {"seen": 0.7029999971389771, "missing": 0.0, "all": 0.14060000106692314, "macro": 0.14059999510645865}, "local_head_pre_server": {"seen": 0.5854999959468842, "missing": 0.0, "all": 0.11710000112652778, "macro": 0.11709999889135361}, "global_head_post_server": {"seen": 0.5519999980926513, "missing": 0.0, "all": 0.11040000095963479, "macro": 0.11040000095963479}}, "elapsed": 5.448101997375488}
{"mode": "fedgh", "seed": 1, "round": 8, "metrics": {"cosine": {"seen": 0.6435000002384186, "missing": 0.0, "all": 0.12870000228285788, "macro": 0.12869999930262566}, "l2": {"seen": 0.6754999995231629, "missing": 0.0, "all": 0.13509999960660934, "macro": 0.13510000258684157}, "local_head_pre_server": {"seen": 0.6409999966621399, "missing": 0.0, "all": 0.12820000126957892, "macro": 0.12820000275969506}, "global_head_post_server": {"seen": 0.5290000021457673, "missing": 0.0, "all": 0.10580000132322312, "macro": 0.10580000281333923}}, "elapsed": 6.303936004638672}
{"mode": "fedgh", "seed": 1, "round": 9, "metrics": {"cosine": {"seen": 0.6655000030994416, "missing": 0.0, "all": 0.13310000225901603, "macro": 0.1331000007688999}, "l2": {"seen": 0.6844999969005585, "missing": 0.0, "all": 0.13690000027418137, "macro": 0.13689999878406525}, "local_head_pre_server": {"seen": 0.5825000047683716, "missing": 0.0, "all": 0.11650000214576721, "macro": 0.11650000140070915}, "global_head_post_server": {"seen": 0.5144999980926513, "missing": 0.0, "all": 0.10290000140666962, "macro": 0.10290000066161156}}, "elapsed": 7.156959533691406}
{"mode": "fedgh", "seed": 1, "round": 10, "metrics": {"cosine": {"seen": 0.5799999952316284, "missing": 0.0, "all": 0.11599999889731408, "macro": 0.11599999889731408}, "l2": {"seen": 0.6014999926090241, "missing": 0.0, "all": 0.12030000165104866, "macro": 0.12030000165104866}, "local_head_pre_server": {"seen": 0.5924999952316284, "missing": 0.0, "all": 0.11850000023841858, "macro": 0.11850000023841858}, "global_head_post_server": {"seen": 0.5684999942779541, "missing": 0.0, "all": 0.11370000094175339, "macro": 0.11370000168681145}}, "elapsed": 8.009818077087402}
Files already downloaded and verified
Files already downloaded and verified
{"mode": "fedgh", "seed": 2, "round": 1, "metrics": {"cosine": {"seen": 0.6585000038146973, "missing": 0.08887500017881393, "all": 0.20279999673366547, "macro": 0.20279999375343322}, "l2": {"seen": 0.6185000002384186, "missing": 0.11949999965727329, "all": 0.2193000003695488, "macro": 0.2192999914288521}, "local_head_pre_server": {"seen": 0.5164999961853027, "missing": 0.0, "all": 0.10330000072717667, "macro": 0.10329999923706054}, "global_head_post_server": {"seen": 0.5040000021457672, "missing": 0.004624999943189323, "all": 0.10450000092387199, "macro": 0.10450000017881393}}, "elapsed": 0.36451244354248047}
{"mode": "fedgh", "seed": 2, "round": 2, "metrics": {"cosine": {"seen": 0.6480000019073486, "missing": 0.0, "all": 0.12960000187158585, "macro": 0.1296000026166439}, "l2": {"seen": 0.6400000035762787, "missing": 0.0003749999916180968, "all": 0.12830000072717668, "macro": 0.12830000072717668}, "local_head_pre_server": {"seen": 0.5109999984502792, "missing": 0.0, "all": 0.10220000073313713, "macro": 0.10219999998807908}, "global_head_post_server": {"seen": 0.5184999942779541, "missing": 0.0, "all": 0.10370000228285789, "macro": 0.10370000079274178}}, "elapsed": 1.2158923149108887}
{"mode": "fedgh", "seed": 2, "round": 3, "metrics": {"cosine": {"seen": 0.5784999996423721, "missing": 0.0, "all": 0.11570000052452087, "macro": 0.11569999679923057}, "l2": {"seen": 0.6095000028610229, "missing": 0.0, "all": 0.12190000265836716, "macro": 0.12190000042319298}, "local_head_pre_server": {"seen": 0.543000003695488, "missing": 0.0, "all": 0.10860000178217888, "macro": 0.10860000178217888}, "global_head_post_server": {"seen": 0.5289999961853027, "missing": 0.0, "all": 0.10580000132322312, "macro": 0.10580000057816505}}, "elapsed": 2.0783164501190186}
{"mode": "fedgh", "seed": 2, "round": 4, "metrics": {"cosine": {"seen": 0.5780000030994416, "missing": 0.0, "all": 0.11559999957680703, "macro": 0.11560000032186508}, "l2": {"seen": 0.6, "missing": 0.0003749999916180968, "all": 0.1203000009059906, "macro": 0.12030000239610672}, "local_head_pre_server": {"seen": 0.5479999959468842, "missing": 0.0, "all": 0.1096000000834465, "macro": 0.10959999933838845}, "global_head_post_server": {"seen": 0.5509999930858612, "missing": 0.0, "all": 0.11020000204443932, "macro": 0.11020000055432319}}, "elapsed": 2.932377576828003}
{"mode": "fedgh", "seed": 2, "round": 5, "metrics": {"cosine": {"seen": 0.5910000026226043, "missing": 0.0, "all": 0.11819999888539315, "macro": 0.11820000261068345}, "l2": {"seen": 0.6350000023841857, "missing": 0.002249999949708581, "all": 0.12880000099539757, "macro": 0.12879999727010727}, "local_head_pre_server": {"seen": 0.56700000166893, "missing": 0.0, "all": 0.11340000107884407, "macro": 0.11340000107884407}, "global_head_post_server": {"seen": 0.5569999843835831, "missing": 0.0, "all": 0.11139999851584434, "macro": 0.11139999777078628}}, "elapsed": 3.7855310440063477}
{"mode": "fedgh", "seed": 2, "round": 6, "metrics": {"cosine": {"seen": 0.6245000064373016, "missing": 0.0, "all": 0.12490000128746033, "macro": 0.12490000128746033}, "l2": {"seen": 0.6455000042915344, "missing": 0.001249999995343387, "all": 0.13009999915957451, "macro": 0.13009999841451644}, "local_head_pre_server": {"seen": 0.5625, "missing": 0.0, "all": 0.1125, "macro": 0.11250000074505806}, "global_head_post_server": {"seen": 0.543999993801117, "missing": 0.0, "all": 0.10880000069737435, "macro": 0.10879999995231629}}, "elapsed": 4.637800693511963}
{"mode": "fedgh", "seed": 2, "round": 7, "metrics": {"cosine": {"seen": 0.5955000042915344, "missing": 0.0, "all": 0.11910000070929527, "macro": 0.11909999996423722}, "l2": {"seen": 0.6314999997615814, "missing": 0.00012499999720603228, "all": 0.12640000134706497, "macro": 0.12639999836683274}, "local_head_pre_server": {"seen": 0.5719999969005585, "missing": 0.0, "all": 0.11440000087022781, "macro": 0.11440000012516975}, "global_head_post_server": {"seen": 0.5389999985694885, "missing": 0.0, "all": 0.10780000016093254, "macro": 0.10780000016093254}}, "elapsed": 5.4904468059539795}
{"mode": "fedgh", "seed": 2, "round": 8, "metrics": {"cosine": {"seen": 0.6205000042915344, "missing": 0.0, "all": 0.12410000190138817, "macro": 0.12410000413656234}, "l2": {"seen": 0.6369999885559082, "missing": 0.0, "all": 0.1274000011384487, "macro": 0.1273999996483326}, "local_head_pre_server": {"seen": 0.5594999969005585, "missing": 0.0, "all": 0.11190000101923943, "macro": 0.11190000027418137}, "global_head_post_server": {"seen": 0.5004999995231628, "missing": 0.0, "all": 0.10010000169277192, "macro": 0.10010000020265579}}, "elapsed": 6.353382349014282}
{"mode": "fedgh", "seed": 2, "round": 9, "metrics": {"cosine": {"seen": 0.5979999959468841, "missing": 0.0, "all": 0.11960000246763229, "macro": 0.11960000321269035}, "l2": {"seen": 0.6135000050067901, "missing": 0.0, "all": 0.12270000129938126, "macro": 0.1227000042796135}, "local_head_pre_server": {"seen": 0.57950000166893, "missing": 0.0, "all": 0.11589999943971634, "macro": 0.11590000241994858}, "global_head_post_server": {"seen": 0.5310000002384185, "missing": 0.0, "all": 0.10620000064373017, "macro": 0.10620000138878823}}, "elapsed": 7.20665168762207}
{"mode": "fedgh", "seed": 2, "round": 10, "metrics": {"cosine": {"seen": 0.5954999923706055, "missing": 0.0, "all": 0.11909999996423722, "macro": 0.11909999921917916}, "l2": {"seen": 0.635999995470047, "missing": 0.0, "all": 0.12719999849796296, "macro": 0.12719999998807907}, "local_head_pre_server": {"seen": 0.6425000011920929, "missing": 0.0, "all": 0.12850000113248825, "macro": 0.12850000113248825}, "global_head_post_server": {"seen": 0.5529999911785126, "missing": 0.0, "all": 0.11060000136494637, "macro": 0.11060000136494637}}, "elapsed": 8.069162130355835}
[autodl] finished_at=2026-09-18T14:28:34+08:00
[autodl] exit_code=0
