[autodl] run_id=20260919-032715-h12a-cifar100
[autodl] started_at=2026-09-19T03:27:19+08:00
test_nested_prefixes (test_anchor_count.AnchorCountTest.test_nested_prefixes) ... ok
test_rank_diagnostics_preserve_full_anchor_result (test_anchor_count.AnchorCountTest.test_rank_diagnostics_preserve_full_anchor_result) ... /home/wenchang/anaconda3/envs/python3.12-tk2-2.3/lib/python3.12/site-packages/torch/cuda/__init__.py:654: UserWarning: Can't initialize NVML
  warnings.warn("Can't initialize NVML")
ok
test_unmodified_upstream_two_rounds (test_baseline.BaselineTest.test_unmodified_upstream_two_rounds) ... ok
test_invariance_and_exact_assembly (test_centered.CenteredTest.test_invariance_and_exact_assembly) ... ok
test_metrics_histograms_and_all100_rows (test_cifar100.Cifar100Test.test_metrics_histograms_and_all100_rows) ... ok
test_ownership_label_blind_reservation_and_full_coverage (test_cifar100.Cifar100Test.test_ownership_label_blind_reservation_and_full_coverage) ... ok
test_three_arm_100class_entrypoint (test_cifar100.Cifar100Test.test_three_arm_100class_entrypoint) ... ok
test_three_readouts_100class_isolation_and_label_independence (test_cifar100.Cifar100Test.test_three_readouts_100class_isolation_and_label_independence) ... ok
test_affine_mean_weighting_and_class_isolation (test_class_prototypes.ClassPrototypeTest.test_affine_mean_weighting_and_class_isolation) ... ok
test_client_isolation_and_diagnostic_rng (test_class_prototypes.ClassPrototypeTest.test_client_isolation_and_diagnostic_rng) ... ok
test_nullspace_freedom_and_local_rng (test_completion.CompletionTest.test_nullspace_freedom_and_local_rng) ... ok
test_affine_logits_equivalence (test_conditioning.ConditioningTest.test_affine_logits_equivalence) ... ok
test_seed0_historical_regeneration (test_cross_seed.CrossSeedTest.test_seed0_historical_regeneration) ... ok
test_seed12_exact_committed_provenance (test_cross_seed.CrossSeedTest.test_seed12_exact_committed_provenance) ... ok
test_seed_specific_disjoint_construction (test_cross_seed.CrossSeedTest.test_seed_specific_disjoint_construction) ... ok
test_known_metrics (test_data_metrics.DataMetricTests.test_known_metrics) ... ok
test_partition_disjoint_complete_and_reproducible (test_data_metrics.DataMetricTests.test_partition_disjoint_complete_and_reproducible) ... ok
test_direct_path_state_and_rng (test_direct_prototypes.DirectPrototypeTest.test_direct_path_state_and_rng) ... ok
test_hierarchical_weighting_sparse_classes_and_scale (test_direct_prototypes.DirectPrototypeTest.test_hierarchical_weighting_sparse_classes_and_scale) ... ok
test_capture_reference_isolation_and_label_independence (test_dual_space.DualSpaceTest.test_capture_reference_isolation_and_label_independence) ... ok
test_exact_score_columns (test_dual_space.DualSpaceTest.test_exact_score_columns) ... ok
test_probe_separable_and_side_effect_free (test_fedgh.FedGHTest.test_probe_separable_and_side_effect_free) ... ok
test_server_update_detach_broadcast_and_all_classes (test_fedgh.FedGHTest.test_server_update_detach_broadcast_and_all_classes) ... ok
test_partition_full_coverage_and_frozen_ownership (test_full_data.FullDataTest.test_partition_full_coverage_and_frozen_ownership) ... ok
test_readout_isolation_counts_and_anchor_label_blindness (test_full_data.FullDataTest.test_readout_isolation_counts_and_anchor_label_blindness) ... ok
test_seed_generalization_and_exact_h11a_split (test_full_data.FullDataTest.test_seed_generalization_and_exact_h11a_split) ... ok
test_step_receipt_and_optional_histograms_do_not_change_metrics (test_full_data.FullDataTest.test_step_receipt_and_optional_histograms_do_not_change_metrics) ... ok
test_three_arm_entrypoint_and_final_readouts (test_full_data.FullDataTest.test_three_arm_entrypoint_and_final_readouts) ... ok
test_legacy_permutations_exact_multisets_and_isolation (test_full_pair.FullPairTest.test_legacy_permutations_exact_multisets_and_isolation) ... ok
test_isolation_label_perturbation_and_reference (test_group_refine.GroupRefineTest.test_isolation_label_perturbation_and_reference) ... ok
test_routing_and_arbitrary_missing_correctness (test_group_refine.GroupRefineTest.test_routing_and_arbitrary_missing_correctness) ... ok
test_denominator_and_detachment (test_h01c.H01CTests.test_denominator_and_detachment) ... ok
test_owner_cosine (test_h01c.H01CTests.test_owner_cosine) ... ok
test_same_tensor_direction_matches_direct_autograd (test_h01c.H01CTests.test_same_tensor_direction_matches_direct_autograd) ... ok
test_assignment_counts_support_disjoint_and_deterministic (test_heldout.HeldoutTest.test_assignment_counts_support_disjoint_and_deterministic) ... ok
test_basis_reconstruction_and_head_equivalence (test_helmert.HelmertTest.test_basis_reconstruction_and_head_equivalence) ... ok
test_known_null_energy (test_helmert.HelmertTest.test_known_null_energy) ... ok
test_exact_local_inputs_hierarchy_and_isolation (test_local_source.LocalSourceTest.test_exact_local_inputs_hierarchy_and_isolation) ... ok
test_missing_class_changes_gpc_loss_and_gradient_only (test_mechanism.MechanismTests.test_missing_class_changes_gpc_loss_and_gradient_only) ... ok
test_round_one_pairing_all_modes_and_grad_ratio (test_mechanism.MechanismTests.test_round_one_pairing_all_modes_and_grad_ratio) ... ok
test_sample_weighted_aggregation (test_mechanism.MechanismTests.test_sample_weighted_aggregation) ... ok
test_training_parity_with_unmodified_upstream (test_mechanism.MechanismTests.test_training_parity_with_unmodified_upstream) ... ok
test_validity_and_noncontiguous_labels (test_mechanism.MechanismTests.test_validity_and_noncontiguous_labels) ... ok
test_mask_and_frozen_backprop (test_online.OnlineTest.test_mask_and_frozen_backprop) ... ok
test_pure_bank_and_isolation (test_online.OnlineTest.test_pure_bank_and_isolation) ... ok
test_round_one_pairing_and_batches (test_online.OnlineTest.test_round_one_pairing_and_batches) ... ok
test_balanced_deterministic_disjoint (test_oracle.OracleTest.test_balanced_deterministic_disjoint) ... ok
test_oracle_state_rng_buffers_and_test_label_isolation (test_oracle.OracleTest.test_oracle_state_rng_buffers_and_test_label_isolation) ... ok
test_original_indices_counts_and_exclusion (test_owner_probe.OwnerProbeTest.test_original_indices_counts_and_exclusion) ... ok
test_owner_fit_state_and_test_label_isolation (test_owner_probe.OwnerProbeTest.test_owner_fit_state_and_test_label_isolation) ... ok
test_final_gradient_is_finite_and_side_effect_free (test_paired.PairedTest.test_final_gradient_is_finite_and_side_effect_free) ... ok
test_known_rotation_translation (test_paired.PairedTest.test_known_rotation_translation) ... ok
test_label_blind_selection_and_fit (test_paired.PairedTest.test_label_blind_selection_and_fit) ... ok
test_matched_500_fits_preserve_same_state (test_paired.PairedTest.test_matched_500_fits_preserve_same_state) ... ok
test_pair_breaking_preserves_multiset (test_paired.PairedTest.test_pair_breaking_preserves_multiset) ... ok
test_fixed_cast_and_probe_identity (test_precision.PrecisionTest.test_fixed_cast_and_probe_identity) ... ok
test_invertibility_reconstruction_logits_and_label_isolation (test_precondition.PreconditionTest.test_invertibility_reconstruction_logits_and_label_isolation) ... ok
test_column_permutation_preserves_each_sample (test_relation.RelationTest.test_column_permutation_preserves_each_sample) ... ok
test_orthogonal_translation_invariance (test_relation.RelationTest.test_orthogonal_translation_invariance) ... ok
test_eligible_prediction_and_rejection (test_router.RouterTest.test_eligible_prediction_and_rejection) ... ok
test_loo_and_order_statistic (test_router.RouterTest.test_loo_and_order_statistic) ... ok
test_train_only_isolation_and_label_perturbation (test_router.RouterTest.test_train_only_isolation_and_label_perturbation) ... ok

----------------------------------------------------------------------
Ran 62 tests in 14.720s

OK
/home/wenchang/anaconda3/envs/python3.12-tk2-2.3/lib/python3.12/site-packages/torch/cuda/__init__.py:654: UserWarning: Can't initialize NVML
  warnings.warn("Can't initialize NVML")
Files already downloaded and verified
Files already downloaded and verified
{"mode": "local", "seed": 0, "round": 1, "metrics": {"head": {"seen": 0.07140000015497208, "missing": 0.0, "all": 0.014279999863356352, "macro": 0.014280000049620867}, "cosine": {"seen": 0.06685000024735928, "missing": 0.0, "all": 0.013370000012218951, "macro": 0.013370000012218951}, "l2": {"seen": 0.05390000008046627, "missing": 0.0, "all": 0.010779999941587449, "macro": 0.010779999569058419}}, "elapsed": 12.322828531265259}
{"mode": "local", "seed": 0, "round": 2, "metrics": {"head": {"seen": 0.1583500012755394, "missing": 0.0, "all": 0.031670000217854974, "macro": 0.031669999659061435}, "cosine": {"seen": 0.16884999871253967, "missing": 0.0, "all": 0.03377000037580728, "macro": 0.0337699992582202}, "l2": {"seen": 0.17809999734163284, "missing": 2.5000001187436283e-05, "all": 0.03564000017940998, "macro": 0.035640000738203524}}, "elapsed": 24.453055381774902}
{"mode": "local", "seed": 0, "round": 3, "metrics": {"head": {"seen": 0.20674999952316284, "missing": 0.0, "all": 0.04134999997913837, "macro": 0.04135000016540289}, "cosine": {"seen": 0.20919999927282334, "missing": 0.0, "all": 0.04184000045061111, "macro": 0.04183999933302403}, "l2": {"seen": 0.22780000120401384, "missing": 0.0, "all": 0.04556000046432018, "macro": 0.045560001581907275}}, "elapsed": 35.59604573249817}
{"mode": "local", "seed": 0, "round": 4, "metrics": {"head": {"seen": 0.23880000412464142, "missing": 0.0, "all": 0.047760000079870225, "macro": 0.047760001569986346}, "cosine": {"seen": 0.2284500017762184, "missing": 0.0, "all": 0.04569000005722046, "macro": 0.0456899993121624}, "l2": {"seen": 0.2502999991178513, "missing": 0.0, "all": 0.050060000643134116, "macro": 0.050059999153017995}}, "elapsed": 46.72076654434204}
{"mode": "local", "seed": 0, "round": 5, "metrics": {"head": {"seen": 0.24764999896287918, "missing": 0.0, "all": 0.04953000023961067, "macro": 0.04952999968081713}, "cosine": {"seen": 0.23824999779462813, "missing": 0.0, "all": 0.04764999970793724, "macro": 0.04764999970793724}, "l2": {"seen": 0.25709999799728395, "missing": 0.0, "all": 0.05142000019550323, "macro": 0.051419999822974204}}, "elapsed": 59.37570381164551}
{"mode": "local", "seed": 0, "round": 6, "metrics": {"head": {"seen": 0.26034999787807467, "missing": 0.0, "all": 0.05207000002264976, "macro": 0.052069999650120734}, "cosine": {"seen": 0.2546499967575073, "missing": 0.0, "all": 0.05093000009655953, "macro": 0.05092999935150146}, "l2": {"seen": 0.2753999963402748, "missing": 0.0, "all": 0.055080000683665274, "macro": 0.05508000142872334}}, "elapsed": 72.06437397003174}
{"mode": "local", "seed": 0, "round": 7, "metrics": {"head": {"seen": 0.29029999673366547, "missing": 0.0, "all": 0.05806000046432018, "macro": 0.05806000046432018}, "cosine": {"seen": 0.2659000039100647, "missing": 0.0, "all": 0.05318000055849552, "macro": 0.05318000018596649}, "l2": {"seen": 0.2883999988436699, "missing": 0.0, "all": 0.05768000110983849, "macro": 0.05767999924719334}}, "elapsed": 84.98211812973022}
{"mode": "local", "seed": 0, "round": 8, "metrics": {"head": {"seen": 0.30810000002384186, "missing": 0.0, "all": 0.06161999963223934, "macro": 0.061620000004768374}, "cosine": {"seen": 0.27710000425577164, "missing": 0.0, "all": 0.05541999973356724, "macro": 0.055420000478625296}, "l2": {"seen": 0.29645000100135804, "missing": 0.0, "all": 0.05929000005125999, "macro": 0.05928999818861484}}, "elapsed": 97.8441333770752}
{"mode": "local", "seed": 0, "round": 9, "metrics": {"head": {"seen": 0.3319000035524368, "missing": 0.0, "all": 0.06638000011444092, "macro": 0.06638000011444092}, "cosine": {"seen": 0.2883500009775162, "missing": 0.0, "all": 0.057670000568032266, "macro": 0.057670000568032266}, "l2": {"seen": 0.30625000298023225, "missing": 0.0, "all": 0.061249999329447746, "macro": 0.0612499974668026}}, "elapsed": 109.71007061004639}
{"mode": "local", "seed": 0, "round": 10, "metrics": {"head": {"seen": 0.3243999987840652, "missing": 0.0, "all": 0.06488000005483627, "macro": 0.06487999968230725}, "cosine": {"seen": 0.29619999825954435, "missing": 0.0, "all": 0.05923999957740307, "macro": 0.05923999957740307}, "l2": {"seen": 0.3133499979972839, "missing": 0.0, "all": 0.06267000064253807, "macro": 0.06266999877989292}}, "elapsed": 122.3267240524292}
Files already downloaded and verified
Files already downloaded and verified
{"mode": "fedproto", "seed": 0, "round": 1, "metrics": {"head": {"seen": 0.07140000015497208, "missing": 0.0, "all": 0.014279999863356352, "macro": 0.014280000049620867}, "cosine": {"seen": 0.06685000024735928, "missing": 0.0, "all": 0.013370000012218951, "macro": 0.013370000012218951}, "l2": {"seen": 0.05390000008046627, "missing": 0.0, "all": 0.010779999941587449, "macro": 0.010779999569058419}}, "elapsed": 12.561519384384155}
{"mode": "fedproto", "seed": 0, "round": 2, "metrics": {"head": {"seen": 0.17489999979734422, "missing": 0.0, "all": 0.034979999996721745, "macro": 0.03497999887913465}, "cosine": {"seen": 0.1824999988079071, "missing": 0.0, "all": 0.036499999836087225, "macro": 0.03649999927729368}, "l2": {"seen": 0.19670000076293945, "missing": 0.0, "all": 0.03934000004082918, "macro": 0.03933999817818403}}, "elapsed": 24.179073810577393}
{"mode": "fedproto", "seed": 0, "round": 3, "metrics": {"head": {"seen": 0.22135000079870223, "missing": 0.0, "all": 0.04426999986171722, "macro": 0.044269999116659166}, "cosine": {"seen": 0.21424999982118606, "missing": 0.0, "all": 0.042849999666213986, "macro": 0.04285000003874302}, "l2": {"seen": 0.2352999970316887, "missing": 0.0, "all": 0.04705999977886677, "macro": 0.04705999977886677}}, "elapsed": 34.86232376098633}
{"mode": "fedproto", "seed": 0, "round": 4, "metrics": {"head": {"seen": 0.24819999784231186, "missing": 0.0, "all": 0.049640000239014624, "macro": 0.0496399987488985}, "cosine": {"seen": 0.236899995803833, "missing": 0.0, "all": 0.0473800003528595, "macro": 0.047379999235272405}, "l2": {"seen": 0.2607000008225441, "missing": 0.0, "all": 0.052139999344944954, "macro": 0.052140000835061075}}, "elapsed": 47.66669011116028}
{"mode": "fedproto", "seed": 0, "round": 5, "metrics": {"head": {"seen": 0.25875000059604647, "missing": 0.0, "all": 0.05174999944865703, "macro": 0.05174999944865703}, "cosine": {"seen": 0.24569999873638154, "missing": 0.0, "all": 0.04913999959826469, "macro": 0.04913999922573566}, "l2": {"seen": 0.2712000012397766, "missing": 0.0, "all": 0.05423999987542629, "macro": 0.05424000024795532}}, "elapsed": 60.93592929840088}
{"mode": "fedproto", "seed": 0, "round": 6, "metrics": {"head": {"seen": 0.27789999544620514, "missing": 0.0, "all": 0.05558000095188618, "macro": 0.055579998716712}, "cosine": {"seen": 0.266449998319149, "missing": 0.0, "all": 0.053290000557899474, "macro": 0.053289998695254324}, "l2": {"seen": 0.2911999985575676, "missing": 0.0, "all": 0.0582399994134903, "macro": 0.05823999978601933}}, "elapsed": 74.18232727050781}
{"mode": "fedproto", "seed": 0, "round": 7, "metrics": {"head": {"seen": 0.30724999904632566, "missing": 0.0, "all": 0.06145000010728836, "macro": 0.06145000085234642}, "cosine": {"seen": 0.2795999988913536, "missing": 0.0, "all": 0.05592000000178814, "macro": 0.05592000037431717}, "l2": {"seen": 0.30570000112056733, "missing": 0.0, "all": 0.061140000075101855, "macro": 0.061139998584985734}}, "elapsed": 87.47477984428406}
{"mode": "fedproto", "seed": 0, "round": 8, "metrics": {"head": {"seen": 0.31980000138282777, "missing": 0.0, "all": 0.06395999938249589, "macro": 0.063960000872612}, "cosine": {"seen": 0.29729999899864196, "missing": 0.0, "all": 0.05945999994874, "macro": 0.05946000032126904}, "l2": {"seen": 0.3199000030755997, "missing": 0.0, "all": 0.06397999972105026, "macro": 0.06397999934852124}}, "elapsed": 100.13455557823181}
{"mode": "fedproto", "seed": 0, "round": 9, "metrics": {"head": {"seen": 0.3461499989032745, "missing": 0.0, "all": 0.06923000067472458, "macro": 0.06922999918460845}, "cosine": {"seen": 0.3130000025033951, "missing": 0.0, "all": 0.0626000002026558, "macro": 0.06259999871253967}, "l2": {"seen": 0.3331499993801117, "missing": 0.0, "all": 0.06662999913096428, "macro": 0.06663000024855137}}, "elapsed": 113.33250975608826}
{"mode": "fedproto", "seed": 0, "round": 10, "metrics": {"head": {"seen": 0.3449499994516373, "missing": 0.0, "all": 0.06898999996483327, "macro": 0.06899000108242034}, "cosine": {"seen": 0.32069999873638155, "missing": 0.0, "all": 0.06413999907672405, "macro": 0.06414000019431114}, "l2": {"seen": 0.33899999856948854, "missing": 0.0, "all": 0.06779999919235706, "macro": 0.06780000142753125}}, "elapsed": 126.4438259601593}
Files already downloaded and verified
Files already downloaded and verified
{"mode": "fedgh", "seed": 0, "round": 1, "metrics": {"cosine": {"seen": 0.06685000024735928, "missing": 0.0, "all": 0.013370000012218951, "macro": 0.013370000012218951}, "l2": {"seen": 0.05390000008046627, "missing": 0.0, "all": 0.010779999941587449, "macro": 0.010779999569058419}, "local_head_pre_server": {"seen": 0.07140000015497208, "missing": 0.0, "all": 0.014279999863356352, "macro": 0.014280000049620867}, "global_head_post_server": {"seen": 0.05630000010132789, "missing": 0.0, "all": 0.011259999964386225, "macro": 0.011259999778121709}}, "elapsed": 15.893556833267212}
{"mode": "fedgh", "seed": 0, "round": 2, "metrics": {"cosine": {"seen": 0.15869999825954437, "missing": 0.0, "all": 0.03173999972641468, "macro": 0.03173999972641468}, "l2": {"seen": 0.16889999955892562, "missing": 0.0, "all": 0.033780000545084475, "macro": 0.03377999998629093}, "local_head_pre_server": {"seen": 0.14839999973773957, "missing": 0.0, "all": 0.029679999873042106, "macro": 0.029679999127984046}, "global_head_post_server": {"seen": 0.06290000081062316, "missing": 0.000787500012665987, "all": 0.013209999911487103, "macro": 0.013209999725222587}}, "elapsed": 31.36438798904419}
{"mode": "fedgh", "seed": 0, "round": 3, "metrics": {"cosine": {"seen": 0.19564999938011168, "missing": 0.0, "all": 0.03913000002503395, "macro": 0.039129999652504924}, "l2": {"seen": 0.21479999870061875, "missing": 0.0, "all": 0.042960000783205034, "macro": 0.042959998920559885}, "local_head_pre_server": {"seen": 0.19545000344514846, "missing": 0.0, "all": 0.03908999990671873, "macro": 0.0390899995341897}, "global_head_post_server": {"seen": 0.07475000061094761, "missing": 0.0, "all": 0.014950000122189522, "macro": 0.014949999842792749}}, "elapsed": 48.15479135513306}
{"mode": "fedgh", "seed": 0, "round": 4, "metrics": {"cosine": {"seen": 0.22129999846220016, "missing": 0.0, "all": 0.044260000064969066, "macro": 0.04426000081002712}, "l2": {"seen": 0.23745000064373017, "missing": 0.0, "all": 0.047489999979734424, "macro": 0.047489999979734424}, "local_head_pre_server": {"seen": 0.2165000006556511, "missing": 0.0, "all": 0.04329999983310699, "macro": 0.043300000950694084}, "global_head_post_server": {"seen": 0.11144999861717224, "missing": 0.0, "all": 0.02229000022634864, "macro": 0.02229000013321638}}, "elapsed": 63.545162200927734}
{"mode": "fedgh", "seed": 0, "round": 5, "metrics": {"cosine": {"seen": 0.23090000003576278, "missing": 0.0, "all": 0.04617999978363514, "macro": 0.04618000090122223}, "l2": {"seen": 0.24480000287294387, "missing": 0.0, "all": 0.04895999990403652, "macro": 0.048959999531507495}, "local_head_pre_server": {"seen": 0.22660000026226043, "missing": 0.0, "all": 0.045320000126957895, "macro": 0.04532000124454498}, "global_head_post_server": {"seen": 0.12050000093877315, "missing": 0.0, "all": 0.024100000131875278, "macro": 0.024100000131875278}}, "elapsed": 79.53172183036804}
{"mode": "fedgh", "seed": 0, "round": 6, "metrics": {"cosine": {"seen": 0.23739999830722808, "missing": 0.0, "all": 0.0474799994379282, "macro": 0.04748000055551529}, "l2": {"seen": 0.25354999899864195, "missing": 0.0, "all": 0.05071000009775162, "macro": 0.05070999935269356}, "local_head_pre_server": {"seen": 0.23699999898672103, "missing": 0.0, "all": 0.04739999976009131, "macro": 0.047399999015033244}, "global_head_post_server": {"seen": 0.12294999845325946, "missing": 0.0, "all": 0.0245899997651577, "macro": 0.024589999578893185}}, "elapsed": 95.39364290237427}
{"mode": "fedgh", "seed": 0, "round": 7, "metrics": {"cosine": {"seen": 0.24740000218153, "missing": 0.0, "all": 0.04947999976575375, "macro": 0.04948000013828278}, "l2": {"seen": 0.2628000006079674, "missing": 0.0, "all": 0.0525600004941225, "macro": 0.0525600004941225}, "local_head_pre_server": {"seen": 0.2587499976158142, "missing": 0.0, "all": 0.0517500001937151, "macro": 0.051750000938773154}, "global_head_post_server": {"seen": 0.13510000035166742, "missing": 0.0, "all": 0.027020000014454128, "macro": 0.027020000107586383}}, "elapsed": 110.495361328125}
{"mode": "fedgh", "seed": 0, "round": 8, "metrics": {"cosine": {"seen": 0.2591000035405159, "missing": 0.0, "all": 0.051820000261068346, "macro": 0.051819998398423196}, "l2": {"seen": 0.2739999994635582, "missing": 0.0, "all": 0.05480000004172325, "macro": 0.0547999981790781}, "local_head_pre_server": {"seen": 0.27529999762773516, "missing": 0.0, "all": 0.05505999960005283, "macro": 0.055059998854994775}, "global_head_post_server": {"seen": 0.141499999538064, "missing": 0.0, "all": 0.02829999979585409, "macro": 0.028299999702721835}}, "elapsed": 127.2663185596466}
{"mode": "fedgh", "seed": 0, "round": 9, "metrics": {"cosine": {"seen": 0.2605000019073486, "missing": 0.0, "all": 0.052099999785423276, "macro": 0.05209999829530716}, "l2": {"seen": 0.2773499995470047, "missing": 0.0, "all": 0.055470000579953195, "macro": 0.05546999983489513}, "local_head_pre_server": {"seen": 0.30589999854564665, "missing": 0.0, "all": 0.06118000037968159, "macro": 0.061179998144507405}, "global_head_post_server": {"seen": 0.15404999852180482, "missing": 0.0, "all": 0.030810000374913216, "macro": 0.030810000002384187}}, "elapsed": 144.02552461624146}
/home/wenchang/asdasdsad/wjq/PPRTP/releases/20260919-032529-h12a/pprtp/paired.py:43: UserWarning: torch.linalg.svd: During SVD computation with the selected cusolver driver, batches 0 failed to converge. A more accurate method will be used to compute the SVD as a fallback. Check doc at https://pytorch.org/docs/stable/generated/torch.linalg.svd.html (Triggered internally at ../aten/src/ATen/native/cuda/linalg/BatchLinearAlgebraLib.cpp:697.)
  u,s,vh=torch.linalg.svd(xc.T@yc,full_matrices=False)
{"mode": "fedgh", "seed": 0, "round": 10, "metrics": {"cosine": {"seen": 0.2703000009059906, "missing": 0.0, "all": 0.05406000018119812, "macro": 0.05405999906361103}, "l2": {"seen": 0.28569999784231187, "missing": 0.0, "all": 0.05713999941945076, "macro": 0.0571399986743927}, "local_head_pre_server": {"seen": 0.29594999700784685, "missing": 0.0, "all": 0.059189999103546144, "macro": 0.0591899998486042}, "global_head_post_server": {"seen": 0.16179999932646752, "missing": 0.0, "all": 0.03235999960452318, "macro": 0.032359999418258664}}, "elapsed": 318.40789461135864}
[autodl] finished_at=2026-09-19T03:37:20+08:00
[autodl] exit_code=0
