[autodl] run_id=20260919-163816-h16a-one-owner
[autodl] started_at=2026-09-19T16:38:24+08:00
test_nested_prefixes (test_anchor_count.AnchorCountTest.test_nested_prefixes) ... ok
test_rank_diagnostics_preserve_full_anchor_result (test_anchor_count.AnchorCountTest.test_rank_diagnostics_preserve_full_anchor_result) ... ok
test_unmodified_upstream_two_rounds (test_baseline.BaselineTest.test_unmodified_upstream_two_rounds) ... ok
test_invariance_and_exact_assembly (test_centered.CenteredTest.test_invariance_and_exact_assembly) ... ok
test_explicit_ownership_seed_reproduces_old_split_and_changes_graph (test_cifar100.Cifar100Test.test_explicit_ownership_seed_reproduces_old_split_and_changes_graph) ... ok
test_metrics_histograms_and_all100_rows (test_cifar100.Cifar100Test.test_metrics_histograms_and_all100_rows) ... ok
test_nested_one_owner_historical_order_and_coverage (test_cifar100.Cifar100Test.test_nested_one_owner_historical_order_and_coverage) ... ok
test_new_graph_three_arm_initialization_and_actual_batch_pairing (test_cifar100.Cifar100Test.test_new_graph_three_arm_initialization_and_actual_batch_pairing) ... ok
test_one_owner_three_arm_entrypoint (test_cifar100.Cifar100Test.test_one_owner_three_arm_entrypoint) ... ok
test_ownership_label_blind_reservation_and_full_coverage (test_cifar100.Cifar100Test.test_ownership_label_blind_reservation_and_full_coverage) ... ok
test_three_arm_100class_entrypoint (test_cifar100.Cifar100Test.test_three_arm_100class_entrypoint) ... ok
test_three_readouts_100class_isolation_and_label_independence (test_cifar100.Cifar100Test.test_three_readouts_100class_isolation_and_label_independence) ... ok
test_training_seeds_keep_h12a_split_and_change_initialization (test_cifar100.Cifar100Test.test_training_seeds_keep_h12a_split_and_change_initialization) ... ok
test_affine_mean_weighting_and_class_isolation (test_class_prototypes.ClassPrototypeTest.test_affine_mean_weighting_and_class_isolation) ... ok
test_client_isolation_and_diagnostic_rng (test_class_prototypes.ClassPrototypeTest.test_client_isolation_and_diagnostic_rng) ... ok
test_nullspace_freedom_and_local_rng (test_completion.CompletionTest.test_nullspace_freedom_and_local_rng) ... ok
test_affine_logits_equivalence (test_conditioning.ConditioningTest.test_affine_logits_equivalence) ... ok
test_seed0_historical_regeneration (test_cross_seed.CrossSeedTest.test_seed0_historical_regeneration) ... ok
test_seed12_exact_committed_provenance (test_cross_seed.CrossSeedTest.test_seed12_exact_committed_provenance) ... ok
test_seed_specific_disjoint_construction (test_cross_seed.CrossSeedTest.test_seed_specific_disjoint_construction) ... ok
test_known_metrics (test_data_metrics.DataMetricTests.test_known_metrics) ... ok
test_partition_disjoint_complete_and_reproducible (test_data_metrics.DataMetricTests.test_partition_disjoint_complete_and_reproducible) ... ok
test_direct_path_state_and_rng (test_direct_prototypes.DirectPrototypeTest.test_direct_path_state_and_rng) ... ok
test_hierarchical_weighting_sparse_classes_and_scale (test_direct_prototypes.DirectPrototypeTest.test_hierarchical_weighting_sparse_classes_and_scale) ... ok
test_capture_reference_isolation_and_label_independence (test_dual_space.DualSpaceTest.test_capture_reference_isolation_and_label_independence) ... ok
test_exact_score_columns (test_dual_space.DualSpaceTest.test_exact_score_columns) ... ok
test_local_sgd_matches_upstream_and_weighted_parameter_broadcast (test_fedavg.FedAvgTest.test_local_sgd_matches_upstream_and_weighted_parameter_broadcast) ... ok
test_one_owner_four_arm_pairing_and_global_readout (test_fedavg.FedAvgTest.test_one_owner_four_arm_pairing_and_global_readout) ... ok
test_probe_separable_and_side_effect_free (test_fedgh.FedGHTest.test_probe_separable_and_side_effect_free) ... ok
test_server_update_detach_broadcast_and_all_classes (test_fedgh.FedGHTest.test_server_update_detach_broadcast_and_all_classes) ... ok
test_client_matches_pinned_checkpoint_timing_and_observed_mse (test_fedtgp.FedTGPTest.test_client_matches_pinned_checkpoint_timing_and_observed_mse) ... ok
test_fedtgp_entrypoint_no_transport_and_allclass_readout (test_fedtgp.FedTGPTest.test_fedtgp_entrypoint_no_transport_and_allclass_readout) ... ok
test_post_update_changes_only_collection_timing_without_extra_steps (test_fedtgp.FedTGPTest.test_post_update_changes_only_collection_timing_without_extra_steps) ... ok
test_server_architecture_gap_objective_and_update_match_official (test_fedtgp.FedTGPTest.test_server_architecture_gap_objective_and_update_match_official) ... servers/servertgp.py:186: UserWarning: To copy construct from a tensor, it is recommended to use sourceTensor.clone().detach() or sourceTensor.clone().detach().requires_grad_(True), rather than torch.tensor(sourceTensor).
ok
test_partition_full_coverage_and_frozen_ownership (test_full_data.FullDataTest.test_partition_full_coverage_and_frozen_ownership) ... ok
test_readout_isolation_counts_and_anchor_label_blindness (test_full_data.FullDataTest.test_readout_isolation_counts_and_anchor_label_blindness) ... ok
test_seed_generalization_and_exact_h11a_split (test_full_data.FullDataTest.test_seed_generalization_and_exact_h11a_split) ... ok
test_step_receipt_and_optional_histograms_do_not_change_metrics (test_full_data.FullDataTest.test_step_receipt_and_optional_histograms_do_not_change_metrics) ... ok
test_three_arm_entrypoint_and_final_readouts (test_full_data.FullDataTest.test_three_arm_entrypoint_and_final_readouts) ... ok
test_legacy_permutations_exact_multisets_and_isolation (test_full_pair.FullPairTest.test_legacy_permutations_exact_multisets_and_isolation) ... ok
test_isolation_label_perturbation_and_reference (test_group_refine.GroupRefineTest.test_isolation_label_perturbation_and_reference) ... ok
test_routing_and_arbitrary_missing_correctness (test_group_refine.GroupRefineTest.test_routing_and_arbitrary_missing_correctness) ... ok
test_denominator_and_detachment (test_h01c.H01CTests.test_denominator_and_detachment) ... ok
test_owner_cosine (test_h01c.H01CTests.test_owner_cosine) ... ok
test_same_tensor_direction_matches_direct_autograd (test_h01c.H01CTests.test_same_tensor_direction_matches_direct_autograd) ... ok
test_assignment_counts_support_disjoint_and_deterministic (test_heldout.HeldoutTest.test_assignment_counts_support_disjoint_and_deterministic) ... ok
test_basis_reconstruction_and_head_equivalence (test_helmert.HelmertTest.test_basis_reconstruction_and_head_equivalence) ... ok
test_known_null_energy (test_helmert.HelmertTest.test_known_null_energy) ... ok
test_exact_local_inputs_hierarchy_and_isolation (test_local_source.LocalSourceTest.test_exact_local_inputs_hierarchy_and_isolation) ... ok
test_missing_class_changes_gpc_loss_and_gradient_only (test_mechanism.MechanismTests.test_missing_class_changes_gpc_loss_and_gradient_only) ... ok
test_round_one_pairing_all_modes_and_grad_ratio (test_mechanism.MechanismTests.test_round_one_pairing_all_modes_and_grad_ratio) ... ok
test_sample_weighted_aggregation (test_mechanism.MechanismTests.test_sample_weighted_aggregation) ... ok
test_training_parity_with_unmodified_upstream (test_mechanism.MechanismTests.test_training_parity_with_unmodified_upstream) ... ok
test_validity_and_noncontiguous_labels (test_mechanism.MechanismTests.test_validity_and_noncontiguous_labels) ... ok
test_deterministic_construction_shapes_and_batchnorm_isolation (test_mixed_backbone.MixedBackboneTest.test_deterministic_construction_shapes_and_batchnorm_isolation) ... ok
test_mixed_three_arm_entrypoint_and_readout_isolation (test_mixed_backbone.MixedBackboneTest.test_mixed_three_arm_entrypoint_and_readout_isolation) ... ok
test_seed_replication_initialization_and_actual_batch_orders (test_mixed_backbone.MixedBackboneTest.test_seed_replication_initialization_and_actual_batch_orders) ... ok
test_mask_and_frozen_backprop (test_online.OnlineTest.test_mask_and_frozen_backprop) ... ok
test_pure_bank_and_isolation (test_online.OnlineTest.test_pure_bank_and_isolation) ... ok
test_round_one_pairing_and_batches (test_online.OnlineTest.test_round_one_pairing_and_batches) ... ok
test_balanced_deterministic_disjoint (test_oracle.OracleTest.test_balanced_deterministic_disjoint) ... ok
test_oracle_state_rng_buffers_and_test_label_isolation (test_oracle.OracleTest.test_oracle_state_rng_buffers_and_test_label_isolation) ... ok
test_original_indices_counts_and_exclusion (test_owner_probe.OwnerProbeTest.test_original_indices_counts_and_exclusion) ... ok
test_owner_fit_state_and_test_label_isolation (test_owner_probe.OwnerProbeTest.test_owner_fit_state_and_test_label_isolation) ... ok
test_final_gradient_is_finite_and_side_effect_free (test_paired.PairedTest.test_final_gradient_is_finite_and_side_effect_free) ... ok
test_known_rotation_translation (test_paired.PairedTest.test_known_rotation_translation) ... ok
test_label_blind_selection_and_fit (test_paired.PairedTest.test_label_blind_selection_and_fit) ... ok
test_matched_500_fits_preserve_same_state (test_paired.PairedTest.test_matched_500_fits_preserve_same_state) ... ok
test_pair_breaking_preserves_multiset (test_paired.PairedTest.test_pair_breaking_preserves_multiset) ... ok
test_fixed_cast_and_probe_identity (test_precision.PrecisionTest.test_fixed_cast_and_probe_identity) ... ok
test_invertibility_reconstruction_logits_and_label_isolation (test_precondition.PreconditionTest.test_invertibility_reconstruction_logits_and_label_isolation) ... ok
test_column_permutation_preserves_each_sample (test_relation.RelationTest.test_column_permutation_preserves_each_sample) ... ok
test_orthogonal_translation_invariance (test_relation.RelationTest.test_orthogonal_translation_invariance) ... ok
test_eligible_prediction_and_rejection (test_router.RouterTest.test_eligible_prediction_and_rejection) ... ok
test_loo_and_order_statistic (test_router.RouterTest.test_loo_and_order_statistic) ... ok
test_train_only_isolation_and_label_perturbation (test_router.RouterTest.test_train_only_isolation_and_label_perturbation) ... ok

----------------------------------------------------------------------
Ran 76 tests in 101.049s

OK
Files already downloaded and verified
Files already downloaded and verified
{"mode": "local", "seed": 0, "round": 1, "metrics": {"head": {"seen": 0.19680000022053717, "missing": 0.0, "all": 0.019679999724030495, "macro": 0.019680000189691783}, "cosine": {"seen": 0.3044999986886978, "missing": 0.0, "all": 0.030450000055134298, "macro": 0.030449999682605266}, "l2": {"seen": 0.13619999811053277, "missing": 0.0, "all": 0.013620000146329404, "macro": 0.013619999773800373}}, "elapsed": 14.895478963851929}
{"mode": "local", "seed": 0, "round": 2, "metrics": {"head": {"seen": 0.32909999787807465, "missing": 0.0, "all": 0.032910000160336496, "macro": 0.03290999941527843}, "cosine": {"seen": 0.3279999986290932, "missing": 0.0, "all": 0.03280000053346157, "macro": 0.03279999997466802}, "l2": {"seen": 0.33379999697208407, "missing": 0.0, "all": 0.03338000010699034, "macro": 0.033379999361932276}}, "elapsed": 29.068854093551636}
{"mode": "local", "seed": 0, "round": 3, "metrics": {"head": {"seen": 0.3610000014305115, "missing": 0.0, "all": 0.03609999977052212, "macro": 0.036100000888109204}, "cosine": {"seen": 0.35530000030994413, "missing": 0.0, "all": 0.03552999999374151, "macro": 0.03553000073879957}, "l2": {"seen": 0.37670000195503234, "missing": 0.0, "all": 0.03767000064253807, "macro": 0.0376699997112155}}, "elapsed": 43.44613718986511}
{"mode": "local", "seed": 0, "round": 4, "metrics": {"head": {"seen": 0.3998999983072281, "missing": 0.0, "all": 0.03999000042676926, "macro": 0.039989999309182164}, "cosine": {"seen": 0.37870000302791595, "missing": 0.0, "all": 0.03786999974399805, "macro": 0.03786999993026256}, "l2": {"seen": 0.39749999940395353, "missing": 0.0, "all": 0.03974999971687794, "macro": 0.039749998971819876}}, "elapsed": 57.67323350906372}
{"mode": "local", "seed": 0, "round": 5, "metrics": {"head": {"seen": 0.4324999988079071, "missing": 0.0, "all": 0.04325000047683716, "macro": 0.04324999935925007}, "cosine": {"seen": 0.39519999623298646, "missing": 0.0, "all": 0.03952000048011541, "macro": 0.03951999954879284}, "l2": {"seen": 0.4181999981403351, "missing": 0.0, "all": 0.04182000048458576, "macro": 0.04181999936699867}}, "elapsed": 68.15045142173767}
{"mode": "local", "seed": 0, "round": 6, "metrics": {"head": {"seen": 0.4354000002145767, "missing": 0.0, "all": 0.04353999979794025, "macro": 0.043539999052882195}, "cosine": {"seen": 0.4100999981164932, "missing": 0.0, "all": 0.04101000018417835, "macro": 0.04100999981164932}, "l2": {"seen": 0.43190000355243685, "missing": 0.0, "all": 0.04319000020623207, "macro": 0.04318999908864498}}, "elapsed": 82.43426156044006}
{"mode": "local", "seed": 0, "round": 7, "metrics": {"head": {"seen": 0.46519999802112577, "missing": 0.0, "all": 0.046519999578595164, "macro": 0.04652000032365322}, "cosine": {"seen": 0.42549999952316286, "missing": 0.0, "all": 0.04254999980330467, "macro": 0.0425500001758337}, "l2": {"seen": 0.4373999983072281, "missing": 0.0, "all": 0.04374000057578087, "macro": 0.04373999908566475}}, "elapsed": 96.38707900047302}
{"mode": "local", "seed": 0, "round": 8, "metrics": {"head": {"seen": 0.4861000061035156, "missing": 0.0, "all": 0.04860999956727028, "macro": 0.04860999993979931}, "cosine": {"seen": 0.4410000056028366, "missing": 0.0, "all": 0.044100000709295276, "macro": 0.04409999996423721}, "l2": {"seen": 0.4568000018596649, "missing": 0.0, "all": 0.045680000260472295, "macro": 0.045680000260472295}}, "elapsed": 110.516761302948}
{"mode": "local", "seed": 0, "round": 9, "metrics": {"head": {"seen": 0.5079000115394592, "missing": 0.0, "all": 0.050789999589323995, "macro": 0.05078999996185303}, "cosine": {"seen": 0.4485000014305115, "missing": 0.0, "all": 0.0448500007390976, "macro": 0.044849999621510504}, "l2": {"seen": 0.4663000017404556, "missing": 0.0, "all": 0.04662999995052815, "macro": 0.046629999205470084}}, "elapsed": 124.4110062122345}
{"mode": "local", "seed": 0, "round": 10, "metrics": {"head": {"seen": 0.5107000052928925, "missing": 0.0, "all": 0.05106999985873699, "macro": 0.05107000060379505}, "cosine": {"seen": 0.4680000007152557, "missing": 0.0, "all": 0.04680000022053719, "macro": 0.046799999102950095}, "l2": {"seen": 0.4757000029087067, "missing": 0.0, "all": 0.04757000021636486, "macro": 0.04757000058889389}}, "elapsed": 138.34135174751282}
Files already downloaded and verified
Files already downloaded and verified
{"mode": "fedproto", "seed": 0, "round": 1, "metrics": {"head": {"seen": 0.19680000022053717, "missing": 0.0, "all": 0.019679999724030495, "macro": 0.019680000189691783}, "cosine": {"seen": 0.3044999986886978, "missing": 0.0, "all": 0.030450000055134298, "macro": 0.030449999682605266}, "l2": {"seen": 0.13619999811053277, "missing": 0.0, "all": 0.013620000146329404, "macro": 0.013619999773800373}}, "elapsed": 14.535991668701172}
{"mode": "fedproto", "seed": 0, "round": 2, "metrics": {"head": {"seen": 0.3430000007152557, "missing": 0.0, "all": 0.03430000022053718, "macro": 0.03430000022053718}, "cosine": {"seen": 0.33489999920129776, "missing": 0.0, "all": 0.03348999992012978, "macro": 0.03348999954760075}, "l2": {"seen": 0.34970000088214875, "missing": 0.0, "all": 0.0349700003862381, "macro": 0.03497000019997358}}, "elapsed": 28.058470249176025}
{"mode": "fedproto", "seed": 0, "round": 3, "metrics": {"head": {"seen": 0.3696999967098236, "missing": 0.0, "all": 0.03697000090032816, "macro": 0.03697000052779913}, "cosine": {"seen": 0.36759999990463255, "missing": 0.0, "all": 0.036759999394416806, "macro": 0.03675999995321035}, "l2": {"seen": 0.38990000188350676, "missing": 0.0, "all": 0.038990000076591966, "macro": 0.038990000449121}}, "elapsed": 41.181636571884155}
{"mode": "fedproto", "seed": 0, "round": 4, "metrics": {"head": {"seen": 0.40230000019073486, "missing": 0.0, "all": 0.04023000001907349, "macro": 0.040230000205338}, "cosine": {"seen": 0.391799995303154, "missing": 0.0, "all": 0.03917999994009733, "macro": 0.039180000126361844}, "l2": {"seen": 0.41020000278949736, "missing": 0.0, "all": 0.041019999794662, "macro": 0.04101999867707491}}, "elapsed": 54.287113666534424}
{"mode": "fedproto", "seed": 0, "round": 5, "metrics": {"head": {"seen": 0.4330000072717667, "missing": 0.0, "all": 0.04329999983310699, "macro": 0.04329999946057796}, "cosine": {"seen": 0.41550000607967374, "missing": 0.0, "all": 0.041549999825656415, "macro": 0.04155000057071447}, "l2": {"seen": 0.435400003194809, "missing": 0.0, "all": 0.043540000542998315, "macro": 0.04353999979794025}}, "elapsed": 67.32854199409485}
{"mode": "fedproto", "seed": 0, "round": 6, "metrics": {"head": {"seen": 0.44419999718666076, "missing": 0.0, "all": 0.044419999793171884, "macro": 0.04442000016570091}, "cosine": {"seen": 0.43179999887943266, "missing": 0.0, "all": 0.04318000040948391, "macro": 0.04317999929189682}, "l2": {"seen": 0.45549999475479125, "missing": 0.0, "all": 0.04555000029504299, "macro": 0.04555000066757202}}, "elapsed": 80.42492461204529}
{"mode": "fedproto", "seed": 0, "round": 7, "metrics": {"head": {"seen": 0.4749999940395355, "missing": 0.0, "all": 0.04749999940395355, "macro": 0.04750000014901161}, "cosine": {"seen": 0.4527999997138977, "missing": 0.0, "all": 0.04528000056743622, "macro": 0.04527999982237816}, "l2": {"seen": 0.4699999988079071, "missing": 0.0, "all": 0.04700000062584877, "macro": 0.04699999913573265}}, "elapsed": 93.39974546432495}
{"mode": "fedproto", "seed": 0, "round": 8, "metrics": {"head": {"seen": 0.4956000030040741, "missing": 0.0, "all": 0.04956000000238418, "macro": 0.049559999257326126}, "cosine": {"seen": 0.4776000022888184, "missing": 0.0, "all": 0.047760000452399254, "macro": 0.047759998589754105}, "l2": {"seen": 0.4892000049352646, "missing": 0.0, "all": 0.04891999959945679, "macro": 0.04892000146210194}}, "elapsed": 106.37578296661377}
{"mode": "fedproto", "seed": 0, "round": 9, "metrics": {"head": {"seen": 0.518800002336502, "missing": 0.0, "all": 0.05187999978661537, "macro": 0.05187999978661537}, "cosine": {"seen": 0.49330000281333924, "missing": 0.0, "all": 0.049330000206828116, "macro": 0.04932999908924103}, "l2": {"seen": 0.5047000080347062, "missing": 0.0, "all": 0.05046999976038933, "macro": 0.05047000013291836}}, "elapsed": 119.35820627212524}
{"mode": "fedproto", "seed": 0, "round": 10, "metrics": {"head": {"seen": 0.5233999907970428, "missing": 0.0, "all": 0.05234000012278557, "macro": 0.05233999863266945}, "cosine": {"seen": 0.5088999986648559, "missing": 0.0, "all": 0.05089000016450882, "macro": 0.05088999979197979}, "l2": {"seen": 0.5139999955892562, "missing": 0.0, "all": 0.05140000022947788, "macro": 0.05139999911189079}}, "elapsed": 132.43120431900024}
Files already downloaded and verified
Files already downloaded and verified
{"mode": "fedgh", "seed": 0, "round": 1, "metrics": {"cosine": {"seen": 0.3044999986886978, "missing": 0.0, "all": 0.030450000055134298, "macro": 0.030449999682605266}, "l2": {"seen": 0.13619999811053277, "missing": 0.0, "all": 0.013620000146329404, "macro": 0.013619999773800373}, "local_head_pre_server": {"seen": 0.19680000022053717, "missing": 0.0, "all": 0.019679999724030495, "macro": 0.019680000189691783}, "global_head_post_server": {"seen": 0.18229999989271164, "missing": 0.0, "all": 0.01823000004515052, "macro": 0.01822999967262149}}, "elapsed": 17.994938850402832}
{"mode": "fedgh", "seed": 0, "round": 2, "metrics": {"cosine": {"seen": 0.3229000046849251, "missing": 0.0, "all": 0.03229000046849251, "macro": 0.03229000009596348}, "l2": {"seen": 0.325, "missing": 0.0, "all": 0.0324999999254942, "macro": 0.03250000011175871}, "local_head_pre_server": {"seen": 0.31169999539852145, "missing": 0.0, "all": 0.03117000013589859, "macro": 0.031169999577105045}, "global_head_post_server": {"seen": 0.11980000138282776, "missing": 0.0, "all": 0.011979999952018261, "macro": 0.011979999952018261}}, "elapsed": 35.9385507106781}
{"mode": "fedgh", "seed": 0, "round": 3, "metrics": {"cosine": {"seen": 0.34780000150203705, "missing": 0.0, "all": 0.03478000033646822, "macro": 0.03477999996393919}, "l2": {"seen": 0.3656999975442886, "missing": 0.0, "all": 0.0365700002759695, "macro": 0.03656999971717596}, "local_head_pre_server": {"seen": 0.33730000257492065, "missing": 0.0, "all": 0.03372999988496304, "macro": 0.03373000156134367}, "global_head_post_server": {"seen": 0.16630000174045562, "missing": 0.0, "all": 0.01663000015541911, "macro": 0.01663000024855137}}, "elapsed": 53.753528118133545}
{"mode": "fedgh", "seed": 0, "round": 4, "metrics": {"cosine": {"seen": 0.37090000212192537, "missing": 0.0, "all": 0.03709000013768673, "macro": 0.03708999808877707}, "l2": {"seen": 0.38889999985694884, "missing": 0.0, "all": 0.03889000006020069, "macro": 0.03889000080525875}, "local_head_pre_server": {"seen": 0.3747999966144562, "missing": 0.0, "all": 0.03748000022023916, "macro": 0.03748000040650368}, "global_head_post_server": {"seen": 0.1964999981224537, "missing": 0.0, "all": 0.01964999996125698, "macro": 0.019650000054389237}}, "elapsed": 71.2418110370636}
{"mode": "fedgh", "seed": 0, "round": 5, "metrics": {"cosine": {"seen": 0.38939999639987943, "missing": 0.0, "all": 0.03894000090658665, "macro": 0.03894000072032213}, "l2": {"seen": 0.40529999434947966, "missing": 0.0, "all": 0.0405299998819828, "macro": 0.04053000081330538}, "local_head_pre_server": {"seen": 0.4029000014066696, "missing": 0.0, "all": 0.040289999917149544, "macro": 0.040289999917149544}, "global_head_post_server": {"seen": 0.21429999992251397, "missing": 0.0, "all": 0.021430000104010104, "macro": 0.021429999265819788}}, "elapsed": 89.26180982589722}
{"mode": "fedgh", "seed": 0, "round": 6, "metrics": {"cosine": {"seen": 0.4062999993562698, "missing": 0.0, "all": 0.04063000045716762, "macro": 0.040630000084638594}, "l2": {"seen": 0.42170000076293945, "missing": 0.0, "all": 0.042169999703764914, "macro": 0.042169999331235886}, "local_head_pre_server": {"seen": 0.39680000245571134, "missing": 0.0, "all": 0.03968000002205372, "macro": 0.03968000002205372}, "global_head_post_server": {"seen": 0.2149000011384487, "missing": 0.0, "all": 0.021489999908953904, "macro": 0.021489999443292617}}, "elapsed": 106.54768490791321}
{"mode": "fedgh", "seed": 0, "round": 7, "metrics": {"cosine": {"seen": 0.42080000042915344, "missing": 0.0, "all": 0.04207999929785729, "macro": 0.04207999929785729}, "l2": {"seen": 0.42950000166893004, "missing": 0.0, "all": 0.042949999868869784, "macro": 0.04295000061392784}, "local_head_pre_server": {"seen": 0.42950000166893004, "missing": 0.0, "all": 0.04295000024139881, "macro": 0.042949999868869784}, "global_head_post_server": {"seen": 0.2256999969482422, "missing": 0.0, "all": 0.022569999750703573, "macro": 0.022570000682026147}}, "elapsed": 124.05569863319397}
{"mode": "fedgh", "seed": 0, "round": 8, "metrics": {"cosine": {"seen": 0.43599999845027926, "missing": 0.0, "all": 0.04360000006854534, "macro": 0.043599999696016314}, "l2": {"seen": 0.44719999432563784, "missing": 0.0, "all": 0.0447199996560812, "macro": 0.0447199996560812}, "local_head_pre_server": {"seen": 0.4395000010728836, "missing": 0.0, "all": 0.04395000003278256, "macro": 0.04395000003278256}, "global_head_post_server": {"seen": 0.2363999977707863, "missing": 0.0, "all": 0.02363999988883734, "macro": 0.023640000261366367}}, "elapsed": 142.00346755981445}
{"mode": "fedgh", "seed": 0, "round": 9, "metrics": {"cosine": {"seen": 0.4446000009775162, "missing": 0.0, "all": 0.04445999972522259, "macro": 0.04446000009775162}, "l2": {"seen": 0.4583000004291534, "missing": 0.0, "all": 0.04582999981939793, "macro": 0.0458299994468689}, "local_head_pre_server": {"seen": 0.4613000065088272, "missing": 0.0, "all": 0.0461300004273653, "macro": 0.04613000005483627}, "global_head_post_server": {"seen": 0.2420999988913536, "missing": 0.0, "all": 0.02421000013127923, "macro": 0.0242099997587502}}, "elapsed": 158.64014625549316}
/home/wenchang/asdasdsad/wjq/PPRTP/releases/20260919-163638-h16a/pprtp/paired.py:43: UserWarning: torch.linalg.svd: During SVD computation with the selected cusolver driver, batches 0 failed to converge. A more accurate method will be used to compute the SVD as a fallback. Check doc at https://pytorch.org/docs/stable/generated/torch.linalg.svd.html (Triggered internally at ../aten/src/ATen/native/cuda/linalg/BatchLinearAlgebraLib.cpp:697.)
  u,s,vh=torch.linalg.svd(xc.T@yc,full_matrices=False)
{"mode": "fedgh", "seed": 0, "round": 10, "metrics": {"cosine": {"seen": 0.4610999941825867, "missing": 0.0, "all": 0.04611000046133995, "macro": 0.04611000120639801}, "l2": {"seen": 0.46849999725818636, "missing": 0.0, "all": 0.04685000032186508, "macro": 0.04685000032186508}, "local_head_pre_server": {"seen": 0.4652999997138977, "missing": 0.0, "all": 0.046530000120401385, "macro": 0.04652999937534332}, "global_head_post_server": {"seen": 0.24819999933242798, "missing": 0.0, "all": 0.024819999933242798, "macro": 0.024819999281316996}}, "elapsed": 322.5044662952423}
Files already downloaded and verified
Files already downloaded and verified
{"mode": "fedavg", "seed": 0, "round": 1, "metrics": {"head": {"seen": 0.19680000022053717, "missing": 0.0, "all": 0.019679999724030495, "macro": 0.019680000189691783}, "cosine": {"seen": 0.3044999986886978, "missing": 0.0, "all": 0.030450000055134298, "macro": 0.030449999682605266}, "l2": {"seen": 0.13619999811053277, "missing": 0.0, "all": 0.013620000146329404, "macro": 0.013619999773800373}, "global_model_post_server": {"seen": 0.013700000010430813, "missing": 0.013700000243261456, "all": 0.013700000010430813, "macro": 0.013700000010430813}}, "elapsed": 18.85981321334839}
{"mode": "fedavg", "seed": 0, "round": 2, "metrics": {"head": {"seen": 0.29630000293254855, "missing": 0.0, "all": 0.02962999977171421, "macro": 0.02962999977171421}, "cosine": {"seen": 0.31980000138282777, "missing": 0.0, "all": 0.03198000062257052, "macro": 0.031979999504983425}, "l2": {"seen": 0.3191999986767769, "missing": 0.0, "all": 0.03191999979317188, "macro": 0.0319199999794364}, "global_model_post_server": {"seen": 0.028699999582022427, "missing": 0.0286999998614192, "all": 0.028699999675154686, "macro": 0.028699999675154686}}, "elapsed": 37.14638924598694}
{"mode": "fedavg", "seed": 0, "round": 3, "metrics": {"head": {"seen": 0.31239999979734423, "missing": 0.0, "all": 0.03124000020325184, "macro": 0.03123999908566475}, "cosine": {"seen": 0.3347999930381775, "missing": 0.0, "all": 0.03348000012338161, "macro": 0.03348000068217516}, "l2": {"seen": 0.35409999787807467, "missing": 0.0, "all": 0.0354100001975894, "macro": 0.035409999638795854}, "global_model_post_server": {"seen": 0.04389999946579337, "missing": 0.04390000030398369, "all": 0.04390000179409981, "macro": 0.04390000179409981}}, "elapsed": 55.34142231941223}
{"mode": "fedavg", "seed": 0, "round": 4, "metrics": {"head": {"seen": 0.33879999816417694, "missing": 0.0, "all": 0.03388000037521124, "macro": 0.03387999981641769}, "cosine": {"seen": 0.3443000003695488, "missing": 0.0, "all": 0.03442999981343746, "macro": 0.034430000372231005}, "l2": {"seen": 0.367399999499321, "missing": 0.0, "all": 0.03673999905586243, "macro": 0.036739999800920485}, "global_model_post_server": {"seen": 0.06070000026375055, "missing": 0.06069999970495701, "all": 0.06069999933242798, "macro": 0.06070000305771828}}, "elapsed": 72.91582107543945}
{"mode": "fedavg", "seed": 0, "round": 5, "metrics": {"head": {"seen": 0.35219999849796296, "missing": 0.0, "all": 0.035219999775290486, "macro": 0.035219999775290486}, "cosine": {"seen": 0.3479999989271164, "missing": 0.0, "all": 0.03480000030249357, "macro": 0.03479999843984842}, "l2": {"seen": 0.36969999969005585, "missing": 0.0, "all": 0.0369700001552701, "macro": 0.03696999996900559}, "global_model_post_server": {"seen": 0.06799999997019768, "missing": 0.06799999997019768, "all": 0.06800000369548798, "macro": 0.06799999624490738}}, "elapsed": 91.16485118865967}
{"mode": "fedavg", "seed": 0, "round": 6, "metrics": {"head": {"seen": 0.3317000031471252, "missing": 0.0, "all": 0.033170000091195105, "macro": 0.03316999897360802}, "cosine": {"seen": 0.3553999990224838, "missing": 0.0, "all": 0.03553999997675419, "macro": 0.03553999960422516}, "l2": {"seen": 0.38119999766349794, "missing": 0.0, "all": 0.038120000064373015, "macro": 0.03811999894678593}, "global_model_post_server": {"seen": 0.08129999972879887, "missing": 0.08129999935626983, "all": 0.08129999786615372, "macro": 0.08129999786615372}}, "elapsed": 109.44358658790588}
{"mode": "fedavg", "seed": 0, "round": 7, "metrics": {"head": {"seen": 0.35800000131130216, "missing": 0.0, "all": 0.0357999999076128, "macro": 0.03579999934881926}, "cosine": {"seen": 0.36269999444484713, "missing": 0.0, "all": 0.036270000785589215, "macro": 0.03626999948173761}, "l2": {"seen": 0.38150000274181367, "missing": 0.0, "all": 0.03815000019967556, "macro": 0.03815000150352717}, "global_model_post_server": {"seen": 0.08809999972581864, "missing": 0.08809999898076057, "all": 0.08810000121593475, "macro": 0.08809999376535416}}, "elapsed": 127.06732773780823}
{"mode": "fedavg", "seed": 0, "round": 8, "metrics": {"head": {"seen": 0.36279999911785127, "missing": 0.0, "all": 0.03628000058233738, "macro": 0.03628000020980835}, "cosine": {"seen": 0.36830000281333924, "missing": 0.0, "all": 0.03683000020682812, "macro": 0.03683000113815069}, "l2": {"seen": 0.39220000207424166, "missing": 0.0, "all": 0.03921999968588352, "macro": 0.039220000803470614}, "global_model_post_server": {"seen": 0.0924000009894371, "missing": 0.09240000024437904, "all": 0.09239999949932098, "macro": 0.09240000694990158}}, "elapsed": 145.09899067878723}
{"mode": "fedavg", "seed": 0, "round": 9, "metrics": {"head": {"seen": 0.3761999994516373, "missing": 0.0, "all": 0.03761999998241663, "macro": 0.03761999998241663}, "cosine": {"seen": 0.3754999965429306, "missing": 0.0, "all": 0.0375500001013279, "macro": 0.03754999972879887}, "l2": {"seen": 0.3959000051021576, "missing": 0.0, "all": 0.03959000054746866, "macro": 0.039589999802410604}, "global_model_post_server": {"seen": 0.09389999844133853, "missing": 0.09390000030398368, "all": 0.09390000253915787, "macro": 0.09390000253915787}}, "elapsed": 163.21596240997314}
{"mode": "fedavg", "seed": 0, "round": 10, "metrics": {"head": {"seen": 0.3760000020265579, "missing": 0.0, "all": 0.03759999983012676, "macro": 0.03760000020265579}, "cosine": {"seen": 0.38039999902248384, "missing": 0.0, "all": 0.038039999827742574, "macro": 0.038039999268949035}, "l2": {"seen": 0.39959999918937683, "missing": 3.333333297632635e-05, "all": 0.03999000005424023, "macro": 0.0399899996817112}, "global_model_post_server": {"seen": 0.09809999987483024, "missing": 0.09809999987483024, "all": 0.09809999912977219, "macro": 0.09809999167919159}}, "elapsed": 181.30979180335999}
[autodl] finished_at=2026-09-19T16:53:20+08:00
[autodl] exit_code=0
