[autodl] run_id=20260919-144131-h15b-postupdate100
[autodl] started_at=2026-09-19T14:41:36+08:00
test_nested_prefixes (test_anchor_count.AnchorCountTest.test_nested_prefixes) ... ok
test_rank_diagnostics_preserve_full_anchor_result (test_anchor_count.AnchorCountTest.test_rank_diagnostics_preserve_full_anchor_result) ... ok
test_unmodified_upstream_two_rounds (test_baseline.BaselineTest.test_unmodified_upstream_two_rounds) ... ok
test_invariance_and_exact_assembly (test_centered.CenteredTest.test_invariance_and_exact_assembly) ... ok
test_explicit_ownership_seed_reproduces_old_split_and_changes_graph (test_cifar100.Cifar100Test.test_explicit_ownership_seed_reproduces_old_split_and_changes_graph) ... ok
test_metrics_histograms_and_all100_rows (test_cifar100.Cifar100Test.test_metrics_histograms_and_all100_rows) ... ok
test_new_graph_three_arm_initialization_and_actual_batch_pairing (test_cifar100.Cifar100Test.test_new_graph_three_arm_initialization_and_actual_batch_pairing) ... ok
test_ownership_label_blind_reservation_and_full_coverage (test_cifar100.Cifar100Test.test_ownership_label_blind_reservation_and_full_coverage) ... ok
test_three_arm_100class_entrypoint (test_cifar100.Cifar100Test.test_three_arm_100class_entrypoint) ... ok
test_three_readouts_100class_isolation_and_label_independence (test_cifar100.Cifar100Test.test_three_readouts_100class_isolation_and_label_independence) ... ok
test_training_seeds_keep_h12a_split_and_change_initialization (test_cifar100.Cifar100Test.test_training_seeds_keep_h12a_split_and_change_initialization) ... ok
test_affine_mean_weighting_and_class_isolation (test_class_prototypes.ClassPrototypeTest.test_affine_mean_weighting_and_class_isolation) ... ok
test_client_isolation_and_diagnostic_rng (test_class_prototypes.ClassPrototypeTest.test_client_isolation_and_diagnostic_rng) ... ok
test_nullspace_freedom_and_local_rng (test_completion.CompletionTest.test_nullspace_freedom_and_local_rng) ... ok
test_affine_logits_equivalence (test_conditioning.ConditioningTest.test_affine_logits_equivalence) ... ok
test_seed0_historical_regeneration (test_cross_seed.CrossSeedTest.test_seed0_historical_regeneration) ... ok
test_seed12_exact_committed_provenance (test_cross_seed.CrossSeedTest.test_seed12_exact_committed_provenance) ... ok
test_seed_specific_disjoint_construction (test_cross_seed.CrossSeedTest.test_seed_specific_disjoint_construction) ... ok
test_known_metrics (test_data_metrics.DataMetricTests.test_known_metrics) ... ok
test_partition_disjoint_complete_and_reproducible (test_data_metrics.DataMetricTests.test_partition_disjoint_complete_and_reproducible) ... ok
test_direct_path_state_and_rng (test_direct_prototypes.DirectPrototypeTest.test_direct_path_state_and_rng) ... ok
test_hierarchical_weighting_sparse_classes_and_scale (test_direct_prototypes.DirectPrototypeTest.test_hierarchical_weighting_sparse_classes_and_scale) ... ok
test_capture_reference_isolation_and_label_independence (test_dual_space.DualSpaceTest.test_capture_reference_isolation_and_label_independence) ... ok
test_exact_score_columns (test_dual_space.DualSpaceTest.test_exact_score_columns) ... ok
test_probe_separable_and_side_effect_free (test_fedgh.FedGHTest.test_probe_separable_and_side_effect_free) ... ok
test_server_update_detach_broadcast_and_all_classes (test_fedgh.FedGHTest.test_server_update_detach_broadcast_and_all_classes) ... ok
test_client_matches_pinned_checkpoint_timing_and_observed_mse (test_fedtgp.FedTGPTest.test_client_matches_pinned_checkpoint_timing_and_observed_mse) ... ok
test_fedtgp_entrypoint_no_transport_and_allclass_readout (test_fedtgp.FedTGPTest.test_fedtgp_entrypoint_no_transport_and_allclass_readout) ... ok
test_post_update_changes_only_collection_timing_without_extra_steps (test_fedtgp.FedTGPTest.test_post_update_changes_only_collection_timing_without_extra_steps) ... ok
test_server_architecture_gap_objective_and_update_match_official (test_fedtgp.FedTGPTest.test_server_architecture_gap_objective_and_update_match_official) ... servers/servertgp.py:186: UserWarning: To copy construct from a tensor, it is recommended to use sourceTensor.clone().detach() or sourceTensor.clone().detach().requires_grad_(True), rather than torch.tensor(sourceTensor).
ok
test_partition_full_coverage_and_frozen_ownership (test_full_data.FullDataTest.test_partition_full_coverage_and_frozen_ownership) ... ok
test_readout_isolation_counts_and_anchor_label_blindness (test_full_data.FullDataTest.test_readout_isolation_counts_and_anchor_label_blindness) ... ok
test_seed_generalization_and_exact_h11a_split (test_full_data.FullDataTest.test_seed_generalization_and_exact_h11a_split) ... ok
test_step_receipt_and_optional_histograms_do_not_change_metrics (test_full_data.FullDataTest.test_step_receipt_and_optional_histograms_do_not_change_metrics) ... ok
test_three_arm_entrypoint_and_final_readouts (test_full_data.FullDataTest.test_three_arm_entrypoint_and_final_readouts) ... ok
test_legacy_permutations_exact_multisets_and_isolation (test_full_pair.FullPairTest.test_legacy_permutations_exact_multisets_and_isolation) ... ok
test_isolation_label_perturbation_and_reference (test_group_refine.GroupRefineTest.test_isolation_label_perturbation_and_reference) ... ok
test_routing_and_arbitrary_missing_correctness (test_group_refine.GroupRefineTest.test_routing_and_arbitrary_missing_correctness) ... ok
test_denominator_and_detachment (test_h01c.H01CTests.test_denominator_and_detachment) ... ok
test_owner_cosine (test_h01c.H01CTests.test_owner_cosine) ... ok
test_same_tensor_direction_matches_direct_autograd (test_h01c.H01CTests.test_same_tensor_direction_matches_direct_autograd) ... ok
test_assignment_counts_support_disjoint_and_deterministic (test_heldout.HeldoutTest.test_assignment_counts_support_disjoint_and_deterministic) ... ok
test_basis_reconstruction_and_head_equivalence (test_helmert.HelmertTest.test_basis_reconstruction_and_head_equivalence) ... ok
test_known_null_energy (test_helmert.HelmertTest.test_known_null_energy) ... ok
test_exact_local_inputs_hierarchy_and_isolation (test_local_source.LocalSourceTest.test_exact_local_inputs_hierarchy_and_isolation) ... ok
test_missing_class_changes_gpc_loss_and_gradient_only (test_mechanism.MechanismTests.test_missing_class_changes_gpc_loss_and_gradient_only) ... ok
test_round_one_pairing_all_modes_and_grad_ratio (test_mechanism.MechanismTests.test_round_one_pairing_all_modes_and_grad_ratio) ... ok
test_sample_weighted_aggregation (test_mechanism.MechanismTests.test_sample_weighted_aggregation) ... ok
test_training_parity_with_unmodified_upstream (test_mechanism.MechanismTests.test_training_parity_with_unmodified_upstream) ... ok
test_validity_and_noncontiguous_labels (test_mechanism.MechanismTests.test_validity_and_noncontiguous_labels) ... ok
test_deterministic_construction_shapes_and_batchnorm_isolation (test_mixed_backbone.MixedBackboneTest.test_deterministic_construction_shapes_and_batchnorm_isolation) ... ok
test_mixed_three_arm_entrypoint_and_readout_isolation (test_mixed_backbone.MixedBackboneTest.test_mixed_three_arm_entrypoint_and_readout_isolation) ... ok
test_seed_replication_initialization_and_actual_batch_orders (test_mixed_backbone.MixedBackboneTest.test_seed_replication_initialization_and_actual_batch_orders) ... ok
test_mask_and_frozen_backprop (test_online.OnlineTest.test_mask_and_frozen_backprop) ... ok
test_pure_bank_and_isolation (test_online.OnlineTest.test_pure_bank_and_isolation) ... ok
test_round_one_pairing_and_batches (test_online.OnlineTest.test_round_one_pairing_and_batches) ... ok
test_balanced_deterministic_disjoint (test_oracle.OracleTest.test_balanced_deterministic_disjoint) ... ok
test_oracle_state_rng_buffers_and_test_label_isolation (test_oracle.OracleTest.test_oracle_state_rng_buffers_and_test_label_isolation) ... ok
test_original_indices_counts_and_exclusion (test_owner_probe.OwnerProbeTest.test_original_indices_counts_and_exclusion) ... ok
test_owner_fit_state_and_test_label_isolation (test_owner_probe.OwnerProbeTest.test_owner_fit_state_and_test_label_isolation) ... ok
test_final_gradient_is_finite_and_side_effect_free (test_paired.PairedTest.test_final_gradient_is_finite_and_side_effect_free) ... ok
test_known_rotation_translation (test_paired.PairedTest.test_known_rotation_translation) ... ok
test_label_blind_selection_and_fit (test_paired.PairedTest.test_label_blind_selection_and_fit) ... ok
test_matched_500_fits_preserve_same_state (test_paired.PairedTest.test_matched_500_fits_preserve_same_state) ... ok
test_pair_breaking_preserves_multiset (test_paired.PairedTest.test_pair_breaking_preserves_multiset) ... ok
test_fixed_cast_and_probe_identity (test_precision.PrecisionTest.test_fixed_cast_and_probe_identity) ... ok
test_invertibility_reconstruction_logits_and_label_isolation (test_precondition.PreconditionTest.test_invertibility_reconstruction_logits_and_label_isolation) ... ok
test_column_permutation_preserves_each_sample (test_relation.RelationTest.test_column_permutation_preserves_each_sample) ... ok
test_orthogonal_translation_invariance (test_relation.RelationTest.test_orthogonal_translation_invariance) ... ok
test_eligible_prediction_and_rejection (test_router.RouterTest.test_eligible_prediction_and_rejection) ... ok
test_loo_and_order_statistic (test_router.RouterTest.test_loo_and_order_statistic) ... ok
test_train_only_isolation_and_label_perturbation (test_router.RouterTest.test_train_only_isolation_and_label_perturbation) ... ok

----------------------------------------------------------------------
Ran 72 tests in 74.965s

OK
Files already downloaded and verified
Files already downloaded and verified
{"mode": "fedtgp", "seed": 0, "round": 1, "metrics": {"head": {"seen": 0.07140000015497208, "missing": 0.0, "all": 0.014279999863356352, "macro": 0.014280000049620867}, "cosine": {"seen": 0.051550000160932544, "missing": 0.0, "all": 0.01030999980866909, "macro": 0.01030999980866909}, "l2": {"seen": 0.09955000057816506, "missing": 0.0, "all": 0.019910000264644623, "macro": 0.019909999519586562}}, "elapsed": 18.412129878997803}
{"mode": "fedtgp", "seed": 0, "round": 2, "metrics": {"head": {"seen": 0.14784999936819077, "missing": 0.0, "all": 0.02957000005990267, "macro": 0.02957000005990267}, "cosine": {"seen": 0.1022999994456768, "missing": 0.0, "all": 0.02046000016853213, "macro": 0.020459999702870844}, "l2": {"seen": 0.18785000294446946, "missing": 0.0, "all": 0.037569999881088736, "macro": 0.03757000118494034}}, "elapsed": 37.099623918533325}
{"mode": "fedtgp", "seed": 0, "round": 3, "metrics": {"head": {"seen": 0.19310000091791152, "missing": 0.0, "all": 0.03861999996006489, "macro": 0.03862000070512295}, "cosine": {"seen": 0.14245000034570693, "missing": 0.0, "all": 0.02848999984562397, "macro": 0.028489999659359454}, "l2": {"seen": 0.21634999960660933, "missing": 0.0, "all": 0.04327000081539154, "macro": 0.04327000007033348}}, "elapsed": 56.435325384140015}
{"mode": "fedtgp", "seed": 0, "round": 4, "metrics": {"head": {"seen": 0.22490000128746032, "missing": 0.0, "all": 0.04498000033199787, "macro": 0.04497999958693981}, "cosine": {"seen": 0.1656499981880188, "missing": 0.0, "all": 0.0331300001591444, "macro": 0.03312999960035086}, "l2": {"seen": 0.24600000083446502, "missing": 0.0, "all": 0.04920000024139881, "macro": 0.04919999912381172}}, "elapsed": 75.94189548492432}
{"mode": "fedtgp", "seed": 0, "round": 5, "metrics": {"head": {"seen": 0.24159999787807465, "missing": 0.0, "all": 0.048320000246167186, "macro": 0.048320000246167186}, "cosine": {"seen": 0.18885000199079513, "missing": 0.0, "all": 0.037770000472664836, "macro": 0.037769998982548715}, "l2": {"seen": 0.26559999734163287, "missing": 0.0, "all": 0.05311999954283238, "macro": 0.053120000287890434}}, "elapsed": 94.11927080154419}
{"mode": "fedtgp", "seed": 0, "round": 6, "metrics": {"head": {"seen": 0.26460000276565554, "missing": 0.0, "all": 0.05292000025510788, "macro": 0.05292000062763691}, "cosine": {"seen": 0.21495000123977662, "missing": 0.0, "all": 0.04299000054597855, "macro": 0.042989999800920484}, "l2": {"seen": 0.2808499976992607, "missing": 0.0, "all": 0.05617000125348568, "macro": 0.05616999976336956}}, "elapsed": 111.79372382164001}
{"mode": "fedtgp", "seed": 0, "round": 7, "metrics": {"head": {"seen": 0.29070000201463697, "missing": 0.0, "all": 0.05814000032842159, "macro": 0.058139999583363536}, "cosine": {"seen": 0.23275000154972075, "missing": 0.0, "all": 0.046550000086426735, "macro": 0.046549999713897706}, "l2": {"seen": 0.30299999862909316, "missing": 0.0, "all": 0.060599999502301216, "macro": 0.060600001364946365}}, "elapsed": 130.14637684822083}
{"mode": "fedtgp", "seed": 0, "round": 8, "metrics": {"head": {"seen": 0.3009499967098236, "missing": 0.0, "all": 0.060190000012516974, "macro": 0.06018999852240085}, "cosine": {"seen": 0.2531000033020973, "missing": 0.0, "all": 0.05062000043690205, "macro": 0.050620000809431076}, "l2": {"seen": 0.3187999963760376, "missing": 0.0, "all": 0.06376000009477138, "macro": 0.06376000046730042}}, "elapsed": 148.3486568927765}
{"mode": "fedtgp", "seed": 0, "round": 9, "metrics": {"head": {"seen": 0.3253499984741211, "missing": 0.0, "all": 0.06506999991834164, "macro": 0.06506999880075455}, "cosine": {"seen": 0.2761499956250191, "missing": 0.0, "all": 0.055230000615119935, "macro": 0.055230000987648964}, "l2": {"seen": 0.32899999916553496, "missing": 0.0, "all": 0.0657999999821186, "macro": 0.06580000221729279}}, "elapsed": 167.67072796821594}
{"mode": "fedtgp", "seed": 0, "round": 10, "metrics": {"head": {"seen": 0.3336500018835068, "missing": 0.0, "all": 0.06673000082373619, "macro": 0.06672999933362007}, "cosine": {"seen": 0.296699994802475, "missing": 0.0, "all": 0.05934000015258789, "macro": 0.05934000015258789}, "l2": {"seen": 0.34399999380111695, "missing": 0.0, "all": 0.06879999935626983, "macro": 0.06880000010132789}}, "elapsed": 185.18465447425842}
{"mode": "fedtgp", "seed": 0, "round": 11, "metrics": {"head": {"seen": 0.35765000283718107, "missing": 0.0, "all": 0.07153000012040138, "macro": 0.07152999863028527}, "cosine": {"seen": 0.31980000138282777, "missing": 0.0, "all": 0.06396000050008296, "macro": 0.0639599982649088}, "l2": {"seen": 0.3602000027894974, "missing": 0.0, "all": 0.07203999981284141, "macro": 0.07203999906778336}}, "elapsed": 204.24056553840637}
{"mode": "fedtgp", "seed": 0, "round": 12, "metrics": {"head": {"seen": 0.3726500004529953, "missing": 0.0, "all": 0.07453000023961068, "macro": 0.07452999874949455}, "cosine": {"seen": 0.3354999989271164, "missing": 0.0, "all": 0.0671000000089407, "macro": 0.06710000038146972}, "l2": {"seen": 0.3711500018835068, "missing": 0.0, "all": 0.0742299985140562, "macro": 0.07423000000417232}}, "elapsed": 223.15717887878418}
{"mode": "fedtgp", "seed": 0, "round": 13, "metrics": {"head": {"seen": 0.3837499976158142, "missing": 0.0, "all": 0.07675000056624412, "macro": 0.07675000056624412}, "cosine": {"seen": 0.3522500038146973, "missing": 0.0, "all": 0.07044999934732914, "macro": 0.07045000120997429}, "l2": {"seen": 0.3796499967575073, "missing": 0.0, "all": 0.07593000084161758, "macro": 0.07593000084161758}}, "elapsed": 240.56526041030884}
{"mode": "fedtgp", "seed": 0, "round": 14, "metrics": {"head": {"seen": 0.3873500019311905, "missing": 0.0, "all": 0.07746999934315682, "macro": 0.07747000008821488}, "cosine": {"seen": 0.3641000002622604, "missing": 0.0, "all": 0.07282000035047531, "macro": 0.07282000035047531}, "l2": {"seen": 0.38855000138282775, "missing": 0.0, "all": 0.0777099996805191, "macro": 0.07770999893546104}}, "elapsed": 259.9559826850891}
{"mode": "fedtgp", "seed": 0, "round": 15, "metrics": {"head": {"seen": 0.4112500011920929, "missing": 0.0, "all": 0.08224999904632568, "macro": 0.08224999979138374}, "cosine": {"seen": 0.3804499953985214, "missing": 0.0, "all": 0.0760900005698204, "macro": 0.07608999982476235}, "l2": {"seen": 0.4000499963760376, "missing": 0.0, "all": 0.08000999912619591, "macro": 0.08000999987125397}}, "elapsed": 278.7971980571747}
{"mode": "fedtgp", "seed": 0, "round": 16, "metrics": {"head": {"seen": 0.4120999962091446, "missing": 0.0, "all": 0.08242000043392181, "macro": 0.08242000043392181}, "cosine": {"seen": 0.3938999980688095, "missing": 0.0, "all": 0.07877999916672707, "macro": 0.07878000065684318}, "l2": {"seen": 0.40974999964237213, "missing": 0.0, "all": 0.0819499984383583, "macro": 0.08194999918341636}}, "elapsed": 298.3311004638672}
{"mode": "fedtgp", "seed": 0, "round": 17, "metrics": {"head": {"seen": 0.4161500036716461, "missing": 0.0, "all": 0.08323000073432922, "macro": 0.08322999998927116}, "cosine": {"seen": 0.40464999675750735, "missing": 0.0, "all": 0.0809299997985363, "macro": 0.08092999905347824}, "l2": {"seen": 0.4174000024795532, "missing": 0.0, "all": 0.08347999975085259, "macro": 0.08348000198602676}}, "elapsed": 316.3776731491089}
{"mode": "fedtgp", "seed": 0, "round": 18, "metrics": {"head": {"seen": 0.42734999656677247, "missing": 0.0, "all": 0.08546999916434288, "macro": 0.08546999916434288}, "cosine": {"seen": 0.41435000002384187, "missing": 0.0, "all": 0.08286999836564064, "macro": 0.08287000134587288}, "l2": {"seen": 0.4274000018835068, "missing": 0.0, "all": 0.08548000007867813, "macro": 0.08548000007867813}}, "elapsed": 334.03576254844666}
{"mode": "fedtgp", "seed": 0, "round": 19, "metrics": {"head": {"seen": 0.438100004196167, "missing": 0.0, "all": 0.08761999979615212, "macro": 0.08762000054121018}, "cosine": {"seen": 0.4209999978542328, "missing": 0.0, "all": 0.08420000001788139, "macro": 0.08419999852776527}, "l2": {"seen": 0.43140000104904175, "missing": 0.0, "all": 0.08628000020980835, "macro": 0.0862799972295761}}, "elapsed": 352.0415008068085}
{"mode": "fedtgp", "seed": 0, "round": 20, "metrics": {"head": {"seen": 0.44439999759197235, "missing": 0.0, "all": 0.08887999877333641, "macro": 0.08887999877333641}, "cosine": {"seen": 0.4316000074148178, "missing": 0.0, "all": 0.08631999939680099, "macro": 0.08631999939680099}, "l2": {"seen": 0.44214999973773955, "missing": 0.0, "all": 0.08842999935150146, "macro": 0.08843000158667565}}, "elapsed": 370.89625430107117}
{"mode": "fedtgp", "seed": 0, "round": 21, "metrics": {"head": {"seen": 0.4472499996423721, "missing": 0.0, "all": 0.08945000097155571, "macro": 0.08944999873638153}, "cosine": {"seen": 0.43489999771118165, "missing": 0.0, "all": 0.08697999939322472, "macro": 0.08698000311851502}, "l2": {"seen": 0.4444500029087067, "missing": 0.0, "all": 0.08889000043272972, "macro": 0.08889000117778778}}, "elapsed": 390.01008677482605}
{"mode": "fedtgp", "seed": 0, "round": 22, "metrics": {"head": {"seen": 0.43664999306201935, "missing": 0.0, "all": 0.08732999972999096, "macro": 0.08733000233769417}, "cosine": {"seen": 0.4351000010967255, "missing": 0.0, "all": 0.08701999932527542, "macro": 0.0870199978351593}, "l2": {"seen": 0.4459999978542328, "missing": 0.0, "all": 0.08920000046491623, "macro": 0.08919999599456788}}, "elapsed": 409.36331152915955}
{"mode": "fedtgp", "seed": 0, "round": 23, "metrics": {"head": {"seen": 0.4682499974966049, "missing": 0.0, "all": 0.09365000128746033, "macro": 0.0936499997973442}, "cosine": {"seen": 0.4513999968767166, "missing": 0.0, "all": 0.09028000012040138, "macro": 0.0902799978852272}, "l2": {"seen": 0.46124999821186063, "missing": 0.0, "all": 0.09225000068545341, "macro": 0.09224999994039536}}, "elapsed": 427.47164130210876}
{"mode": "fedtgp", "seed": 0, "round": 24, "metrics": {"head": {"seen": 0.466949999332428, "missing": 0.0, "all": 0.09338999837636948, "macro": 0.09338999688625335}, "cosine": {"seen": 0.4563000023365021, "missing": 0.0, "all": 0.0912600003182888, "macro": 0.0912600003182888}, "l2": {"seen": 0.4663000017404556, "missing": 0.0, "all": 0.0932599999010563, "macro": 0.09326000213623047}}, "elapsed": 444.8695549964905}
{"mode": "fedtgp", "seed": 0, "round": 25, "metrics": {"head": {"seen": 0.46215000152587893, "missing": 0.0, "all": 0.09243000000715255, "macro": 0.09242999777197838}, "cosine": {"seen": 0.45745000541210173, "missing": 0.0, "all": 0.09148999974131584, "macro": 0.09148999974131584}, "l2": {"seen": 0.46990000307559965, "missing": 0.0, "all": 0.09398000165820122, "macro": 0.09397999867796898}}, "elapsed": 462.9856507778168}
{"mode": "fedtgp", "seed": 0, "round": 26, "metrics": {"head": {"seen": 0.4824999988079071, "missing": 0.0, "all": 0.09650000035762787, "macro": 0.09650000035762787}, "cosine": {"seen": 0.4689500033855438, "missing": 0.0, "all": 0.0937899999320507, "macro": 0.09379000142216683}, "l2": {"seen": 0.4799000024795532, "missing": 0.0, "all": 0.09598000049591064, "macro": 0.09597999826073647}}, "elapsed": 482.2832112312317}
{"mode": "fedtgp", "seed": 0, "round": 27, "metrics": {"head": {"seen": 0.48810000717639923, "missing": 0.0, "all": 0.09761999920010567, "macro": 0.09761999920010567}, "cosine": {"seen": 0.474849995970726, "missing": 0.0, "all": 0.09496999979019165, "macro": 0.09497000351548195}, "l2": {"seen": 0.487199991941452, "missing": 0.0, "all": 0.09743999913334847, "macro": 0.09743999615311623}}, "elapsed": 499.79706597328186}
{"mode": "fedtgp", "seed": 0, "round": 28, "metrics": {"head": {"seen": 0.49100000560283663, "missing": 0.0, "all": 0.09819999858736991, "macro": 0.09820000007748604}, "cosine": {"seen": 0.48069999516010287, "missing": 0.0, "all": 0.09613999947905541, "macro": 0.09613999947905541}, "l2": {"seen": 0.48930000364780424, "missing": 0.0, "all": 0.09786000028252602, "macro": 0.09785999879240989}}, "elapsed": 517.4480092525482}
{"mode": "fedtgp", "seed": 0, "round": 29, "metrics": {"head": {"seen": 0.49645000100135805, "missing": 0.0, "all": 0.09928999990224838, "macro": 0.09928999841213226}, "cosine": {"seen": 0.4870500028133392, "missing": 0.0, "all": 0.09741000086069107, "macro": 0.09741000160574913}, "l2": {"seen": 0.49475000202655794, "missing": 0.0, "all": 0.0989499993622303, "macro": 0.09895000159740448}}, "elapsed": 537.7956457138062}
{"mode": "fedtgp", "seed": 0, "round": 30, "metrics": {"head": {"seen": 0.5115500003099441, "missing": 0.0, "all": 0.10231000036001206, "macro": 0.10230999961495399}, "cosine": {"seen": 0.49869999587535857, "missing": 0.0, "all": 0.09973999932408333, "macro": 0.09973999708890915}, "l2": {"seen": 0.499549999833107, "missing": 0.0, "all": 0.0999099999666214, "macro": 0.0999099999666214}}, "elapsed": 556.7378392219543}
{"mode": "fedtgp", "seed": 0, "round": 31, "metrics": {"head": {"seen": 0.5129999995231629, "missing": 0.0, "all": 0.10260000005364418, "macro": 0.10260000079870224}, "cosine": {"seen": 0.49894999861717226, "missing": 0.0, "all": 0.09979000017046928, "macro": 0.09978999942541122}, "l2": {"seen": 0.5047000020742416, "missing": 0.0, "all": 0.10093999952077866, "macro": 0.10093999654054642}}, "elapsed": 575.7324833869934}
{"mode": "fedtgp", "seed": 0, "round": 32, "metrics": {"head": {"seen": 0.5012499958276748, "missing": 0.0, "all": 0.10024999976158142, "macro": 0.10025000125169754}, "cosine": {"seen": 0.4958999931812286, "missing": 0.0, "all": 0.0991799995303154, "macro": 0.0991799995303154}, "l2": {"seen": 0.5051499962806701, "missing": 0.0, "all": 0.10102999955415726, "macro": 0.10102999582886696}}, "elapsed": 593.6094722747803}
{"mode": "fedtgp", "seed": 0, "round": 33, "metrics": {"head": {"seen": 0.51424999833107, "missing": 0.0, "all": 0.10285000056028366, "macro": 0.10284999907016754}, "cosine": {"seen": 0.5035999983549118, "missing": 0.0, "all": 0.10072000101208686, "macro": 0.10071999803185464}, "l2": {"seen": 0.5118000030517578, "missing": 0.0, "all": 0.10235999971628189, "macro": 0.10236000046133995}}, "elapsed": 612.7083375453949}
{"mode": "fedtgp", "seed": 0, "round": 34, "metrics": {"head": {"seen": 0.5153499990701675, "missing": 0.0, "all": 0.1030699998140335, "macro": 0.1030699998140335}, "cosine": {"seen": 0.5108000040054321, "missing": 0.0, "all": 0.1021599993109703, "macro": 0.1021600030362606}, "l2": {"seen": 0.5191999971866608, "missing": 0.0, "all": 0.10384000092744827, "macro": 0.10384000167250633}}, "elapsed": 630.3574850559235}
{"mode": "fedtgp", "seed": 0, "round": 35, "metrics": {"head": {"seen": 0.5144499987363815, "missing": 0.0, "all": 0.1028899997472763, "macro": 0.10289000198245049}, "cosine": {"seen": 0.5054499924182891, "missing": 0.0, "all": 0.10108999833464623, "macro": 0.10108999833464623}, "l2": {"seen": 0.5148000061511994, "missing": 0.0, "all": 0.10296000018715859, "macro": 0.10295999869704246}}, "elapsed": 649.4931690692902}
{"mode": "fedtgp", "seed": 0, "round": 36, "metrics": {"head": {"seen": 0.518400001525879, "missing": 0.0, "all": 0.10367999896407128, "macro": 0.10368000119924545}, "cosine": {"seen": 0.5157999902963638, "missing": 0.0, "all": 0.10315999835729599, "macro": 0.10316000059247017}, "l2": {"seen": 0.5199499994516372, "missing": 0.0, "all": 0.10399000123143196, "macro": 0.10398999825119973}}, "elapsed": 667.9427196979523}
{"mode": "fedtgp", "seed": 0, "round": 37, "metrics": {"head": {"seen": 0.5089999884366989, "missing": 0.0, "all": 0.10180000066757203, "macro": 0.10179999992251396}, "cosine": {"seen": 0.5125999987125397, "missing": 0.0, "all": 0.10251999944448471, "macro": 0.10252000242471696}, "l2": {"seen": 0.5249499946832656, "missing": 0.0, "all": 0.10498999953269958, "macro": 0.10498999953269958}}, "elapsed": 685.8254532814026}
{"mode": "fedtgp", "seed": 0, "round": 38, "metrics": {"head": {"seen": 0.5303500026464463, "missing": 0.0, "all": 0.10606999918818474, "macro": 0.10607000216841697}, "cosine": {"seen": 0.5218000054359436, "missing": 0.0, "all": 0.10436000004410743, "macro": 0.10435999855399132}, "l2": {"seen": 0.5275499939918518, "missing": 0.0, "all": 0.10551000013947487, "macro": 0.10551000088453293}}, "elapsed": 704.6389572620392}
{"mode": "fedtgp", "seed": 0, "round": 39, "metrics": {"head": {"seen": 0.5381999999284744, "missing": 0.0, "all": 0.10764000043272973, "macro": 0.10764000043272973}, "cosine": {"seen": 0.5289499998092652, "missing": 0.0, "all": 0.1057899996638298, "macro": 0.1057899996638298}, "l2": {"seen": 0.533599990606308, "missing": 0.0, "all": 0.1067199982702732, "macro": 0.10671999901533127}}, "elapsed": 723.8570051193237}
{"mode": "fedtgp", "seed": 0, "round": 40, "metrics": {"head": {"seen": 0.5368500024080276, "missing": 0.0, "all": 0.1073699988424778, "macro": 0.10737000182271003}, "cosine": {"seen": 0.5318999975919724, "missing": 0.0, "all": 0.10637999847531318, "macro": 0.10638000294566155}, "l2": {"seen": 0.5326499938964844, "missing": 0.0, "all": 0.10652999952435493, "macro": 0.10652999952435493}}, "elapsed": 742.9001712799072}
{"mode": "fedtgp", "seed": 0, "round": 41, "metrics": {"head": {"seen": 0.5465499997138977, "missing": 0.0, "all": 0.10931000038981438, "macro": 0.1093100018799305}, "cosine": {"seen": 0.5368500053882599, "missing": 0.0, "all": 0.10737000033259392, "macro": 0.10737000182271003}, "l2": {"seen": 0.5412500083446503, "missing": 0.0, "all": 0.10824999958276749, "macro": 0.1082500010728836}}, "elapsed": 760.8015904426575}
{"mode": "fedtgp", "seed": 0, "round": 42, "metrics": {"head": {"seen": 0.5360500097274781, "missing": 0.0, "all": 0.10720999985933304, "macro": 0.10720999836921692}, "cosine": {"seen": 0.5362499982118607, "missing": 0.0, "all": 0.10724999979138375, "macro": 0.10725000202655792}, "l2": {"seen": 0.5411000043153763, "missing": 0.0, "all": 0.10821999907493592, "macro": 0.10822000131011009}}, "elapsed": 779.0573682785034}
{"mode": "fedtgp", "seed": 0, "round": 43, "metrics": {"head": {"seen": 0.5460000038146973, "missing": 0.0, "all": 0.1092000000178814, "macro": 0.10920000076293945}, "cosine": {"seen": 0.5416999995708466, "missing": 0.0, "all": 0.10834000036120414, "macro": 0.10833999961614608}, "l2": {"seen": 0.5454999953508377, "missing": 0.0, "all": 0.10909999907016754, "macro": 0.10910000056028366}}, "elapsed": 796.7481372356415}
{"mode": "fedtgp", "seed": 0, "round": 44, "metrics": {"head": {"seen": 0.5504499971866608, "missing": 0.0, "all": 0.1100899986922741, "macro": 0.11009000241756439}, "cosine": {"seen": 0.5443499982357025, "missing": 0.0, "all": 0.1088699996471405, "macro": 0.10886999890208245}, "l2": {"seen": 0.5463499963283539, "missing": 0.0, "all": 0.10926999971270561, "macro": 0.10927000120282174}}, "elapsed": 815.3324174880981}
{"mode": "fedtgp", "seed": 0, "round": 45, "metrics": {"head": {"seen": 0.5501000046730041, "missing": 0.0, "all": 0.11001999974250794, "macro": 0.11001999899744988}, "cosine": {"seen": 0.5427500069141388, "missing": 0.0, "all": 0.10854999944567681, "macro": 0.10854999721050262}, "l2": {"seen": 0.5477000027894974, "missing": 0.0, "all": 0.10953999906778336, "macro": 0.10953999981284142}}, "elapsed": 835.3848557472229}
{"mode": "fedtgp", "seed": 0, "round": 46, "metrics": {"head": {"seen": 0.5530499994754792, "missing": 0.0, "all": 0.11061000004410744, "macro": 0.11060999780893326}, "cosine": {"seen": 0.5482000023126602, "missing": 0.0, "all": 0.10964000076055527, "macro": 0.10963999927043915}, "l2": {"seen": 0.5497500032186509, "missing": 0.0, "all": 0.10994999930262565, "macro": 0.10994999930262565}}, "elapsed": 853.188490152359}
{"mode": "fedtgp", "seed": 0, "round": 47, "metrics": {"head": {"seen": 0.5495000004768371, "missing": 0.0, "all": 0.10990000069141388, "macro": 0.10989999994635583}, "cosine": {"seen": 0.5470000058412552, "missing": 0.0, "all": 0.10940000042319298, "macro": 0.10939999967813492}, "l2": {"seen": 0.5512999922037125, "missing": 0.0, "all": 0.11025999933481216, "macro": 0.11026000082492829}}, "elapsed": 871.2294809818268}
{"mode": "fedtgp", "seed": 0, "round": 48, "metrics": {"head": {"seen": 0.5466499984264374, "missing": 0.0, "all": 0.10933000072836876, "macro": 0.10932999774813652}, "cosine": {"seen": 0.5503000020980835, "missing": 0.0, "all": 0.1100600004196167, "macro": 0.11005999818444252}, "l2": {"seen": 0.5548499941825866, "missing": 0.0, "all": 0.11097000017762185, "macro": 0.11096999943256378}}, "elapsed": 890.0267024040222}
{"mode": "fedtgp", "seed": 0, "round": 49, "metrics": {"head": {"seen": 0.5408500075340271, "missing": 0.0, "all": 0.10816999971866607, "macro": 0.10816999971866607}, "cosine": {"seen": 0.5438499987125397, "missing": 0.0, "all": 0.10876999869942665, "macro": 0.10877000093460083}, "l2": {"seen": 0.5504999965429306, "missing": 0.0, "all": 0.11010000035166741, "macro": 0.11009999886155128}}, "elapsed": 907.657576084137}
{"mode": "fedtgp", "seed": 0, "round": 50, "metrics": {"head": {"seen": 0.5611500084400177, "missing": 0.0, "all": 0.11222999915480614, "macro": 0.11222999840974808}, "cosine": {"seen": 0.5566499978303909, "missing": 0.0, "all": 0.11132999956607818, "macro": 0.11132999807596207}, "l2": {"seen": 0.5621999949216843, "missing": 0.0, "all": 0.11244000047445298, "macro": 0.11244000047445298}}, "elapsed": 925.0949380397797}
{"mode": "fedtgp", "seed": 0, "round": 51, "metrics": {"head": {"seen": 0.5659500032663345, "missing": 0.0, "all": 0.11318999975919723, "macro": 0.11319000199437142}, "cosine": {"seen": 0.5594000011682511, "missing": 0.0, "all": 0.11187999993562699, "macro": 0.1118800014257431}, "l2": {"seen": 0.5607000052928924, "missing": 0.0, "all": 0.1121399998664856, "macro": 0.11213999837636948}}, "elapsed": 943.0994310379028}
{"mode": "fedtgp", "seed": 0, "round": 52, "metrics": {"head": {"seen": 0.5606000065803528, "missing": 0.0, "all": 0.11211999952793121, "macro": 0.11211999729275704}, "cosine": {"seen": 0.5592000007629394, "missing": 0.0, "all": 0.11184000000357627, "macro": 0.11184000000357627}, "l2": {"seen": 0.5608499974012375, "missing": 0.0, "all": 0.11217000037431717, "macro": 0.1121700018644333}}, "elapsed": 963.1079480648041}
{"mode": "fedtgp", "seed": 0, "round": 53, "metrics": {"head": {"seen": 0.550550001859665, "missing": 0.0, "all": 0.11010999977588654, "macro": 0.11010999828577042}, "cosine": {"seen": 0.5577999949455261, "missing": 0.0, "all": 0.11156000047922135, "macro": 0.11155999749898911}, "l2": {"seen": 0.5618999987840653, "missing": 1.2500000593718141e-05, "all": 0.11239000037312508, "macro": 0.11239000037312508}}, "elapsed": 981.2355959415436}
{"mode": "fedtgp", "seed": 0, "round": 54, "metrics": {"head": {"seen": 0.5657000035047531, "missing": 0.0, "all": 0.11313999891281128, "macro": 0.1131399966776371}, "cosine": {"seen": 0.5634500026702881, "missing": 0.0, "all": 0.11268999949097633, "macro": 0.11269000098109246}, "l2": {"seen": 0.5633500039577484, "missing": 0.0, "all": 0.11266999989748001, "macro": 0.11266999915242196}}, "elapsed": 999.3010106086731}
{"mode": "fedtgp", "seed": 0, "round": 55, "metrics": {"head": {"seen": 0.5586499869823456, "missing": 0.0, "all": 0.11172999963164329, "macro": 0.11173000261187553}, "cosine": {"seen": 0.5630499958992005, "missing": 0.0, "all": 0.11261000111699104, "macro": 0.11260999888181686}, "l2": {"seen": 0.5639499962329865, "missing": 0.0, "all": 0.11279000043869018, "macro": 0.11278999894857407}}, "elapsed": 1017.4167740345001}
{"mode": "fedtgp", "seed": 0, "round": 56, "metrics": {"head": {"seen": 0.5607999950647354, "missing": 0.0, "all": 0.11216000095009804, "macro": 0.11215999871492385}, "cosine": {"seen": 0.5642000079154968, "missing": 0.0, "all": 0.11283999979496002, "macro": 0.1128400020301342}, "l2": {"seen": 0.5666999995708466, "missing": 0.0, "all": 0.11333999931812286, "macro": 0.1133399985730648}}, "elapsed": 1037.2610177993774}
{"mode": "fedtgp", "seed": 0, "round": 57, "metrics": {"head": {"seen": 0.5679500043392182, "missing": 0.0, "all": 0.11358999907970428, "macro": 0.11358999982476234}, "cosine": {"seen": 0.562200003862381, "missing": 0.0, "all": 0.11244000047445298, "macro": 0.11243999972939492}, "l2": {"seen": 0.5669000089168549, "missing": 0.0, "all": 0.11338000074028969, "macro": 0.11338000297546387}}, "elapsed": 1054.7888691425323}
{"mode": "fedtgp", "seed": 0, "round": 58, "metrics": {"head": {"seen": 0.5696999967098236, "missing": 0.0, "all": 0.1139399990439415, "macro": 0.11394000127911567}, "cosine": {"seen": 0.5591500014066696, "missing": 0.0, "all": 0.11182999983429909, "macro": 0.11182999685406685}, "l2": {"seen": 0.5651000022888184, "missing": 0.0, "all": 0.11301999911665916, "macro": 0.11301999688148498}}, "elapsed": 1073.701491355896}
{"mode": "fedtgp", "seed": 0, "round": 59, "metrics": {"head": {"seen": 0.5593000024557113, "missing": 0.0, "all": 0.11186000034213066, "macro": 0.1118599995970726}, "cosine": {"seen": 0.5676499992609024, "missing": 0.0, "all": 0.11352999955415725, "macro": 0.11352999955415725}, "l2": {"seen": 0.5706000000238418, "missing": 0.0, "all": 0.11412000060081481, "macro": 0.11411999985575676}}, "elapsed": 1091.2610876560211}
{"mode": "fedtgp", "seed": 0, "round": 60, "metrics": {"head": {"seen": 0.5717000007629395, "missing": 0.0, "all": 0.11434000134468078, "macro": 0.11433999761939048}, "cosine": {"seen": 0.5677000015974045, "missing": 0.0, "all": 0.11354000046849251, "macro": 0.11354000046849251}, "l2": {"seen": 0.5715499937534332, "missing": 0.0, "all": 0.11431000009179115, "macro": 0.11430999860167504}}, "elapsed": 1109.377822637558}
{"mode": "fedtgp", "seed": 0, "round": 61, "metrics": {"head": {"seen": 0.5663499951362609, "missing": 0.0, "all": 0.11326999962329865, "macro": 0.1132700003683567}, "cosine": {"seen": 0.5612000048160553, "missing": 0.0, "all": 0.1122400000691414, "macro": 0.11223999857902527}, "l2": {"seen": 0.5669000029563904, "missing": 0.0, "all": 0.11338000074028969, "macro": 0.11337999626994133}}, "elapsed": 1125.7129139900208}
{"mode": "fedtgp", "seed": 0, "round": 62, "metrics": {"head": {"seen": 0.5709499895572663, "missing": 0.0, "all": 0.11418999955058098, "macro": 0.11419000178575515}, "cosine": {"seen": 0.5689500063657761, "missing": 0.0, "all": 0.11378999948501586, "macro": 0.1137900024652481}, "l2": {"seen": 0.5718499958515167, "missing": 0.0, "all": 0.11436999961733818, "macro": 0.1143700011074543}}, "elapsed": 1142.9277801513672}
{"mode": "fedtgp", "seed": 0, "round": 63, "metrics": {"head": {"seen": 0.5711499989032746, "missing": 0.0, "all": 0.11422999799251557, "macro": 0.11422999650239944}, "cosine": {"seen": 0.5693000018596649, "missing": 0.0, "all": 0.11385999917984009, "macro": 0.11386000141501426}, "l2": {"seen": 0.5699999988079071, "missing": 0.0, "all": 0.1140000008046627, "macro": 0.1140000008046627}}, "elapsed": 1159.594863653183}
{"mode": "fedtgp", "seed": 0, "round": 64, "metrics": {"head": {"seen": 0.5616999983787536, "missing": 0.0, "all": 0.1123400017619133, "macro": 0.11234000101685523}, "cosine": {"seen": 0.5637000054121017, "missing": 0.0, "all": 0.11273999959230423, "macro": 0.11273999959230423}, "l2": {"seen": 0.5680499911308289, "missing": 0.0, "all": 0.11360999941825867, "macro": 0.11361000239849091}}, "elapsed": 1178.5955312252045}
{"mode": "fedtgp", "seed": 0, "round": 65, "metrics": {"head": {"seen": 0.5737999975681305, "missing": 0.0, "all": 0.11475999876856804, "macro": 0.11475999653339386}, "cosine": {"seen": 0.5696499943733215, "missing": 0.0, "all": 0.11393000036478043, "macro": 0.11392999812960625}, "l2": {"seen": 0.5725000023841857, "missing": 0.0, "all": 0.1145000010728836, "macro": 0.11449999958276749}}, "elapsed": 1197.5577642917633}
{"mode": "fedtgp", "seed": 0, "round": 66, "metrics": {"head": {"seen": 0.5749000072479248, "missing": 0.0, "all": 0.11498000025749207, "macro": 0.11498000398278237}, "cosine": {"seen": 0.5681999921798706, "missing": 0.0, "all": 0.11363999992609024, "macro": 0.11363999769091607}, "l2": {"seen": 0.5737000048160553, "missing": 0.0, "all": 0.11473999917507172, "macro": 0.1147399976849556}}, "elapsed": 1219.6949245929718}
{"mode": "fedtgp", "seed": 0, "round": 67, "metrics": {"head": {"seen": 0.5699000000953675, "missing": 0.0, "all": 0.11398000195622444, "macro": 0.11398000344634056}, "cosine": {"seen": 0.5632000088691711, "missing": 0.0, "all": 0.11263999938964844, "macro": 0.11263999864459037}, "l2": {"seen": 0.5674000024795532, "missing": 0.0, "all": 0.11347999945282936, "macro": 0.11348000392317772}}, "elapsed": 1238.2151274681091}
{"mode": "fedtgp", "seed": 0, "round": 68, "metrics": {"head": {"seen": 0.5717000067234039, "missing": 0.0, "all": 0.11434000059962272, "macro": 0.11434000059962272}, "cosine": {"seen": 0.5697999954223633, "missing": 0.0, "all": 0.11396000012755395, "macro": 0.113960000872612}, "l2": {"seen": 0.5730000019073487, "missing": 0.0, "all": 0.11460000053048133, "macro": 0.11459999978542328}}, "elapsed": 1257.7157309055328}
{"mode": "fedtgp", "seed": 0, "round": 69, "metrics": {"head": {"seen": 0.5690999984741211, "missing": 0.0, "all": 0.11381999999284745, "macro": 0.11382000297307968}, "cosine": {"seen": 0.5675999969244003, "missing": 0.0, "all": 0.11352000012993813, "macro": 0.11351999938488007}, "l2": {"seen": 0.5689500093460083, "missing": 0.0, "all": 0.11379000172019005, "macro": 0.1137899987399578}}, "elapsed": 1275.913339138031}
{"mode": "fedtgp", "seed": 0, "round": 70, "metrics": {"head": {"seen": 0.5719499945640564, "missing": 0.0, "all": 0.11438999995589257, "macro": 0.11439000293612481}, "cosine": {"seen": 0.5695499897003173, "missing": 0.0, "all": 0.1139100007712841, "macro": 0.11390999853610992}, "l2": {"seen": 0.5726999938488007, "missing": 0.0, "all": 0.1145400010049343, "macro": 0.11454000174999238}}, "elapsed": 1296.043613433838}
{"mode": "fedtgp", "seed": 0, "round": 71, "metrics": {"head": {"seen": 0.5743500053882599, "missing": 0.0, "all": 0.11486999914050103, "macro": 0.1148699976503849}, "cosine": {"seen": 0.5706499934196472, "missing": 0.0, "all": 0.11413000002503396, "macro": 0.11412999853491783}, "l2": {"seen": 0.574949997663498, "missing": 0.0, "all": 0.1149899996817112, "macro": 0.11499000266194344}}, "elapsed": 1314.453274011612}
{"mode": "fedtgp", "seed": 0, "round": 72, "metrics": {"head": {"seen": 0.5766499996185303, "missing": 0.0, "all": 0.11532999873161316, "macro": 0.1153299979865551}, "cosine": {"seen": 0.5702499985694885, "missing": 0.0, "all": 0.11405000165104866, "macro": 0.11405000314116479}, "l2": {"seen": 0.5722499966621399, "missing": 0.0, "all": 0.11445000022649765, "macro": 0.11445000022649765}}, "elapsed": 1332.6566169261932}
{"mode": "fedtgp", "seed": 0, "round": 73, "metrics": {"head": {"seen": 0.5668500125408172, "missing": 0.0, "all": 0.11336999982595444, "macro": 0.11337000355124474}, "cosine": {"seen": 0.5689500033855438, "missing": 0.0, "all": 0.11379000172019005, "macro": 0.11378999948501586}, "l2": {"seen": 0.5707499921321869, "missing": 0.0, "all": 0.11414999961853027, "macro": 0.11415000334382057}}, "elapsed": 1350.6535296440125}
{"mode": "fedtgp", "seed": 0, "round": 74, "metrics": {"head": {"seen": 0.5775999963283539, "missing": 0.0, "all": 0.11551999971270561, "macro": 0.11551999449729919}, "cosine": {"seen": 0.5718499898910523, "missing": 0.0, "all": 0.11437000036239624, "macro": 0.1143700011074543}, "l2": {"seen": 0.5772000074386596, "missing": 0.0, "all": 0.11544000059366226, "macro": 0.11543999835848809}}, "elapsed": 1370.243290901184}
