[autodl] run_id=20260919-135722-h15a-fedtgp
[autodl] started_at=2026-09-19T13:57:29+08:00
test_nested_prefixes (test_anchor_count.AnchorCountTest.test_nested_prefixes) ... ok
test_rank_diagnostics_preserve_full_anchor_result (test_anchor_count.AnchorCountTest.test_rank_diagnostics_preserve_full_anchor_result) ... ok
test_unmodified_upstream_two_rounds (test_baseline.BaselineTest.test_unmodified_upstream_two_rounds) ... ok
test_invariance_and_exact_assembly (test_centered.CenteredTest.test_invariance_and_exact_assembly) ... ok
test_explicit_ownership_seed_reproduces_old_split_and_changes_graph (test_cifar100.Cifar100Test.test_explicit_ownership_seed_reproduces_old_split_and_changes_graph) ... ok
test_metrics_histograms_and_all100_rows (test_cifar100.Cifar100Test.test_metrics_histograms_and_all100_rows) ... ok
test_new_graph_three_arm_initialization_and_actual_batch_pairing (test_cifar100.Cifar100Test.test_new_graph_three_arm_initialization_and_actual_batch_pairing) ... ok
test_ownership_label_blind_reservation_and_full_coverage (test_cifar100.Cifar100Test.test_ownership_label_blind_reservation_and_full_coverage) ... ok
test_three_arm_100class_entrypoint (test_cifar100.Cifar100Test.test_three_arm_100class_entrypoint) ... ok
test_three_readouts_100class_isolation_and_label_independence (test_cifar100.Cifar100Test.test_three_readouts_100class_isolation_and_label_independence) ... ok
test_training_seeds_keep_h12a_split_and_change_initialization (test_cifar100.Cifar100Test.test_training_seeds_keep_h12a_split_and_change_initialization) ... ok
test_affine_mean_weighting_and_class_isolation (test_class_prototypes.ClassPrototypeTest.test_affine_mean_weighting_and_class_isolation) ... ok
test_client_isolation_and_diagnostic_rng (test_class_prototypes.ClassPrototypeTest.test_client_isolation_and_diagnostic_rng) ... ok
test_nullspace_freedom_and_local_rng (test_completion.CompletionTest.test_nullspace_freedom_and_local_rng) ... ok
test_affine_logits_equivalence (test_conditioning.ConditioningTest.test_affine_logits_equivalence) ... ok
test_seed0_historical_regeneration (test_cross_seed.CrossSeedTest.test_seed0_historical_regeneration) ... ok
test_seed12_exact_committed_provenance (test_cross_seed.CrossSeedTest.test_seed12_exact_committed_provenance) ... ok
test_seed_specific_disjoint_construction (test_cross_seed.CrossSeedTest.test_seed_specific_disjoint_construction) ... ok
test_known_metrics (test_data_metrics.DataMetricTests.test_known_metrics) ... ok
test_partition_disjoint_complete_and_reproducible (test_data_metrics.DataMetricTests.test_partition_disjoint_complete_and_reproducible) ... ok
test_direct_path_state_and_rng (test_direct_prototypes.DirectPrototypeTest.test_direct_path_state_and_rng) ... ok
test_hierarchical_weighting_sparse_classes_and_scale (test_direct_prototypes.DirectPrototypeTest.test_hierarchical_weighting_sparse_classes_and_scale) ... ok
test_capture_reference_isolation_and_label_independence (test_dual_space.DualSpaceTest.test_capture_reference_isolation_and_label_independence) ... ok
test_exact_score_columns (test_dual_space.DualSpaceTest.test_exact_score_columns) ... ok
test_probe_separable_and_side_effect_free (test_fedgh.FedGHTest.test_probe_separable_and_side_effect_free) ... ok
test_server_update_detach_broadcast_and_all_classes (test_fedgh.FedGHTest.test_server_update_detach_broadcast_and_all_classes) ... ok
test_client_matches_pinned_checkpoint_timing_and_observed_mse (test_fedtgp.FedTGPTest.test_client_matches_pinned_checkpoint_timing_and_observed_mse) ... ok
test_fedtgp_entrypoint_no_transport_and_allclass_readout (test_fedtgp.FedTGPTest.test_fedtgp_entrypoint_no_transport_and_allclass_readout) ... ok
test_server_architecture_gap_objective_and_update_match_official (test_fedtgp.FedTGPTest.test_server_architecture_gap_objective_and_update_match_official) ... servers/servertgp.py:186: UserWarning: To copy construct from a tensor, it is recommended to use sourceTensor.clone().detach() or sourceTensor.clone().detach().requires_grad_(True), rather than torch.tensor(sourceTensor).
ok
test_partition_full_coverage_and_frozen_ownership (test_full_data.FullDataTest.test_partition_full_coverage_and_frozen_ownership) ... ok
test_readout_isolation_counts_and_anchor_label_blindness (test_full_data.FullDataTest.test_readout_isolation_counts_and_anchor_label_blindness) ... ok
test_seed_generalization_and_exact_h11a_split (test_full_data.FullDataTest.test_seed_generalization_and_exact_h11a_split) ... ok
test_step_receipt_and_optional_histograms_do_not_change_metrics (test_full_data.FullDataTest.test_step_receipt_and_optional_histograms_do_not_change_metrics) ... ok
test_three_arm_entrypoint_and_final_readouts (test_full_data.FullDataTest.test_three_arm_entrypoint_and_final_readouts) ... ok
test_legacy_permutations_exact_multisets_and_isolation (test_full_pair.FullPairTest.test_legacy_permutations_exact_multisets_and_isolation) ... ok
test_isolation_label_perturbation_and_reference (test_group_refine.GroupRefineTest.test_isolation_label_perturbation_and_reference) ... ok
test_routing_and_arbitrary_missing_correctness (test_group_refine.GroupRefineTest.test_routing_and_arbitrary_missing_correctness) ... ok
test_denominator_and_detachment (test_h01c.H01CTests.test_denominator_and_detachment) ... ok
test_owner_cosine (test_h01c.H01CTests.test_owner_cosine) ... ok
test_same_tensor_direction_matches_direct_autograd (test_h01c.H01CTests.test_same_tensor_direction_matches_direct_autograd) ... ok
test_assignment_counts_support_disjoint_and_deterministic (test_heldout.HeldoutTest.test_assignment_counts_support_disjoint_and_deterministic) ... ok
test_basis_reconstruction_and_head_equivalence (test_helmert.HelmertTest.test_basis_reconstruction_and_head_equivalence) ... ok
test_known_null_energy (test_helmert.HelmertTest.test_known_null_energy) ... ok
test_exact_local_inputs_hierarchy_and_isolation (test_local_source.LocalSourceTest.test_exact_local_inputs_hierarchy_and_isolation) ... ok
test_missing_class_changes_gpc_loss_and_gradient_only (test_mechanism.MechanismTests.test_missing_class_changes_gpc_loss_and_gradient_only) ... ok
test_round_one_pairing_all_modes_and_grad_ratio (test_mechanism.MechanismTests.test_round_one_pairing_all_modes_and_grad_ratio) ... ok
test_sample_weighted_aggregation (test_mechanism.MechanismTests.test_sample_weighted_aggregation) ... ok
test_training_parity_with_unmodified_upstream (test_mechanism.MechanismTests.test_training_parity_with_unmodified_upstream) ... ok
test_validity_and_noncontiguous_labels (test_mechanism.MechanismTests.test_validity_and_noncontiguous_labels) ... ok
test_deterministic_construction_shapes_and_batchnorm_isolation (test_mixed_backbone.MixedBackboneTest.test_deterministic_construction_shapes_and_batchnorm_isolation) ... ok
test_mixed_three_arm_entrypoint_and_readout_isolation (test_mixed_backbone.MixedBackboneTest.test_mixed_three_arm_entrypoint_and_readout_isolation) ... ok
test_seed_replication_initialization_and_actual_batch_orders (test_mixed_backbone.MixedBackboneTest.test_seed_replication_initialization_and_actual_batch_orders) ... ok
test_mask_and_frozen_backprop (test_online.OnlineTest.test_mask_and_frozen_backprop) ... ok
test_pure_bank_and_isolation (test_online.OnlineTest.test_pure_bank_and_isolation) ... ok
test_round_one_pairing_and_batches (test_online.OnlineTest.test_round_one_pairing_and_batches) ... ok
test_balanced_deterministic_disjoint (test_oracle.OracleTest.test_balanced_deterministic_disjoint) ... ok
test_oracle_state_rng_buffers_and_test_label_isolation (test_oracle.OracleTest.test_oracle_state_rng_buffers_and_test_label_isolation) ... ok
test_original_indices_counts_and_exclusion (test_owner_probe.OwnerProbeTest.test_original_indices_counts_and_exclusion) ... ok
test_owner_fit_state_and_test_label_isolation (test_owner_probe.OwnerProbeTest.test_owner_fit_state_and_test_label_isolation) ... ok
test_final_gradient_is_finite_and_side_effect_free (test_paired.PairedTest.test_final_gradient_is_finite_and_side_effect_free) ... ok
test_known_rotation_translation (test_paired.PairedTest.test_known_rotation_translation) ... ok
test_label_blind_selection_and_fit (test_paired.PairedTest.test_label_blind_selection_and_fit) ... ok
test_matched_500_fits_preserve_same_state (test_paired.PairedTest.test_matched_500_fits_preserve_same_state) ... ok
test_pair_breaking_preserves_multiset (test_paired.PairedTest.test_pair_breaking_preserves_multiset) ... ok
test_fixed_cast_and_probe_identity (test_precision.PrecisionTest.test_fixed_cast_and_probe_identity) ... ok
test_invertibility_reconstruction_logits_and_label_isolation (test_precondition.PreconditionTest.test_invertibility_reconstruction_logits_and_label_isolation) ... ok
test_column_permutation_preserves_each_sample (test_relation.RelationTest.test_column_permutation_preserves_each_sample) ... ok
test_orthogonal_translation_invariance (test_relation.RelationTest.test_orthogonal_translation_invariance) ... ok
test_eligible_prediction_and_rejection (test_router.RouterTest.test_eligible_prediction_and_rejection) ... ok
test_loo_and_order_statistic (test_router.RouterTest.test_loo_and_order_statistic) ... ok
test_train_only_isolation_and_label_perturbation (test_router.RouterTest.test_train_only_isolation_and_label_perturbation) ... ok

----------------------------------------------------------------------
Ran 71 tests in 74.879s

OK
Files already downloaded and verified
Files already downloaded and verified
{"mode": "fedtgp", "seed": 0, "round": 1, "metrics": {"head": {"seen": 0.07140000015497208, "missing": 0.0, "all": 0.014279999863356352, "macro": 0.014280000049620867}, "cosine": {"seen": 0.014100000262260437, "missing": 0.010149999987334013, "all": 0.01093999994918704, "macro": 0.010939999762922526}, "l2": {"seen": 0.014800000190734863, "missing": 0.010137500072596594, "all": 0.011069999914616347, "macro": 0.011069999635219574}}, "elapsed": 19.83902668952942}
{"mode": "fedtgp", "seed": 0, "round": 2, "metrics": {"head": {"seen": 0.1462999999523163, "missing": 0.0, "all": 0.02926000002771616, "macro": 0.02926000002771616}, "cosine": {"seen": 0.08595000021159649, "missing": 0.0, "all": 0.017189999856054784, "macro": 0.017190000135451557}, "l2": {"seen": 0.051600000262260436, "missing": 0.0007625000056577846, "all": 0.010929999873042107, "macro": 0.01092999977990985}}, "elapsed": 37.77657628059387}
{"mode": "fedtgp", "seed": 0, "round": 3, "metrics": {"head": {"seen": 0.182150000333786, "missing": 0.0, "all": 0.036429999954998495, "macro": 0.03643000032752752}, "cosine": {"seen": 0.11509999856352807, "missing": 0.0, "all": 0.023020000010728837, "macro": 0.023020000010728837}, "l2": {"seen": 0.12504999861121177, "missing": 0.0, "all": 0.02501000016927719, "macro": 0.025009999610483648}}, "elapsed": 55.36024618148804}
{"mode": "fedtgp", "seed": 0, "round": 4, "metrics": {"head": {"seen": 0.21660000085830688, "missing": 0.0, "all": 0.04332000017166138, "macro": 0.043319999054074285}, "cosine": {"seen": 0.15835000053048134, "missing": 0.0, "all": 0.031670000217854974, "macro": 0.031669999845325945}, "l2": {"seen": 0.19940000027418137, "missing": 0.0, "all": 0.03988000061362982, "macro": 0.03987999875098467}}, "elapsed": 74.38234424591064}
{"mode": "fedtgp", "seed": 0, "round": 5, "metrics": {"head": {"seen": 0.23285000026226044, "missing": 0.0, "all": 0.04657000042498112, "macro": 0.046569998189806935}, "cosine": {"seen": 0.16079999953508378, "missing": 0.0, "all": 0.032160000316798686, "macro": 0.032160000316798686}, "l2": {"seen": 0.2168000027537346, "missing": 0.0, "all": 0.04336000010371208, "macro": 0.04336000122129917}}, "elapsed": 92.65133881568909}
{"mode": "fedtgp", "seed": 0, "round": 6, "metrics": {"head": {"seen": 0.25964999943971634, "missing": 0.0, "all": 0.05193000063300133, "macro": 0.05193000100553036}, "cosine": {"seen": 0.19804999977350235, "missing": 0.0, "all": 0.0396100003272295, "macro": 0.0396100003272295}, "l2": {"seen": 0.24915000200271606, "missing": 0.0, "all": 0.049829999729990956, "macro": 0.04983000084757805}}, "elapsed": 109.95527076721191}
{"mode": "fedtgp", "seed": 0, "round": 7, "metrics": {"head": {"seen": 0.28335000276565553, "missing": 0.0, "all": 0.05666999965906143, "macro": 0.056670001894235614}, "cosine": {"seen": 0.21200000047683715, "missing": 0.0, "all": 0.042399999871850017, "macro": 0.04239999912679195}, "l2": {"seen": 0.2668499991297722, "missing": 0.0, "all": 0.05336999967694282, "macro": 0.053369998931884766}}, "elapsed": 126.10590839385986}
{"mode": "fedtgp", "seed": 0, "round": 8, "metrics": {"head": {"seen": 0.2923500001430511, "missing": 0.0, "all": 0.05847000032663345, "macro": 0.05846999995410442}, "cosine": {"seen": 0.24139999896287917, "missing": 0.0, "all": 0.04827999994158745, "macro": 0.04827999994158745}, "l2": {"seen": 0.2927500009536743, "missing": 0.0, "all": 0.058549999818205835, "macro": 0.05854999907314777}}, "elapsed": 141.03309273719788}
{"mode": "fedtgp", "seed": 0, "round": 9, "metrics": {"head": {"seen": 0.3159999966621399, "missing": 0.0, "all": 0.06319999992847443, "macro": 0.0631999995559454}, "cosine": {"seen": 0.24769999831914902, "missing": 0.0, "all": 0.04954000040888786, "macro": 0.04954000003635883}, "l2": {"seen": 0.2960499957203865, "missing": 0.0, "all": 0.059210000187158586, "macro": 0.059209998697042465}}, "elapsed": 157.89102721214294}
{"mode": "fedtgp", "seed": 0, "round": 10, "metrics": {"head": {"seen": 0.3274999976158142, "missing": 0.0, "all": 0.06549999974668026, "macro": 0.06550000049173832}, "cosine": {"seen": 0.27224999368190766, "missing": 0.0, "all": 0.05445000007748604, "macro": 0.05444999895989895}, "l2": {"seen": 0.3195000022649765, "missing": 0.0, "all": 0.06389999911189079, "macro": 0.06390000134706497}}, "elapsed": 176.75110960006714}
[autodl] finished_at=2026-09-19T14:01:52+08:00
[autodl] exit_code=0
