[autodl] run_id=20260919-042844-h12b-cifar100-seeds12
[autodl] started_at=2026-09-19T04:28:49+08:00
test_nested_prefixes (test_anchor_count.AnchorCountTest.test_nested_prefixes) ... ok
test_rank_diagnostics_preserve_full_anchor_result (test_anchor_count.AnchorCountTest.test_rank_diagnostics_preserve_full_anchor_result) ... /home/wenchang/anaconda3/envs/python3.12-tk2-2.3/lib/python3.12/site-packages/torch/cuda/__init__.py:654: UserWarning: Can't initialize NVML
  warnings.warn("Can't initialize NVML")
ok
test_unmodified_upstream_two_rounds (test_baseline.BaselineTest.test_unmodified_upstream_two_rounds) ... ok
test_invariance_and_exact_assembly (test_centered.CenteredTest.test_invariance_and_exact_assembly) ... ok
test_metrics_histograms_and_all100_rows (test_cifar100.Cifar100Test.test_metrics_histograms_and_all100_rows) ... ok
test_ownership_label_blind_reservation_and_full_coverage (test_cifar100.Cifar100Test.test_ownership_label_blind_reservation_and_full_coverage) ... ok
test_three_arm_100class_entrypoint (test_cifar100.Cifar100Test.test_three_arm_100class_entrypoint) ... ok
test_three_readouts_100class_isolation_and_label_independence (test_cifar100.Cifar100Test.test_three_readouts_100class_isolation_and_label_independence) ... ok
test_training_seeds_keep_h12a_split_and_change_initialization (test_cifar100.Cifar100Test.test_training_seeds_keep_h12a_split_and_change_initialization) ... ok
test_affine_mean_weighting_and_class_isolation (test_class_prototypes.ClassPrototypeTest.test_affine_mean_weighting_and_class_isolation) ... ok
test_client_isolation_and_diagnostic_rng (test_class_prototypes.ClassPrototypeTest.test_client_isolation_and_diagnostic_rng) ... ok
test_nullspace_freedom_and_local_rng (test_completion.CompletionTest.test_nullspace_freedom_and_local_rng) ... ok
test_affine_logits_equivalence (test_conditioning.ConditioningTest.test_affine_logits_equivalence) ... ok
test_seed0_historical_regeneration (test_cross_seed.CrossSeedTest.test_seed0_historical_regeneration) ... ok
test_seed12_exact_committed_provenance (test_cross_seed.CrossSeedTest.test_seed12_exact_committed_provenance) ... ok
test_seed_specific_disjoint_construction (test_cross_seed.CrossSeedTest.test_seed_specific_disjoint_construction) ... ok
test_known_metrics (test_data_metrics.DataMetricTests.test_known_metrics) ... ok
test_partition_disjoint_complete_and_reproducible (test_data_metrics.DataMetricTests.test_partition_disjoint_complete_and_reproducible) ... ok
test_direct_path_state_and_rng (test_direct_prototypes.DirectPrototypeTest.test_direct_path_state_and_rng) ... ok
test_hierarchical_weighting_sparse_classes_and_scale (test_direct_prototypes.DirectPrototypeTest.test_hierarchical_weighting_sparse_classes_and_scale) ... ok
test_capture_reference_isolation_and_label_independence (test_dual_space.DualSpaceTest.test_capture_reference_isolation_and_label_independence) ... ok
test_exact_score_columns (test_dual_space.DualSpaceTest.test_exact_score_columns) ... ok
test_probe_separable_and_side_effect_free (test_fedgh.FedGHTest.test_probe_separable_and_side_effect_free) ... ok
test_server_update_detach_broadcast_and_all_classes (test_fedgh.FedGHTest.test_server_update_detach_broadcast_and_all_classes) ... ok
test_partition_full_coverage_and_frozen_ownership (test_full_data.FullDataTest.test_partition_full_coverage_and_frozen_ownership) ... ok
test_readout_isolation_counts_and_anchor_label_blindness (test_full_data.FullDataTest.test_readout_isolation_counts_and_anchor_label_blindness) ... ok
test_seed_generalization_and_exact_h11a_split (test_full_data.FullDataTest.test_seed_generalization_and_exact_h11a_split) ... ok
test_step_receipt_and_optional_histograms_do_not_change_metrics (test_full_data.FullDataTest.test_step_receipt_and_optional_histograms_do_not_change_metrics) ... ok
test_three_arm_entrypoint_and_final_readouts (test_full_data.FullDataTest.test_three_arm_entrypoint_and_final_readouts) ... ok
test_legacy_permutations_exact_multisets_and_isolation (test_full_pair.FullPairTest.test_legacy_permutations_exact_multisets_and_isolation) ... ok
test_isolation_label_perturbation_and_reference (test_group_refine.GroupRefineTest.test_isolation_label_perturbation_and_reference) ... ok
test_routing_and_arbitrary_missing_correctness (test_group_refine.GroupRefineTest.test_routing_and_arbitrary_missing_correctness) ... ok
test_denominator_and_detachment (test_h01c.H01CTests.test_denominator_and_detachment) ... ok
test_owner_cosine (test_h01c.H01CTests.test_owner_cosine) ... ok
test_same_tensor_direction_matches_direct_autograd (test_h01c.H01CTests.test_same_tensor_direction_matches_direct_autograd) ... ok
test_assignment_counts_support_disjoint_and_deterministic (test_heldout.HeldoutTest.test_assignment_counts_support_disjoint_and_deterministic) ... ok
test_basis_reconstruction_and_head_equivalence (test_helmert.HelmertTest.test_basis_reconstruction_and_head_equivalence) ... ok
test_known_null_energy (test_helmert.HelmertTest.test_known_null_energy) ... ok
test_exact_local_inputs_hierarchy_and_isolation (test_local_source.LocalSourceTest.test_exact_local_inputs_hierarchy_and_isolation) ... ok
test_missing_class_changes_gpc_loss_and_gradient_only (test_mechanism.MechanismTests.test_missing_class_changes_gpc_loss_and_gradient_only) ... ok
test_round_one_pairing_all_modes_and_grad_ratio (test_mechanism.MechanismTests.test_round_one_pairing_all_modes_and_grad_ratio) ... ok
test_sample_weighted_aggregation (test_mechanism.MechanismTests.test_sample_weighted_aggregation) ... ok
test_training_parity_with_unmodified_upstream (test_mechanism.MechanismTests.test_training_parity_with_unmodified_upstream) ... ok
test_validity_and_noncontiguous_labels (test_mechanism.MechanismTests.test_validity_and_noncontiguous_labels) ... ok
test_mask_and_frozen_backprop (test_online.OnlineTest.test_mask_and_frozen_backprop) ... ok
test_pure_bank_and_isolation (test_online.OnlineTest.test_pure_bank_and_isolation) ... ok
test_round_one_pairing_and_batches (test_online.OnlineTest.test_round_one_pairing_and_batches) ... ok
test_balanced_deterministic_disjoint (test_oracle.OracleTest.test_balanced_deterministic_disjoint) ... ok
test_oracle_state_rng_buffers_and_test_label_isolation (test_oracle.OracleTest.test_oracle_state_rng_buffers_and_test_label_isolation) ... ok
test_original_indices_counts_and_exclusion (test_owner_probe.OwnerProbeTest.test_original_indices_counts_and_exclusion) ... ok
test_owner_fit_state_and_test_label_isolation (test_owner_probe.OwnerProbeTest.test_owner_fit_state_and_test_label_isolation) ... ok
test_final_gradient_is_finite_and_side_effect_free (test_paired.PairedTest.test_final_gradient_is_finite_and_side_effect_free) ... ok
test_known_rotation_translation (test_paired.PairedTest.test_known_rotation_translation) ... ok
test_label_blind_selection_and_fit (test_paired.PairedTest.test_label_blind_selection_and_fit) ... ok
test_matched_500_fits_preserve_same_state (test_paired.PairedTest.test_matched_500_fits_preserve_same_state) ... ok
test_pair_breaking_preserves_multiset (test_paired.PairedTest.test_pair_breaking_preserves_multiset) ... ok
test_fixed_cast_and_probe_identity (test_precision.PrecisionTest.test_fixed_cast_and_probe_identity) ... ok
test_invertibility_reconstruction_logits_and_label_isolation (test_precondition.PreconditionTest.test_invertibility_reconstruction_logits_and_label_isolation) ... ok
test_column_permutation_preserves_each_sample (test_relation.RelationTest.test_column_permutation_preserves_each_sample) ... ok
test_orthogonal_translation_invariance (test_relation.RelationTest.test_orthogonal_translation_invariance) ... ok
test_eligible_prediction_and_rejection (test_router.RouterTest.test_eligible_prediction_and_rejection) ... ok
test_loo_and_order_statistic (test_router.RouterTest.test_loo_and_order_statistic) ... ok
test_train_only_isolation_and_label_perturbation (test_router.RouterTest.test_train_only_isolation_and_label_perturbation) ... ok

----------------------------------------------------------------------
Ran 63 tests in 18.689s

OK
/home/wenchang/anaconda3/envs/python3.12-tk2-2.3/lib/python3.12/site-packages/torch/cuda/__init__.py:654: UserWarning: Can't initialize NVML
  warnings.warn("Can't initialize NVML")
Files already downloaded and verified
Files already downloaded and verified
{"mode": "local", "seed": 1, "round": 1, "metrics": {"head": {"seen": 0.06345000118017197, "missing": 0.0, "all": 0.012689999770373106, "macro": 0.012689999677240849}, "cosine": {"seen": 0.06650000102818013, "missing": 0.0, "all": 0.013300000037997962, "macro": 0.013300000037997962}, "l2": {"seen": 0.051650000363588335, "missing": 0.0, "all": 0.0103299998678267, "macro": 0.010329999681562185}}, "elapsed": 12.670315265655518}
{"mode": "local", "seed": 1, "round": 2, "metrics": {"head": {"seen": 0.14525000229477883, "missing": 0.0, "all": 0.029049999732524156, "macro": 0.029049999359995127}, "cosine": {"seen": 0.15814999788999556, "missing": 0.0, "all": 0.03162999991327524, "macro": 0.03163000009953976}, "l2": {"seen": 0.1739999994635582, "missing": 3.75000003259629e-05, "all": 0.03483000043779612, "macro": 0.034829999320209026}}, "elapsed": 24.878204584121704}
{"mode": "local", "seed": 1, "round": 3, "metrics": {"head": {"seen": 0.20795000344514847, "missing": 0.0, "all": 0.04158999994397163, "macro": 0.04158999882638455}, "cosine": {"seen": 0.20620000064373017, "missing": 0.0, "all": 0.04123999960720539, "macro": 0.04123999923467636}, "l2": {"seen": 0.22380000054836274, "missing": 0.0, "all": 0.044759999960660934, "macro": 0.04476000070571899}}, "elapsed": 37.29776883125305}
{"mode": "local", "seed": 1, "round": 4, "metrics": {"head": {"seen": 0.22040000110864638, "missing": 0.0, "all": 0.04407999999821186, "macro": 0.04408000037074089}, "cosine": {"seen": 0.2264999970793724, "missing": 0.0, "all": 0.04529999978840351, "macro": 0.04529999904334545}, "l2": {"seen": 0.24444999992847444, "missing": 0.0, "all": 0.0488900002092123, "macro": 0.04888999871909618}}, "elapsed": 49.71740913391113}
{"mode": "local", "seed": 1, "round": 5, "metrics": {"head": {"seen": 0.2577000007033348, "missing": 0.0, "all": 0.05153999999165535, "macro": 0.05154000036418438}, "cosine": {"seen": 0.24220000058412552, "missing": 0.0, "all": 0.0484400000423193, "macro": 0.04843999966979027}, "l2": {"seen": 0.2640000030398369, "missing": 0.0, "all": 0.052799999713897705, "macro": 0.05279999896883965}}, "elapsed": 61.88999032974243}
{"mode": "local", "seed": 1, "round": 6, "metrics": {"head": {"seen": 0.26445000171661376, "missing": 0.0, "all": 0.05289000049233437, "macro": 0.05288999956101179}, "cosine": {"seen": 0.2563999995589256, "missing": 0.0, "all": 0.05128000043332577, "macro": 0.05127999782562256}, "l2": {"seen": 0.27384999990463255, "missing": 0.0, "all": 0.054770000651478766, "macro": 0.05476999878883362}}, "elapsed": 74.27300572395325}
{"mode": "local", "seed": 1, "round": 7, "metrics": {"head": {"seen": 0.3032499969005585, "missing": 0.0, "all": 0.060649999976158143, "macro": 0.06065000109374523}, "cosine": {"seen": 0.27330000400543214, "missing": 0.0, "all": 0.054659999907016754, "macro": 0.05466000065207481}, "l2": {"seen": 0.2865500047802925, "missing": 0.0, "all": 0.05731000006198883, "macro": 0.05731000006198883}}, "elapsed": 86.21658849716187}
{"mode": "local", "seed": 1, "round": 8, "metrics": {"head": {"seen": 0.31615000069141386, "missing": 0.0, "all": 0.06323000080883504, "macro": 0.06323000080883504}, "cosine": {"seen": 0.2845999985933304, "missing": 0.0, "all": 0.05691999942064285, "macro": 0.05691999979317188}, "l2": {"seen": 0.29740000069141387, "missing": 0.0, "all": 0.05948000028729439, "macro": 0.059480000659823416}}, "elapsed": 98.62402319908142}
{"mode": "local", "seed": 1, "round": 9, "metrics": {"head": {"seen": 0.32025000303983686, "missing": 0.0, "all": 0.06405000053346158, "macro": 0.0640500009059906}, "cosine": {"seen": 0.293149995803833, "missing": 0.0, "all": 0.05862999930977821, "macro": 0.05862999968230724}, "l2": {"seen": 0.3060499966144562, "missing": 0.0, "all": 0.06121000126004219, "macro": 0.06120999939739704}}, "elapsed": 110.99967241287231}
{"mode": "local", "seed": 1, "round": 10, "metrics": {"head": {"seen": 0.3378000020980835, "missing": 0.0, "all": 0.06755999960005284, "macro": 0.06756000071763993}, "cosine": {"seen": 0.30550000071525574, "missing": 0.0, "all": 0.06110000051558018, "macro": 0.06109999977052212}, "l2": {"seen": 0.31714999973773955, "missing": 0.0, "all": 0.06343000121414662, "macro": 0.06342999897897243}}, "elapsed": 123.33317923545837}
Files already downloaded and verified
Files already downloaded and verified
{"mode": "fedproto", "seed": 1, "round": 1, "metrics": {"head": {"seen": 0.06345000118017197, "missing": 0.0, "all": 0.012689999770373106, "macro": 0.012689999677240849}, "cosine": {"seen": 0.06650000102818013, "missing": 0.0, "all": 0.013300000037997962, "macro": 0.013300000037997962}, "l2": {"seen": 0.051650000363588335, "missing": 0.0, "all": 0.0103299998678267, "macro": 0.010329999681562185}}, "elapsed": 12.271368741989136}
{"mode": "fedproto", "seed": 1, "round": 2, "metrics": {"head": {"seen": 0.17280000001192092, "missing": 0.0, "all": 0.03456000052392483, "macro": 0.03455999996513128}, "cosine": {"seen": 0.17475000023841858, "missing": 0.0, "all": 0.03495000042021275, "macro": 0.03495000004768371}, "l2": {"seen": 0.19474999904632567, "missing": 0.0, "all": 0.03894999995827675, "macro": 0.03895000088959932}}, "elapsed": 25.545342206954956}
{"mode": "fedproto", "seed": 1, "round": 3, "metrics": {"head": {"seen": 0.21995000094175338, "missing": 0.0, "all": 0.04399000070989132, "macro": 0.04399000070989132}, "cosine": {"seen": 0.21095000058412552, "missing": 0.0, "all": 0.04218999966979027, "macro": 0.042189999297261235}, "l2": {"seen": 0.23440000265836716, "missing": 0.0, "all": 0.046879999712109564, "macro": 0.046879999339580536}}, "elapsed": 38.52243399620056}
{"mode": "fedproto", "seed": 1, "round": 4, "metrics": {"head": {"seen": 0.2298000007867813, "missing": 0.0, "all": 0.04595999978482723, "macro": 0.045959997549653055}, "cosine": {"seen": 0.2264000028371811, "missing": 0.0, "all": 0.04528000019490719, "macro": 0.045280000939965245}, "l2": {"seen": 0.2491000011563301, "missing": 0.0, "all": 0.04982000030577183, "macro": 0.04981999956071377}}, "elapsed": 51.465484619140625}
{"mode": "fedproto", "seed": 1, "round": 5, "metrics": {"head": {"seen": 0.26805000454187394, "missing": 0.0, "all": 0.053610000386834146, "macro": 0.05360999964177608}, "cosine": {"seen": 0.2540500000119209, "missing": 0.0, "all": 0.05080999992787838, "macro": 0.05081000030040741}, "l2": {"seen": 0.2762999996542931, "missing": 0.0, "all": 0.055259999632835385, "macro": 0.05526000037789345}}, "elapsed": 64.32891058921814}
{"mode": "fedproto", "seed": 1, "round": 6, "metrics": {"head": {"seen": 0.2799499988555908, "missing": 0.0, "all": 0.05599000044167042, "macro": 0.055990001559257506}, "cosine": {"seen": 0.26775000244379044, "missing": 0.0, "all": 0.053550000116229055, "macro": 0.053550000116229055}, "l2": {"seen": 0.29145000129938126, "missing": 0.0, "all": 0.058290000259876254, "macro": 0.058290000259876254}}, "elapsed": 77.27934646606445}
{"mode": "fedproto", "seed": 1, "round": 7, "metrics": {"head": {"seen": 0.3129000037908554, "missing": 0.0, "all": 0.06257999986410141, "macro": 0.06257999800145626}, "cosine": {"seen": 0.28779999911785126, "missing": 0.0, "all": 0.05756000019609928, "macro": 0.05755999945104122}, "l2": {"seen": 0.30444999784231186, "missing": 0.0, "all": 0.06089000068604946, "macro": 0.060890001431107524}}, "elapsed": 90.21713447570801}
{"mode": "fedproto", "seed": 1, "round": 8, "metrics": {"head": {"seen": 0.3225499987602234, "missing": 0.0, "all": 0.06451000086963177, "macro": 0.06450999975204467}, "cosine": {"seen": 0.2995500057935715, "missing": 0.0, "all": 0.05990999937057495, "macro": 0.059909998625516894}, "l2": {"seen": 0.3139999985694885, "missing": 0.0, "all": 0.06280000023543834, "macro": 0.06279999911785125}}, "elapsed": 103.14110231399536}
{"mode": "fedproto", "seed": 1, "round": 9, "metrics": {"head": {"seen": 0.33775000274181366, "missing": 0.0, "all": 0.06754999943077564, "macro": 0.06755000017583371}, "cosine": {"seen": 0.3121000021696091, "missing": 0.0, "all": 0.06242000013589859, "macro": 0.0624199990183115}, "l2": {"seen": 0.3286000043153763, "missing": 0.0, "all": 0.0657200001180172, "macro": 0.0657200001180172}}, "elapsed": 116.09781646728516}
{"mode": "fedproto", "seed": 1, "round": 10, "metrics": {"head": {"seen": 0.35239999890327456, "missing": 0.0, "all": 0.07048000022768974, "macro": 0.07047999911010265}, "cosine": {"seen": 0.3300000011920929, "missing": 0.0, "all": 0.06600000001490117, "macro": 0.06600000075995922}, "l2": {"seen": 0.342849999666214, "missing": 1.2500000593718141e-05, "all": 0.06857999935746192, "macro": 0.0685799989849329}}, "elapsed": 128.9828999042511}
Files already downloaded and verified
Files already downloaded and verified
{"mode": "fedgh", "seed": 1, "round": 1, "metrics": {"cosine": {"seen": 0.06650000102818013, "missing": 0.0, "all": 0.013300000037997962, "macro": 0.013300000037997962}, "l2": {"seen": 0.051650000363588335, "missing": 0.0, "all": 0.0103299998678267, "macro": 0.010329999681562185}, "local_head_pre_server": {"seen": 0.06345000118017197, "missing": 0.0, "all": 0.012689999770373106, "macro": 0.012689999677240849}, "global_head_post_server": {"seen": 0.0528000008314848, "missing": 0.0, "all": 0.010559999849647284, "macro": 0.010559999756515026}}, "elapsed": 16.48075246810913}
{"mode": "fedgh", "seed": 1, "round": 2, "metrics": {"cosine": {"seen": 0.15334999933838844, "missing": 0.0, "all": 0.030670000053942204, "macro": 0.030669999495148658}, "l2": {"seen": 0.16669999957084655, "missing": 0.0, "all": 0.033340000174939634, "macro": 0.033340000361204145}, "local_head_pre_server": {"seen": 0.133050000295043, "missing": 0.0, "all": 0.026609999872744084, "macro": 0.026610000245273113}, "global_head_post_server": {"seen": 0.0649999998509884, "missing": 0.0, "all": 0.012999999988824128, "macro": 0.012999999802559614}}, "elapsed": 32.814818143844604}
{"mode": "fedgh", "seed": 1, "round": 3, "metrics": {"cosine": {"seen": 0.19914999902248381, "missing": 0.0, "all": 0.03983000032603741, "macro": 0.03982999883592129}, "l2": {"seen": 0.2189500004053116, "missing": 0.0, "all": 0.043789999932050704, "macro": 0.04379000067710877}, "local_head_pre_server": {"seen": 0.18739999756217002, "missing": 0.0, "all": 0.03747999984771013, "macro": 0.03747999835759401}, "global_head_post_server": {"seen": 0.07790000028908253, "missing": 0.0, "all": 0.015580000076442956, "macro": 0.015579999983310699}}, "elapsed": 49.19428586959839}
{"mode": "fedgh", "seed": 1, "round": 4, "metrics": {"cosine": {"seen": 0.2235500007867813, "missing": 0.0, "all": 0.04471000023186207, "macro": 0.04471000097692013}, "l2": {"seen": 0.24045000225305557, "missing": 0.0, "all": 0.048089999705553055, "macro": 0.048089999705553055}, "local_head_pre_server": {"seen": 0.20124999731779097, "missing": 0.0, "all": 0.04024999998509884, "macro": 0.040250000171363355}, "global_head_post_server": {"seen": 0.11504999957978726, "missing": 0.0, "all": 0.02301000002771616, "macro": 0.02301000002771616}}, "elapsed": 65.06364345550537}
{"mode": "fedgh", "seed": 1, "round": 5, "metrics": {"cosine": {"seen": 0.2368499979376793, "missing": 0.0, "all": 0.047369999811053276, "macro": 0.04736999906599522}, "l2": {"seen": 0.2530000001192093, "missing": 0.0, "all": 0.050599999725818634, "macro": 0.050599999353289606}, "local_head_pre_server": {"seen": 0.23715000003576278, "missing": 0.0, "all": 0.04742999970912933, "macro": 0.04743000008165836}, "global_head_post_server": {"seen": 0.1222000002861023, "missing": 0.0, "all": 0.0244399999268353, "macro": 0.024439999554306268}}, "elapsed": 81.16272139549255}
{"mode": "fedgh", "seed": 1, "round": 6, "metrics": {"cosine": {"seen": 0.24234999865293502, "missing": 0.0, "all": 0.04846999980509281, "macro": 0.04846999943256378}, "l2": {"seen": 0.25659999847412107, "missing": 0.0, "all": 0.05132000036537647, "macro": 0.05131999999284744}, "local_head_pre_server": {"seen": 0.2339499995112419, "missing": 0.0, "all": 0.046789999678730966, "macro": 0.04678999911993742}, "global_head_post_server": {"seen": 0.12944999970495702, "missing": 0.0, "all": 0.02588999979197979, "macro": 0.025889999605715273}}, "elapsed": 96.5755968093872}
{"mode": "fedgh", "seed": 1, "round": 7, "metrics": {"cosine": {"seen": 0.2568000018596649, "missing": 0.0, "all": 0.051360000297427176, "macro": 0.0513600017875433}, "l2": {"seen": 0.2710500001907349, "missing": 0.0, "all": 0.05420999974012375, "macro": 0.05421000011265278}, "local_head_pre_server": {"seen": 0.2745999976992607, "missing": 0.0, "all": 0.0549200002104044, "macro": 0.05491999983787536}, "global_head_post_server": {"seen": 0.12659999914467335, "missing": 0.0, "all": 0.025320000108331443, "macro": 0.02531999973580241}}, "elapsed": 113.07002902030945}
{"mode": "fedgh", "seed": 1, "round": 8, "metrics": {"cosine": {"seen": 0.25335000157356263, "missing": 0.0, "all": 0.05066999979317188, "macro": 0.050670000910758975}, "l2": {"seen": 0.2690500050783157, "missing": 0.0, "all": 0.05381000004708767, "macro": 0.05381000004708767}, "local_head_pre_server": {"seen": 0.29110000282526016, "missing": 0.0, "all": 0.05821999944746494, "macro": 0.05821999907493591}, "global_head_post_server": {"seen": 0.1495999999344349, "missing": 0.0, "all": 0.029920000303536653, "macro": 0.02991999974474311}}, "elapsed": 129.63461661338806}
{"mode": "fedgh", "seed": 1, "round": 9, "metrics": {"cosine": {"seen": 0.254849998652935, "missing": 0.0, "all": 0.0509699996560812, "macro": 0.0509699996560812}, "l2": {"seen": 0.2698000013828278, "missing": 0.0, "all": 0.05396000035107136, "macro": 0.053960001468658446}, "local_head_pre_server": {"seen": 0.28329999893903735, "missing": 0.0, "all": 0.0566600002348423, "macro": 0.05665999986231327}, "global_head_post_server": {"seen": 0.16169999726116657, "missing": 0.0, "all": 0.03234000038355589, "macro": 0.03234000001102686}}, "elapsed": 146.13743114471436}
/home/wenchang/asdasdsad/wjq/PPRTP/releases/20260919-042725-h12b/pprtp/paired.py:43: UserWarning: torch.linalg.svd: During SVD computation with the selected cusolver driver, batches 0 failed to converge. A more accurate method will be used to compute the SVD as a fallback. Check doc at https://pytorch.org/docs/stable/generated/torch.linalg.svd.html (Triggered internally at ../aten/src/ATen/native/cuda/linalg/BatchLinearAlgebraLib.cpp:697.)
  u,s,vh=torch.linalg.svd(xc.T@yc,full_matrices=False)
{"mode": "fedgh", "seed": 1, "round": 10, "metrics": {"cosine": {"seen": 0.2675000041723251, "missing": 0.0, "all": 0.05350000001490116, "macro": 0.05350000187754631}, "l2": {"seen": 0.28010000139474867, "missing": 0.0, "all": 0.05602000057697296, "macro": 0.05601999945938587}, "local_head_pre_server": {"seen": 0.3034999966621399, "missing": 0.0, "all": 0.06069999933242798, "macro": 0.06069999970495701}, "global_head_post_server": {"seen": 0.16080000177025794, "missing": 0.0, "all": 0.032160000130534175, "macro": 0.032160000130534175}}, "elapsed": 307.7901141643524}
Files already downloaded and verified
Files already downloaded and verified
{"mode": "local", "seed": 2, "round": 1, "metrics": {"head": {"seen": 0.07150000035762787, "missing": 0.0, "all": 0.014299999829381705, "macro": 0.014300000295042992}, "cosine": {"seen": 0.0767000000923872, "missing": 0.0, "all": 0.015340000204741955, "macro": 0.01534000001847744}, "l2": {"seen": 0.05649999976158142, "missing": 0.0, "all": 0.01129999989643693, "macro": 0.011299999617040157}}, "elapsed": 12.522530317306519}
{"mode": "local", "seed": 2, "round": 2, "metrics": {"head": {"seen": 0.12540000155568123, "missing": 0.0, "all": 0.025080000050365925, "macro": 0.02508000023663044}, "cosine": {"seen": 0.13360000252723694, "missing": 0.0, "all": 0.026720000058412553, "macro": 0.02671999968588352}, "l2": {"seen": 0.14444999769330025, "missing": 8.750000270083547e-05, "all": 0.028959999792277813, "macro": 0.028959999978542327}}, "elapsed": 25.13400363922119}
{"mode": "local", "seed": 2, "round": 3, "metrics": {"head": {"seen": 0.18435000106692315, "missing": 0.0, "all": 0.036870000325143336, "macro": 0.0368700010702014}, "cosine": {"seen": 0.19545000046491623, "missing": 0.0, "all": 0.039090000465512274, "macro": 0.039090000465512274}, "l2": {"seen": 0.21070000231266023, "missing": 0.0, "all": 0.0421399999409914, "macro": 0.0421399999409914}}, "elapsed": 36.921006202697754}
{"mode": "local", "seed": 2, "round": 4, "metrics": {"head": {"seen": 0.2285500019788742, "missing": 0.0, "all": 0.045710000395774844, "macro": 0.045710000395774844}, "cosine": {"seen": 0.2174000024795532, "missing": 0.0, "all": 0.043480000272393224, "macro": 0.04348000101745129}, "l2": {"seen": 0.23695000112056733, "missing": 0.0, "all": 0.04739000089466572, "macro": 0.047389999777078626}}, "elapsed": 49.76031184196472}
{"mode": "local", "seed": 2, "round": 5, "metrics": {"head": {"seen": 0.24054999947547911, "missing": 0.0, "all": 0.04811000041663647, "macro": 0.04811000004410744}, "cosine": {"seen": 0.24040000140666962, "missing": 0.0, "all": 0.048080000281333926, "macro": 0.04807999990880489}, "l2": {"seen": 0.2604000046849251, "missing": 0.0, "all": 0.052079999819397926, "macro": 0.052079999819397926}}, "elapsed": 62.61753606796265}
{"mode": "local", "seed": 2, "round": 6, "metrics": {"head": {"seen": 0.2688500016927719, "missing": 0.0, "all": 0.053770000115036964, "macro": 0.053770000115036964}, "cosine": {"seen": 0.2545000031590462, "missing": 0.0, "all": 0.05089999996125698, "macro": 0.05090000107884407}, "l2": {"seen": 0.2756499990820885, "missing": 0.0, "all": 0.055130000412464145, "macro": 0.05512999929487705}}, "elapsed": 75.38446378707886}
{"mode": "local", "seed": 2, "round": 7, "metrics": {"head": {"seen": 0.29659999907016754, "missing": 0.0, "all": 0.059319999814033506, "macro": 0.05931999869644642}, "cosine": {"seen": 0.2683500021696091, "missing": 0.0, "all": 0.053669999539852145, "macro": 0.05366999916732311}, "l2": {"seen": 0.2871999964118004, "missing": 0.0, "all": 0.057440000399947164, "macro": 0.0574400007724762}}, "elapsed": 88.07754898071289}
{"mode": "local", "seed": 2, "round": 8, "metrics": {"head": {"seen": 0.310400003194809, "missing": 0.0, "all": 0.0620800007134676, "macro": 0.06208000145852566}, "cosine": {"seen": 0.2788500010967255, "missing": 0.0, "all": 0.05577000118792057, "macro": 0.05577000007033348}, "l2": {"seen": 0.29984999895095826, "missing": 0.0, "all": 0.059969999641180036, "macro": 0.05996999926865101}}, "elapsed": 100.52206611633301}
{"mode": "local", "seed": 2, "round": 9, "metrics": {"head": {"seen": 0.3206500023603439, "missing": 0.0, "all": 0.06412999890744686, "macro": 0.0641300018876791}, "cosine": {"seen": 0.29290000200271604, "missing": 0.0, "all": 0.05857999995350838, "macro": 0.05857999995350838}, "l2": {"seen": 0.30505000352859496, "missing": 0.0, "all": 0.06101000048220158, "macro": 0.061009997874498366}}, "elapsed": 113.39804697036743}
{"mode": "local", "seed": 2, "round": 10, "metrics": {"head": {"seen": 0.3440500020980835, "missing": 0.0, "all": 0.068809999153018, "macro": 0.06880999989807605}, "cosine": {"seen": 0.3119500011205673, "missing": 0.0, "all": 0.06238999925553799, "macro": 0.062390001490712166}, "l2": {"seen": 0.3254499971866608, "missing": 0.0, "all": 0.06509000025689601, "macro": 0.06509000025689601}}, "elapsed": 125.54839706420898}
Files already downloaded and verified
Files already downloaded and verified
{"mode": "fedproto", "seed": 2, "round": 1, "metrics": {"head": {"seen": 0.07150000035762787, "missing": 0.0, "all": 0.014299999829381705, "macro": 0.014300000295042992}, "cosine": {"seen": 0.0767000000923872, "missing": 0.0, "all": 0.015340000204741955, "macro": 0.01534000001847744}, "l2": {"seen": 0.05649999976158142, "missing": 0.0, "all": 0.01129999989643693, "macro": 0.011299999617040157}}, "elapsed": 10.481231451034546}
{"mode": "fedproto", "seed": 2, "round": 2, "metrics": {"head": {"seen": 0.1714000001549721, "missing": 0.0, "all": 0.03428000025451183, "macro": 0.03427999913692474}, "cosine": {"seen": 0.16270000040531157, "missing": 0.0, "all": 0.032540000043809414, "macro": 0.03253999948501587}, "l2": {"seen": 0.17049999982118608, "missing": 0.00011249999515712261, "all": 0.03419000059366226, "macro": 0.03418999928981066}}, "elapsed": 24.081751346588135}
{"mode": "fedproto", "seed": 2, "round": 3, "metrics": {"head": {"seen": 0.20530000030994416, "missing": 0.0, "all": 0.041059999540448186, "macro": 0.041059999726712704}, "cosine": {"seen": 0.20935000032186507, "missing": 0.0, "all": 0.04187000021338463, "macro": 0.04186999909579754}, "l2": {"seen": 0.22954999804496765, "missing": 0.0, "all": 0.0459100004285574, "macro": 0.04590999968349933}}, "elapsed": 38.11440896987915}
{"mode": "fedproto", "seed": 2, "round": 4, "metrics": {"head": {"seen": 0.23589999675750734, "missing": 0.0, "all": 0.047180000320076944, "macro": 0.04718000143766403}, "cosine": {"seen": 0.23164999932050706, "missing": 0.0, "all": 0.04633000046014786, "macro": 0.04633000120520592}, "l2": {"seen": 0.25539999902248384, "missing": 0.0, "all": 0.05108000002801418, "macro": 0.05107999965548515}}, "elapsed": 52.17977428436279}
{"mode": "fedproto", "seed": 2, "round": 5, "metrics": {"head": {"seen": 0.2570000007748604, "missing": 0.0, "all": 0.05140000060200691, "macro": 0.051399997994303705}, "cosine": {"seen": 0.25135000348091124, "missing": 0.0, "all": 0.050269999727606776, "macro": 0.05027000084519386}, "l2": {"seen": 0.27600000202655794, "missing": 0.0, "all": 0.05519999973475933, "macro": 0.05519999973475933}}, "elapsed": 66.11900234222412}
{"mode": "fedproto", "seed": 2, "round": 6, "metrics": {"head": {"seen": 0.2849499985575676, "missing": 0.0, "all": 0.05699000023305416, "macro": 0.05699000209569931}, "cosine": {"seen": 0.267349998652935, "missing": 0.0, "all": 0.05347000025212765, "macro": 0.053470002859830855}, "l2": {"seen": 0.29110000282526016, "missing": 0.0, "all": 0.058220000565052034, "macro": 0.058220000565052034}}, "elapsed": 80.22316575050354}
{"mode": "fedproto", "seed": 2, "round": 7, "metrics": {"head": {"seen": 0.30979999899864197, "missing": 0.0, "all": 0.061960000172257425, "macro": 0.06196000091731548}, "cosine": {"seen": 0.28455000221729276, "missing": 0.0, "all": 0.05690999962389469, "macro": 0.0569099985063076}, "l2": {"seen": 0.30625, "missing": 0.0, "all": 0.0612500000745058, "macro": 0.061249997839331626}}, "elapsed": 94.32598400115967}
{"mode": "fedproto", "seed": 2, "round": 8, "metrics": {"head": {"seen": 0.32605000734329226, "missing": 0.0, "all": 0.06520999930799007, "macro": 0.0652099996805191}, "cosine": {"seen": 0.30080000013113023, "missing": 0.0, "all": 0.06016000024974346, "macro": 0.06015999987721443}, "l2": {"seen": 0.3226500004529953, "missing": 0.0, "all": 0.06453000120818615, "macro": 0.06453000158071517}}, "elapsed": 107.94142627716064}
{"mode": "fedproto", "seed": 2, "round": 9, "metrics": {"head": {"seen": 0.3356499969959259, "missing": 0.0, "all": 0.06713000014424324, "macro": 0.06712999865412712}, "cosine": {"seen": 0.3122500002384186, "missing": 0.0, "all": 0.062449998781085016, "macro": 0.06245000101625919}, "l2": {"seen": 0.33019999563694, "missing": 0.0, "all": 0.06604000069200992, "macro": 0.06604000106453896}}, "elapsed": 120.4478588104248}
{"mode": "fedproto", "seed": 2, "round": 10, "metrics": {"head": {"seen": 0.36099999845027925, "missing": 0.0, "all": 0.07219999879598618, "macro": 0.07219999991357326}, "cosine": {"seen": 0.33919999897480013, "missing": 0.0, "all": 0.06783999912440777, "macro": 0.06783999986946583}, "l2": {"seen": 0.35390000343322753, "missing": 0.0, "all": 0.07078000009059907, "macro": 0.07077999897301197}}, "elapsed": 134.38167929649353}
Files already downloaded and verified
Files already downloaded and verified
{"mode": "fedgh", "seed": 2, "round": 1, "metrics": {"cosine": {"seen": 0.0767000000923872, "missing": 0.0, "all": 0.015340000204741955, "macro": 0.01534000001847744}, "l2": {"seen": 0.05649999976158142, "missing": 0.0, "all": 0.01129999989643693, "macro": 0.011299999617040157}, "local_head_pre_server": {"seen": 0.07150000035762787, "missing": 0.0, "all": 0.014299999829381705, "macro": 0.014300000295042992}, "global_head_post_server": {"seen": 0.06690000034868718, "missing": 0.0, "all": 0.013379999808967114, "macro": 0.013379999808967114}}, "elapsed": 16.398092031478882}
{"mode": "fedgh", "seed": 2, "round": 2, "metrics": {"cosine": {"seen": 0.1192500002682209, "missing": 0.0, "all": 0.023850000090897085, "macro": 0.023849999718368053}, "l2": {"seen": 0.13585000038146972, "missing": 2.5000001187436283e-05, "all": 0.02718999981880188, "macro": 0.027190000005066394}, "local_head_pre_server": {"seen": 0.1088500015437603, "missing": 0.0, "all": 0.02176999980583787, "macro": 0.0217700001783669}, "global_head_post_server": {"seen": 0.05360000059008598, "missing": 0.0005249999929219484, "all": 0.011139999888837338, "macro": 0.01113999979570508}}, "elapsed": 33.24472975730896}
{"mode": "fedgh", "seed": 2, "round": 3, "metrics": {"cosine": {"seen": 0.18744999915361404, "missing": 0.0, "all": 0.03749000020325184, "macro": 0.03749000020325184}, "l2": {"seen": 0.19870000034570695, "missing": 0.0, "all": 0.03974000047892332, "macro": 0.03973999973386526}, "local_head_pre_server": {"seen": 0.16475000232458115, "missing": 0.0, "all": 0.032949999906122684, "macro": 0.03294999934732914}, "global_head_post_server": {"seen": 0.06585000045597553, "missing": 0.0, "all": 0.01316999988630414, "macro": 0.013169999979436398}}, "elapsed": 49.990007400512695}
{"mode": "fedgh", "seed": 2, "round": 4, "metrics": {"cosine": {"seen": 0.20885000079870225, "missing": 0.0, "all": 0.04176999963819981, "macro": 0.04177000112831593}, "l2": {"seen": 0.23090000301599503, "missing": 0.0, "all": 0.04617999978363514, "macro": 0.04617999829351902}, "local_head_pre_server": {"seen": 0.20564999878406526, "missing": 0.0, "all": 0.04112999998033047, "macro": 0.041129999607801435}, "global_head_post_server": {"seen": 0.09764999933540822, "missing": 0.0, "all": 0.019530000165104866, "macro": 0.019529999978840352}}, "elapsed": 61.066558599472046}
{"mode": "fedgh", "seed": 2, "round": 5, "metrics": {"cosine": {"seen": 0.22759999781847, "missing": 0.0, "all": 0.045520000532269476, "macro": 0.045520000532269476}, "l2": {"seen": 0.24670000225305558, "missing": 0.0, "all": 0.04934000000357628, "macro": 0.04933999963104725}, "local_head_pre_server": {"seen": 0.21149999946355819, "missing": 0.0, "all": 0.04230000041425228, "macro": 0.04230000041425228}, "global_head_post_server": {"seen": 0.12044999934732914, "missing": 0.0, "all": 0.02409000024199486, "macro": 0.024090000428259373}}, "elapsed": 77.66737222671509}
{"mode": "fedgh", "seed": 2, "round": 6, "metrics": {"cosine": {"seen": 0.2300000011920929, "missing": 0.0, "all": 0.04600000008940697, "macro": 0.046000000461935996}, "l2": {"seen": 0.24900000542402267, "missing": 0.0, "all": 0.049799999594688414, "macro": 0.04979999810457229}, "local_head_pre_server": {"seen": 0.24344999566674233, "missing": 0.0, "all": 0.048689999617636204, "macro": 0.048689999617636204}, "global_head_post_server": {"seen": 0.12554999962449073, "missing": 0.0, "all": 0.025109999999403953, "macro": 0.025109999999403953}}, "elapsed": 93.98942470550537}
{"mode": "fedgh", "seed": 2, "round": 7, "metrics": {"cosine": {"seen": 0.24424999654293061, "missing": 0.0, "all": 0.04884999990463257, "macro": 0.0488500002771616}, "l2": {"seen": 0.25774999856948855, "missing": 0.0, "all": 0.051550000160932544, "macro": 0.05154999941587448}, "local_head_pre_server": {"seen": 0.26885000318288804, "missing": 0.0, "all": 0.053770000115036964, "macro": 0.05376999899744987}, "global_head_post_server": {"seen": 0.13524999879300595, "missing": 0.0, "all": 0.02705000024288893, "macro": 0.02704999940469861}}, "elapsed": 110.76280498504639}
{"mode": "fedgh", "seed": 2, "round": 8, "metrics": {"cosine": {"seen": 0.24819999933242798, "missing": 0.0, "all": 0.049639999866485596, "macro": 0.04963999949395657}, "l2": {"seen": 0.26450000107288363, "missing": 0.0, "all": 0.05289999954402447, "macro": 0.05289999954402447}, "local_head_pre_server": {"seen": 0.27400000393390656, "missing": 0.0, "all": 0.05479999966919422, "macro": 0.05480000004172325}, "global_head_post_server": {"seen": 0.14059999957680702, "missing": 0.0, "all": 0.02812000010162592, "macro": 0.02811999963596463}}, "elapsed": 127.47929120063782}
{"mode": "fedgh", "seed": 2, "round": 9, "metrics": {"cosine": {"seen": 0.2530000001192093, "missing": 0.0, "all": 0.050599999725818634, "macro": 0.050599999353289606}, "l2": {"seen": 0.26334999948740007, "missing": 0.0, "all": 0.05267000012099743, "macro": 0.05267000049352646}, "local_head_pre_server": {"seen": 0.2845000013709068, "missing": 0.0, "all": 0.05690000019967556, "macro": 0.05689999982714653}, "global_head_post_server": {"seen": 0.14639999717473984, "missing": 0.0, "all": 0.029280000180006028, "macro": 0.029279999155551194}}, "elapsed": 144.18208980560303}
{"mode": "fedgh", "seed": 2, "round": 10, "metrics": {"cosine": {"seen": 0.26955000311136246, "missing": 0.0, "all": 0.05390999987721443, "macro": 0.05390999987721443}, "l2": {"seen": 0.279399998486042, "missing": 0.0, "all": 0.055880000814795494, "macro": 0.055879998579621316}, "local_head_pre_server": {"seen": 0.3087000012397766, "missing": 0.0, "all": 0.061740000173449515, "macro": 0.06173999942839146}, "global_head_post_server": {"seen": 0.14730000048875808, "missing": 0.0, "all": 0.029460000060498714, "macro": 0.029459999687969685}}, "elapsed": 301.51780939102173}
[autodl] finished_at=2026-09-19T04:48:18+08:00
[autodl] exit_code=0
