[autodl] run_id=20260919-122706-h14a-ownership1
[autodl] started_at=2026-09-19T12:27:14+08:00
test_nested_prefixes (test_anchor_count.AnchorCountTest.test_nested_prefixes) ... ok
test_rank_diagnostics_preserve_full_anchor_result (test_anchor_count.AnchorCountTest.test_rank_diagnostics_preserve_full_anchor_result) ... /home/wenchang/anaconda3/envs/python3.12-tk2-2.3/lib/python3.12/site-packages/torch/cuda/__init__.py:654: UserWarning: Can't initialize NVML
  warnings.warn("Can't initialize NVML")
ok
test_unmodified_upstream_two_rounds (test_baseline.BaselineTest.test_unmodified_upstream_two_rounds) ... ok
test_invariance_and_exact_assembly (test_centered.CenteredTest.test_invariance_and_exact_assembly) ... ok
test_explicit_ownership_seed_reproduces_old_split_and_changes_graph (test_cifar100.Cifar100Test.test_explicit_ownership_seed_reproduces_old_split_and_changes_graph) ... ok
test_metrics_histograms_and_all100_rows (test_cifar100.Cifar100Test.test_metrics_histograms_and_all100_rows) ... ok
test_new_graph_three_arm_initialization_and_actual_batch_pairing (test_cifar100.Cifar100Test.test_new_graph_three_arm_initialization_and_actual_batch_pairing) ... ok
test_ownership_label_blind_reservation_and_full_coverage (test_cifar100.Cifar100Test.test_ownership_label_blind_reservation_and_full_coverage) ... ok
test_three_arm_100class_entrypoint (test_cifar100.Cifar100Test.test_three_arm_100class_entrypoint) ... ok
test_three_readouts_100class_isolation_and_label_independence (test_cifar100.Cifar100Test.test_three_readouts_100class_isolation_and_label_independence) ... ok
test_training_seeds_keep_h12a_split_and_change_initialization (test_cifar100.Cifar100Test.test_training_seeds_keep_h12a_split_and_change_initialization) ... ok
test_affine_mean_weighting_and_class_isolation (test_class_prototypes.ClassPrototypeTest.test_affine_mean_weighting_and_class_isolation) ... ok
test_client_isolation_and_diagnostic_rng (test_class_prototypes.ClassPrototypeTest.test_client_isolation_and_diagnostic_rng) ... ok
test_nullspace_freedom_and_local_rng (test_completion.CompletionTest.test_nullspace_freedom_and_local_rng) ... ok
test_affine_logits_equivalence (test_conditioning.ConditioningTest.test_affine_logits_equivalence) ... ok
test_seed0_historical_regeneration (test_cross_seed.CrossSeedTest.test_seed0_historical_regeneration) ... ok
test_seed12_exact_committed_provenance (test_cross_seed.CrossSeedTest.test_seed12_exact_committed_provenance) ... ok
test_seed_specific_disjoint_construction (test_cross_seed.CrossSeedTest.test_seed_specific_disjoint_construction) ... ok
test_known_metrics (test_data_metrics.DataMetricTests.test_known_metrics) ... ok
test_partition_disjoint_complete_and_reproducible (test_data_metrics.DataMetricTests.test_partition_disjoint_complete_and_reproducible) ... ok
test_direct_path_state_and_rng (test_direct_prototypes.DirectPrototypeTest.test_direct_path_state_and_rng) ... ok
test_hierarchical_weighting_sparse_classes_and_scale (test_direct_prototypes.DirectPrototypeTest.test_hierarchical_weighting_sparse_classes_and_scale) ... ok
test_capture_reference_isolation_and_label_independence (test_dual_space.DualSpaceTest.test_capture_reference_isolation_and_label_independence) ... ok
test_exact_score_columns (test_dual_space.DualSpaceTest.test_exact_score_columns) ... ok
test_probe_separable_and_side_effect_free (test_fedgh.FedGHTest.test_probe_separable_and_side_effect_free) ... ok
test_server_update_detach_broadcast_and_all_classes (test_fedgh.FedGHTest.test_server_update_detach_broadcast_and_all_classes) ... ok
test_partition_full_coverage_and_frozen_ownership (test_full_data.FullDataTest.test_partition_full_coverage_and_frozen_ownership) ... ok
test_readout_isolation_counts_and_anchor_label_blindness (test_full_data.FullDataTest.test_readout_isolation_counts_and_anchor_label_blindness) ... ok
test_seed_generalization_and_exact_h11a_split (test_full_data.FullDataTest.test_seed_generalization_and_exact_h11a_split) ... ok
test_step_receipt_and_optional_histograms_do_not_change_metrics (test_full_data.FullDataTest.test_step_receipt_and_optional_histograms_do_not_change_metrics) ... ok
test_three_arm_entrypoint_and_final_readouts (test_full_data.FullDataTest.test_three_arm_entrypoint_and_final_readouts) ... ok
test_legacy_permutations_exact_multisets_and_isolation (test_full_pair.FullPairTest.test_legacy_permutations_exact_multisets_and_isolation) ... ok
test_isolation_label_perturbation_and_reference (test_group_refine.GroupRefineTest.test_isolation_label_perturbation_and_reference) ... ok
test_routing_and_arbitrary_missing_correctness (test_group_refine.GroupRefineTest.test_routing_and_arbitrary_missing_correctness) ... ok
test_denominator_and_detachment (test_h01c.H01CTests.test_denominator_and_detachment) ... ok
test_owner_cosine (test_h01c.H01CTests.test_owner_cosine) ... ok
test_same_tensor_direction_matches_direct_autograd (test_h01c.H01CTests.test_same_tensor_direction_matches_direct_autograd) ... ok
test_assignment_counts_support_disjoint_and_deterministic (test_heldout.HeldoutTest.test_assignment_counts_support_disjoint_and_deterministic) ... ok
test_basis_reconstruction_and_head_equivalence (test_helmert.HelmertTest.test_basis_reconstruction_and_head_equivalence) ... ok
test_known_null_energy (test_helmert.HelmertTest.test_known_null_energy) ... ok
test_exact_local_inputs_hierarchy_and_isolation (test_local_source.LocalSourceTest.test_exact_local_inputs_hierarchy_and_isolation) ... ok
test_missing_class_changes_gpc_loss_and_gradient_only (test_mechanism.MechanismTests.test_missing_class_changes_gpc_loss_and_gradient_only) ... ok
test_round_one_pairing_all_modes_and_grad_ratio (test_mechanism.MechanismTests.test_round_one_pairing_all_modes_and_grad_ratio) ... ok
test_sample_weighted_aggregation (test_mechanism.MechanismTests.test_sample_weighted_aggregation) ... ok
test_training_parity_with_unmodified_upstream (test_mechanism.MechanismTests.test_training_parity_with_unmodified_upstream) ... ok
test_validity_and_noncontiguous_labels (test_mechanism.MechanismTests.test_validity_and_noncontiguous_labels) ... ok
test_deterministic_construction_shapes_and_batchnorm_isolation (test_mixed_backbone.MixedBackboneTest.test_deterministic_construction_shapes_and_batchnorm_isolation) ... ok
test_mixed_three_arm_entrypoint_and_readout_isolation (test_mixed_backbone.MixedBackboneTest.test_mixed_three_arm_entrypoint_and_readout_isolation) ... ok
test_seed_replication_initialization_and_actual_batch_orders (test_mixed_backbone.MixedBackboneTest.test_seed_replication_initialization_and_actual_batch_orders) ... ok
test_mask_and_frozen_backprop (test_online.OnlineTest.test_mask_and_frozen_backprop) ... ok
test_pure_bank_and_isolation (test_online.OnlineTest.test_pure_bank_and_isolation) ... ok
test_round_one_pairing_and_batches (test_online.OnlineTest.test_round_one_pairing_and_batches) ... ok
test_balanced_deterministic_disjoint (test_oracle.OracleTest.test_balanced_deterministic_disjoint) ... ok
test_oracle_state_rng_buffers_and_test_label_isolation (test_oracle.OracleTest.test_oracle_state_rng_buffers_and_test_label_isolation) ... ok
test_original_indices_counts_and_exclusion (test_owner_probe.OwnerProbeTest.test_original_indices_counts_and_exclusion) ... ok
test_owner_fit_state_and_test_label_isolation (test_owner_probe.OwnerProbeTest.test_owner_fit_state_and_test_label_isolation) ... ok
test_final_gradient_is_finite_and_side_effect_free (test_paired.PairedTest.test_final_gradient_is_finite_and_side_effect_free) ... ok
test_known_rotation_translation (test_paired.PairedTest.test_known_rotation_translation) ... ok
test_label_blind_selection_and_fit (test_paired.PairedTest.test_label_blind_selection_and_fit) ... ok
test_matched_500_fits_preserve_same_state (test_paired.PairedTest.test_matched_500_fits_preserve_same_state) ... ok
test_pair_breaking_preserves_multiset (test_paired.PairedTest.test_pair_breaking_preserves_multiset) ... ok
test_fixed_cast_and_probe_identity (test_precision.PrecisionTest.test_fixed_cast_and_probe_identity) ... ok
test_invertibility_reconstruction_logits_and_label_isolation (test_precondition.PreconditionTest.test_invertibility_reconstruction_logits_and_label_isolation) ... ok
test_column_permutation_preserves_each_sample (test_relation.RelationTest.test_column_permutation_preserves_each_sample) ... ok
test_orthogonal_translation_invariance (test_relation.RelationTest.test_orthogonal_translation_invariance) ... ok
test_eligible_prediction_and_rejection (test_router.RouterTest.test_eligible_prediction_and_rejection) ... ok
test_loo_and_order_statistic (test_router.RouterTest.test_loo_and_order_statistic) ... ok
test_train_only_isolation_and_label_perturbation (test_router.RouterTest.test_train_only_isolation_and_label_perturbation) ... ok

----------------------------------------------------------------------
Ran 68 tests in 73.339s

OK
/home/wenchang/anaconda3/envs/python3.12-tk2-2.3/lib/python3.12/site-packages/torch/cuda/__init__.py:654: UserWarning: Can't initialize NVML
  warnings.warn("Can't initialize NVML")
Files already downloaded and verified
Files already downloaded and verified
{"mode": "local", "seed": 0, "round": 1, "metrics": {"head": {"seen": 0.06939999982714654, "missing": 0.0, "all": 0.013880000077188015, "macro": 0.013879999797791243}, "cosine": {"seen": 0.0648999996483326, "missing": 0.0, "all": 0.012980000022798777, "macro": 0.012980000302195548}, "l2": {"seen": 0.05240000002086163, "missing": 0.0, "all": 0.010480000078678131, "macro": 0.010479999706149101}}, "elapsed": 12.859132289886475}
{"mode": "local", "seed": 0, "round": 2, "metrics": {"head": {"seen": 0.14944999888539315, "missing": 0.0, "all": 0.029890000447630884, "macro": 0.029890000261366366}, "cosine": {"seen": 0.1534000001847744, "missing": 0.0, "all": 0.030680000223219393, "macro": 0.030679999850690365}, "l2": {"seen": 0.17150000035762786, "missing": 0.0, "all": 0.034299999848008154, "macro": 0.0343000004068017}}, "elapsed": 23.501691579818726}
{"mode": "local", "seed": 0, "round": 3, "metrics": {"head": {"seen": 0.18554999977350234, "missing": 0.0, "all": 0.03710999991744757, "macro": 0.037110000103712085}, "cosine": {"seen": 0.19979999959468842, "missing": 0.0, "all": 0.039960000291466714, "macro": 0.039959998801350594}, "l2": {"seen": 0.2173000007867813, "missing": 0.0, "all": 0.04345999918878078, "macro": 0.043460000306367874}}, "elapsed": 34.565390825271606}
{"mode": "local", "seed": 0, "round": 4, "metrics": {"head": {"seen": 0.23495000153779982, "missing": 0.0, "all": 0.046990000456571576, "macro": 0.04699000008404255}, "cosine": {"seen": 0.22029999792575836, "missing": 0.0, "all": 0.04405999965965748, "macro": 0.04405999928712845}, "l2": {"seen": 0.2390499994158745, "missing": 0.0, "all": 0.04781000055372715, "macro": 0.04780999831855297}}, "elapsed": 45.3937873840332}
{"mode": "local", "seed": 0, "round": 5, "metrics": {"head": {"seen": 0.25140000134706497, "missing": 0.0, "all": 0.050280000269413, "macro": 0.05027999952435493}, "cosine": {"seen": 0.2357499971985817, "missing": 0.0, "all": 0.04715000055730343, "macro": 0.04715000055730343}, "l2": {"seen": 0.2522999972105026, "missing": 0.0, "all": 0.050459999963641165, "macro": 0.05046000070869923}}, "elapsed": 57.23848581314087}
{"mode": "local", "seed": 0, "round": 6, "metrics": {"head": {"seen": 0.27544999569654466, "missing": 0.0, "all": 0.05509000048041344, "macro": 0.05508999861776829}, "cosine": {"seen": 0.24519999772310258, "missing": 0.0, "all": 0.049040000140666964, "macro": 0.04904000051319599}, "l2": {"seen": 0.26304999738931656, "missing": 0.0, "all": 0.05261000022292137, "macro": 0.052609998360276224}}, "elapsed": 68.66080141067505}
{"mode": "local", "seed": 0, "round": 7, "metrics": {"head": {"seen": 0.27449999898672106, "missing": 0.0, "all": 0.054899999871850014, "macro": 0.05489999912679196}, "cosine": {"seen": 0.2539500012993813, "missing": 0.0, "all": 0.05078999996185303, "macro": 0.05078999884426594}, "l2": {"seen": 0.2707000017166138, "missing": 0.0, "all": 0.05414000041782856, "macro": 0.05414000079035759}}, "elapsed": 79.56979608535767}
{"mode": "local", "seed": 0, "round": 8, "metrics": {"head": {"seen": 0.2968999996781349, "missing": 0.0, "all": 0.059380000457167625, "macro": 0.05938000157475472}, "cosine": {"seen": 0.2682000011205673, "missing": 0.0, "all": 0.05364000052213669, "macro": 0.053639999404549596}, "l2": {"seen": 0.28365000188350675, "missing": 0.0, "all": 0.05673000030219555, "macro": 0.0567299984395504}}, "elapsed": 91.85926461219788}
{"mode": "local", "seed": 0, "round": 9, "metrics": {"head": {"seen": 0.3310500025749207, "missing": 0.0, "all": 0.06620999984443188, "macro": 0.06620999798178673}, "cosine": {"seen": 0.28054999709129336, "missing": 0.0, "all": 0.056109999865293504, "macro": 0.05611000061035156}, "l2": {"seen": 0.29574999809265134, "missing": 0.0, "all": 0.05915000028908253, "macro": 0.059149999916553495}}, "elapsed": 104.10576462745667}
{"mode": "local", "seed": 0, "round": 10, "metrics": {"head": {"seen": 0.3338000029325485, "missing": 0.0, "all": 0.0667600005865097, "macro": 0.06675999909639359}, "cosine": {"seen": 0.2878000020980835, "missing": 0.0, "all": 0.057559999823570254, "macro": 0.05755999907851219}, "l2": {"seen": 0.30370000302791594, "missing": 0.0, "all": 0.060739998891949656, "macro": 0.06074000000953674}}, "elapsed": 116.29366040229797}
Files already downloaded and verified
Files already downloaded and verified
{"mode": "fedproto", "seed": 0, "round": 1, "metrics": {"head": {"seen": 0.06939999982714654, "missing": 0.0, "all": 0.013880000077188015, "macro": 0.013879999797791243}, "cosine": {"seen": 0.0648999996483326, "missing": 0.0, "all": 0.012980000022798777, "macro": 0.012980000302195548}, "l2": {"seen": 0.05240000002086163, "missing": 0.0, "all": 0.010480000078678131, "macro": 0.010479999706149101}}, "elapsed": 11.78940486907959}
{"mode": "fedproto", "seed": 0, "round": 2, "metrics": {"head": {"seen": 0.17685000151395797, "missing": 0.0, "all": 0.035370000079274176, "macro": 0.03536999877542257}, "cosine": {"seen": 0.17569999843835832, "missing": 0.0, "all": 0.03514000009745359, "macro": 0.03513999916613102}, "l2": {"seen": 0.1915000006556511, "missing": 0.0, "all": 0.03829999975860119, "macro": 0.038300000876188275}}, "elapsed": 24.276618242263794}
{"mode": "fedproto", "seed": 0, "round": 3, "metrics": {"head": {"seen": 0.20135000050067903, "missing": 0.0, "all": 0.040269999951124194, "macro": 0.04026999846100807}, "cosine": {"seen": 0.2072500005364418, "missing": 0.0, "all": 0.0414500005543232, "macro": 0.041450000181794164}, "l2": {"seen": 0.2274499997496605, "missing": 0.0, "all": 0.04548999965190888, "macro": 0.045490000024437906}}, "elapsed": 37.18876075744629}
{"mode": "fedproto", "seed": 0, "round": 4, "metrics": {"head": {"seen": 0.23814999759197236, "missing": 0.0, "all": 0.04763000011444092, "macro": 0.047629999741911885}, "cosine": {"seen": 0.22500000149011612, "missing": 0.0, "all": 0.04500000029802322, "macro": 0.044999999552965166}, "l2": {"seen": 0.2458500012755394, "missing": 0.0, "all": 0.04917000010609627, "macro": 0.04916999824345112}}, "elapsed": 49.72210073471069}
{"mode": "fedproto", "seed": 0, "round": 5, "metrics": {"head": {"seen": 0.2638999968767166, "missing": 0.0, "all": 0.05278000123798847, "macro": 0.052779999747872355}, "cosine": {"seen": 0.24235000014305114, "missing": 0.0, "all": 0.04846999980509281, "macro": 0.04846999868750572}, "l2": {"seen": 0.2618499994277954, "missing": 0.0, "all": 0.05237000063061714, "macro": 0.052369998022913936}}, "elapsed": 62.45999193191528}
{"mode": "fedproto", "seed": 0, "round": 6, "metrics": {"head": {"seen": 0.2813500016927719, "missing": 0.0, "all": 0.05626999996602535, "macro": 0.05626999996602535}, "cosine": {"seen": 0.2569000020623207, "missing": 0.0, "all": 0.05137999951839447, "macro": 0.05138000026345253}, "l2": {"seen": 0.2788500010967255, "missing": 0.0, "all": 0.05577000007033348, "macro": 0.0557700015604496}}, "elapsed": 75.32777953147888}
{"mode": "fedproto", "seed": 0, "round": 7, "metrics": {"head": {"seen": 0.29194999784231185, "missing": 0.0, "all": 0.05838999971747398, "macro": 0.05838999971747398}, "cosine": {"seen": 0.267349998652935, "missing": 0.0, "all": 0.05346999987959862, "macro": 0.053469999134540556}, "l2": {"seen": 0.2852999985218048, "missing": 0.0, "all": 0.05706000030040741, "macro": 0.05705999955534935}}, "elapsed": 87.9831612110138}
{"mode": "fedproto", "seed": 0, "round": 8, "metrics": {"head": {"seen": 0.31009999513626096, "missing": 0.0, "all": 0.06202000007033348, "macro": 0.062019999325275424}, "cosine": {"seen": 0.28924999833106996, "missing": 0.0, "all": 0.05785000063478947, "macro": 0.057849998399615285}, "l2": {"seen": 0.3068499982357025, "missing": 0.0, "all": 0.06137000024318695, "macro": 0.06137000098824501}}, "elapsed": 100.32352900505066}
{"mode": "fedproto", "seed": 0, "round": 9, "metrics": {"head": {"seen": 0.3416500002145767, "missing": 0.0, "all": 0.06832999922335148, "macro": 0.06832999773323536}, "cosine": {"seen": 0.30595000386238097, "missing": 0.0, "all": 0.06118999905884266, "macro": 0.061189998686313626}, "l2": {"seen": 0.3215499997138977, "missing": 0.0, "all": 0.06431000009179115, "macro": 0.06431000120937824}}, "elapsed": 113.01180768013}
{"mode": "fedproto", "seed": 0, "round": 10, "metrics": {"head": {"seen": 0.349850007891655, "missing": 0.0, "all": 0.06997000016272067, "macro": 0.06996999941766262}, "cosine": {"seen": 0.318599995970726, "missing": 0.0, "all": 0.06371999979019165, "macro": 0.06372000128030778}, "l2": {"seen": 0.3321000039577484, "missing": 0.0, "all": 0.06642000004649162, "macro": 0.06641999930143357}}, "elapsed": 125.78542447090149}
Files already downloaded and verified
Files already downloaded and verified
{"mode": "fedgh", "seed": 0, "round": 1, "metrics": {"cosine": {"seen": 0.0648999996483326, "missing": 0.0, "all": 0.012980000022798777, "macro": 0.012980000302195548}, "l2": {"seen": 0.05240000002086163, "missing": 0.0, "all": 0.010480000078678131, "macro": 0.010479999706149101}, "local_head_pre_server": {"seen": 0.06939999982714654, "missing": 0.0, "all": 0.013880000077188015, "macro": 0.013879999797791243}, "global_head_post_server": {"seen": 0.061000000685453415, "missing": 0.0, "all": 0.012200000043958426, "macro": 0.012199999764561653}}, "elapsed": 15.718849182128906}
{"mode": "fedgh", "seed": 0, "round": 2, "metrics": {"cosine": {"seen": 0.14245000034570693, "missing": 0.0, "all": 0.028490000031888486, "macro": 0.02848999947309494}, "l2": {"seen": 0.16264999955892562, "missing": 0.0, "all": 0.03252999987453222, "macro": 0.03253000006079674}, "local_head_pre_server": {"seen": 0.13294999822974204, "missing": 0.0, "all": 0.02658999990671873, "macro": 0.026589999347925185}, "global_head_post_server": {"seen": 0.058800000324845315, "missing": 0.0, "all": 0.011759999953210355, "macro": 0.011760000139474869}}, "elapsed": 26.317663192749023}
{"mode": "fedgh", "seed": 0, "round": 3, "metrics": {"cosine": {"seen": 0.19149999916553498, "missing": 0.0, "all": 0.03830000013113022, "macro": 0.03829999938607216}, "l2": {"seen": 0.2085999995470047, "missing": 0.0, "all": 0.04171999990940094, "macro": 0.04172000028192997}, "local_head_pre_server": {"seen": 0.1678000010550022, "missing": 0.0, "all": 0.033559999987483026, "macro": 0.033560000360012054}, "global_head_post_server": {"seen": 0.05895000025629997, "missing": 1.2500000593718141e-05, "all": 0.011800000071525573, "macro": 0.011799999698996543}}, "elapsed": 36.862852811813354}
{"mode": "fedgh", "seed": 0, "round": 4, "metrics": {"cosine": {"seen": 0.2128499999642372, "missing": 0.0, "all": 0.04257000088691711, "macro": 0.04257000088691711}, "l2": {"seen": 0.22820000052452089, "missing": 0.0, "all": 0.045640000328421595, "macro": 0.045640000700950624}, "local_head_pre_server": {"seen": 0.2145499989390373, "missing": 0.0, "all": 0.04290999993681908, "macro": 0.04291000105440616}, "global_head_post_server": {"seen": 0.09274999946355819, "missing": 0.0, "all": 0.0185500000603497, "macro": 0.018549999594688414}}, "elapsed": 47.40500855445862}
{"mode": "fedgh", "seed": 0, "round": 5, "metrics": {"cosine": {"seen": 0.22599999904632567, "missing": 0.0, "all": 0.04519999958574772, "macro": 0.04520000144839287}, "l2": {"seen": 0.24485000520944594, "missing": 0.0, "all": 0.048970000445842744, "macro": 0.048970000445842744}, "local_head_pre_server": {"seen": 0.2301499977707863, "missing": 0.0, "all": 0.04603000022470951, "macro": 0.04603000059723854}, "global_head_post_server": {"seen": 0.09699999913573265, "missing": 0.0, "all": 0.01940000019967556, "macro": 0.01939999982714653}}, "elapsed": 58.047720432281494}
{"mode": "fedgh", "seed": 0, "round": 6, "metrics": {"cosine": {"seen": 0.23224999904632568, "missing": 0.0, "all": 0.04645000025629997, "macro": 0.04644999876618385}, "l2": {"seen": 0.24550000429153443, "missing": 0.0, "all": 0.04910000003874302, "macro": 0.04909999966621399}, "local_head_pre_server": {"seen": 0.24865000396966935, "missing": 0.0, "all": 0.049729999899864194, "macro": 0.049730001389980315}, "global_head_post_server": {"seen": 0.10869999974966049, "missing": 0.0, "all": 0.021740000043064357, "macro": 0.021740000415593385}}, "elapsed": 68.6059877872467}
{"mode": "fedgh", "seed": 0, "round": 7, "metrics": {"cosine": {"seen": 0.24640000164508818, "missing": 0.0, "all": 0.04927999973297119, "macro": 0.04928000085055828}, "l2": {"seen": 0.2572500050067902, "missing": 0.0, "all": 0.05145000033080578, "macro": 0.05144999958574772}, "local_head_pre_server": {"seen": 0.2428999975323677, "missing": 0.0, "all": 0.04858000054955482, "macro": 0.04857999943196774}, "global_head_post_server": {"seen": 0.11569999866187572, "missing": 0.0, "all": 0.023139999993145467, "macro": 0.023140000086277722}}, "elapsed": 83.26015329360962}
{"mode": "fedgh", "seed": 0, "round": 8, "metrics": {"cosine": {"seen": 0.24964999854564668, "missing": 0.0, "all": 0.049929999932646754, "macro": 0.04992999956011772}, "l2": {"seen": 0.262150003015995, "missing": 0.0, "all": 0.05242999978363514, "macro": 0.05242999903857708}, "local_head_pre_server": {"seen": 0.26465000212192535, "missing": 0.0, "all": 0.0529300007969141, "macro": 0.05292999930679798}, "global_head_post_server": {"seen": 0.1327499993145466, "missing": 0.0, "all": 0.026549999974668025, "macro": 0.026549999415874482}}, "elapsed": 99.59575963020325}
{"mode": "fedgh", "seed": 0, "round": 9, "metrics": {"cosine": {"seen": 0.2640500023961067, "missing": 0.0, "all": 0.052810000255703926, "macro": 0.052810000628232955}, "l2": {"seen": 0.2763499990105629, "missing": 0.0, "all": 0.05526999980211258, "macro": 0.05526999942958355}, "local_head_pre_server": {"seen": 0.30389999896287917, "missing": 0.0, "all": 0.06078000031411648, "macro": 0.060780002176761626}, "global_head_post_server": {"seen": 0.13285000026226043, "missing": 0.0, "all": 0.026570000126957892, "macro": 0.026570000685751438}}, "elapsed": 115.45505833625793}
/home/wenchang/asdasdsad/wjq/PPRTP/releases/20260919-122515-h14a/pprtp/paired.py:43: UserWarning: torch.linalg.svd: During SVD computation with the selected cusolver driver, batches 0 failed to converge. A more accurate method will be used to compute the SVD as a fallback. Check doc at https://pytorch.org/docs/stable/generated/torch.linalg.svd.html (Triggered internally at ../aten/src/ATen/native/cuda/linalg/BatchLinearAlgebraLib.cpp:697.)
  u,s,vh=torch.linalg.svd(xc.T@yc,full_matrices=False)
{"mode": "fedgh", "seed": 0, "round": 10, "metrics": {"cosine": {"seen": 0.26299999803304674, "missing": 0.0, "all": 0.05260000042617321, "macro": 0.05260000005364418}, "l2": {"seen": 0.27694999873638154, "missing": 0.0, "all": 0.055390000343322754, "macro": 0.05539000071585178}, "local_head_pre_server": {"seen": 0.3021499991416931, "missing": 0.0, "all": 0.06043000034987926, "macro": 0.06043000034987926}, "global_head_post_server": {"seen": 0.14335000216960908, "missing": 0.0, "all": 0.02867000047117472, "macro": 0.028670000098645686}}, "elapsed": 248.41395592689514}
[autodl] finished_at=2026-09-19T12:36:56+08:00
[autodl] exit_code=0
