[autodl] run_id=20260919-022005-h11c-full-pairbreak
[autodl] started_at=2026-09-19T02:20:09+08:00
test_nested_prefixes (test_anchor_count.AnchorCountTest.test_nested_prefixes) ... ok
test_rank_diagnostics_preserve_full_anchor_result (test_anchor_count.AnchorCountTest.test_rank_diagnostics_preserve_full_anchor_result) ... /home/wenchang/anaconda3/envs/python3.12-tk2-2.3/lib/python3.12/site-packages/torch/cuda/__init__.py:654: UserWarning: Can't initialize NVML
  warnings.warn("Can't initialize NVML")
ok
test_unmodified_upstream_two_rounds (test_baseline.BaselineTest.test_unmodified_upstream_two_rounds) ... ok
test_invariance_and_exact_assembly (test_centered.CenteredTest.test_invariance_and_exact_assembly) ... ok
test_affine_mean_weighting_and_class_isolation (test_class_prototypes.ClassPrototypeTest.test_affine_mean_weighting_and_class_isolation) ... ok
test_client_isolation_and_diagnostic_rng (test_class_prototypes.ClassPrototypeTest.test_client_isolation_and_diagnostic_rng) ... ok
test_nullspace_freedom_and_local_rng (test_completion.CompletionTest.test_nullspace_freedom_and_local_rng) ... ok
test_affine_logits_equivalence (test_conditioning.ConditioningTest.test_affine_logits_equivalence) ... ok
test_seed0_historical_regeneration (test_cross_seed.CrossSeedTest.test_seed0_historical_regeneration) ... ok
test_seed12_exact_committed_provenance (test_cross_seed.CrossSeedTest.test_seed12_exact_committed_provenance) ... ok
test_seed_specific_disjoint_construction (test_cross_seed.CrossSeedTest.test_seed_specific_disjoint_construction) ... ok
test_known_metrics (test_data_metrics.DataMetricTests.test_known_metrics) ... ok
test_partition_disjoint_complete_and_reproducible (test_data_metrics.DataMetricTests.test_partition_disjoint_complete_and_reproducible) ... ok
test_direct_path_state_and_rng (test_direct_prototypes.DirectPrototypeTest.test_direct_path_state_and_rng) ... ok
test_hierarchical_weighting_sparse_classes_and_scale (test_direct_prototypes.DirectPrototypeTest.test_hierarchical_weighting_sparse_classes_and_scale) ... ok
test_capture_reference_isolation_and_label_independence (test_dual_space.DualSpaceTest.test_capture_reference_isolation_and_label_independence) ... ok
test_exact_score_columns (test_dual_space.DualSpaceTest.test_exact_score_columns) ... ok
test_probe_separable_and_side_effect_free (test_fedgh.FedGHTest.test_probe_separable_and_side_effect_free) ... ok
test_server_update_detach_broadcast_and_all_classes (test_fedgh.FedGHTest.test_server_update_detach_broadcast_and_all_classes) ... ok
test_partition_full_coverage_and_frozen_ownership (test_full_data.FullDataTest.test_partition_full_coverage_and_frozen_ownership) ... ok
test_readout_isolation_counts_and_anchor_label_blindness (test_full_data.FullDataTest.test_readout_isolation_counts_and_anchor_label_blindness) ... ok
test_seed_generalization_and_exact_h11a_split (test_full_data.FullDataTest.test_seed_generalization_and_exact_h11a_split) ... ok
test_step_receipt_and_optional_histograms_do_not_change_metrics (test_full_data.FullDataTest.test_step_receipt_and_optional_histograms_do_not_change_metrics) ... ok
test_three_arm_entrypoint_and_final_readouts (test_full_data.FullDataTest.test_three_arm_entrypoint_and_final_readouts) ... ok
test_legacy_permutations_exact_multisets_and_isolation (test_full_pair.FullPairTest.test_legacy_permutations_exact_multisets_and_isolation) ... ok
test_isolation_label_perturbation_and_reference (test_group_refine.GroupRefineTest.test_isolation_label_perturbation_and_reference) ... ok
test_routing_and_arbitrary_missing_correctness (test_group_refine.GroupRefineTest.test_routing_and_arbitrary_missing_correctness) ... ok
test_denominator_and_detachment (test_h01c.H01CTests.test_denominator_and_detachment) ... ok
test_owner_cosine (test_h01c.H01CTests.test_owner_cosine) ... ok
test_same_tensor_direction_matches_direct_autograd (test_h01c.H01CTests.test_same_tensor_direction_matches_direct_autograd) ... ok
test_assignment_counts_support_disjoint_and_deterministic (test_heldout.HeldoutTest.test_assignment_counts_support_disjoint_and_deterministic) ... ok
test_basis_reconstruction_and_head_equivalence (test_helmert.HelmertTest.test_basis_reconstruction_and_head_equivalence) ... ok
test_known_null_energy (test_helmert.HelmertTest.test_known_null_energy) ... ok
test_exact_local_inputs_hierarchy_and_isolation (test_local_source.LocalSourceTest.test_exact_local_inputs_hierarchy_and_isolation) ... ok
test_missing_class_changes_gpc_loss_and_gradient_only (test_mechanism.MechanismTests.test_missing_class_changes_gpc_loss_and_gradient_only) ... ok
test_round_one_pairing_all_modes_and_grad_ratio (test_mechanism.MechanismTests.test_round_one_pairing_all_modes_and_grad_ratio) ... ok
test_sample_weighted_aggregation (test_mechanism.MechanismTests.test_sample_weighted_aggregation) ... ok
test_training_parity_with_unmodified_upstream (test_mechanism.MechanismTests.test_training_parity_with_unmodified_upstream) ... ok
test_validity_and_noncontiguous_labels (test_mechanism.MechanismTests.test_validity_and_noncontiguous_labels) ... ok
test_mask_and_frozen_backprop (test_online.OnlineTest.test_mask_and_frozen_backprop) ... ok
test_pure_bank_and_isolation (test_online.OnlineTest.test_pure_bank_and_isolation) ... ok
test_round_one_pairing_and_batches (test_online.OnlineTest.test_round_one_pairing_and_batches) ... ok
test_balanced_deterministic_disjoint (test_oracle.OracleTest.test_balanced_deterministic_disjoint) ... ok
test_oracle_state_rng_buffers_and_test_label_isolation (test_oracle.OracleTest.test_oracle_state_rng_buffers_and_test_label_isolation) ... ok
test_original_indices_counts_and_exclusion (test_owner_probe.OwnerProbeTest.test_original_indices_counts_and_exclusion) ... ok
test_owner_fit_state_and_test_label_isolation (test_owner_probe.OwnerProbeTest.test_owner_fit_state_and_test_label_isolation) ... ok
test_final_gradient_is_finite_and_side_effect_free (test_paired.PairedTest.test_final_gradient_is_finite_and_side_effect_free) ... ok
test_known_rotation_translation (test_paired.PairedTest.test_known_rotation_translation) ... ok
test_label_blind_selection_and_fit (test_paired.PairedTest.test_label_blind_selection_and_fit) ... ok
test_matched_500_fits_preserve_same_state (test_paired.PairedTest.test_matched_500_fits_preserve_same_state) ... ok
test_pair_breaking_preserves_multiset (test_paired.PairedTest.test_pair_breaking_preserves_multiset) ... ok
test_fixed_cast_and_probe_identity (test_precision.PrecisionTest.test_fixed_cast_and_probe_identity) ... ok
test_invertibility_reconstruction_logits_and_label_isolation (test_precondition.PreconditionTest.test_invertibility_reconstruction_logits_and_label_isolation) ... ok
test_column_permutation_preserves_each_sample (test_relation.RelationTest.test_column_permutation_preserves_each_sample) ... ok
test_orthogonal_translation_invariance (test_relation.RelationTest.test_orthogonal_translation_invariance) ... ok
test_eligible_prediction_and_rejection (test_router.RouterTest.test_eligible_prediction_and_rejection) ... ok
test_loo_and_order_statistic (test_router.RouterTest.test_loo_and_order_statistic) ... ok
test_train_only_isolation_and_label_perturbation (test_router.RouterTest.test_train_only_isolation_and_label_perturbation) ... ok

----------------------------------------------------------------------
Ran 58 tests in 9.306s

OK
/home/wenchang/anaconda3/envs/python3.12-tk2-2.3/lib/python3.12/site-packages/torch/cuda/__init__.py:654: UserWarning: Can't initialize NVML
  warnings.warn("Can't initialize NVML")
Files already downloaded and verified
Files already downloaded and verified
{"mode": "fedgh", "seed": 0, "round": 1, "metrics": {"cosine": {"seen": 0.6394999921321869, "missing": 0.0, "all": 0.12790000066161156, "macro": 0.12790000289678574}, "l2": {"seen": 0.6279000043869019, "missing": 0.0, "all": 0.12557999938726425, "macro": 0.12557999938726425}, "local_head_pre_server": {"seen": 0.6092500030994416, "missing": 0.0, "all": 0.1218500018119812, "macro": 0.1218500018119812}, "global_head_post_server": {"seen": 0.6309999942779541, "missing": 0.0, "all": 0.12620000019669533, "macro": 0.12620000094175338}}, "elapsed": 17.540996074676514}
{"mode": "fedgh", "seed": 0, "round": 2, "metrics": {"cosine": {"seen": 0.6931500017642975, "missing": 0.0, "all": 0.13863000124692917, "macro": 0.13862999826669692}, "l2": {"seen": 0.7169500052928924, "missing": 0.0, "all": 0.14338999912142752, "macro": 0.1433900013566017}, "local_head_pre_server": {"seen": 0.660949993133545, "missing": 0.0, "all": 0.13218999952077864, "macro": 0.13218999952077864}, "global_head_post_server": {"seen": 0.5532999992370605, "missing": 0.0, "all": 0.1106600008904934, "macro": 0.11066000014543534}}, "elapsed": 33.965447664260864}
{"mode": "fedgh", "seed": 0, "round": 3, "metrics": {"cosine": {"seen": 0.7344000160694122, "missing": 0.0, "all": 0.14688000008463858, "macro": 0.14687999933958054}, "l2": {"seen": 0.7381999969482422, "missing": 0.0, "all": 0.1476400002837181, "macro": 0.14764000251889228}, "local_head_pre_server": {"seen": 0.6916000068187713, "missing": 0.0, "all": 0.1383199982345104, "macro": 0.13832000121474267}, "global_head_post_server": {"seen": 0.5960500061511993, "missing": 0.0, "all": 0.11920999959111214, "macro": 0.11921000182628631}}, "elapsed": 50.50997853279114}
{"mode": "fedgh", "seed": 0, "round": 4, "metrics": {"cosine": {"seen": 0.7611000001430511, "missing": 0.0, "all": 0.1522199995815754, "macro": 0.15221999883651732}, "l2": {"seen": 0.7726500034332275, "missing": 0.0, "all": 0.15452999919652938, "macro": 0.15452999994158745}, "local_head_pre_server": {"seen": 0.7169499874114991, "missing": 0.0, "all": 0.1433899998664856, "macro": 0.1433899998664856}, "global_head_post_server": {"seen": 0.6357000052928925, "missing": 0.0, "all": 0.12714000120759011, "macro": 0.12714000269770623}}, "elapsed": 66.93749499320984}
{"mode": "fedgh", "seed": 0, "round": 5, "metrics": {"cosine": {"seen": 0.793099993467331, "missing": 0.0, "all": 0.1586200013756752, "macro": 0.1586200028657913}, "l2": {"seen": 0.7925999939441681, "missing": 0.0, "all": 0.15851999968290328, "macro": 0.15851999893784524}, "local_head_pre_server": {"seen": 0.7590999960899353, "missing": 0.0, "all": 0.15182000026106834, "macro": 0.15182000100612641}, "global_head_post_server": {"seen": 0.6496500015258789, "missing": 0.0, "all": 0.12993000224232673, "macro": 0.12993000373244284}}, "elapsed": 84.0658791065216}
{"mode": "fedgh", "seed": 0, "round": 6, "metrics": {"cosine": {"seen": 0.7711000084877014, "missing": 0.0, "all": 0.15421999990940094, "macro": 0.154220000654459}, "l2": {"seen": 0.7725000083446503, "missing": 0.0, "all": 0.15450000017881393, "macro": 0.15449999943375586}, "local_head_pre_server": {"seen": 0.7452999889850617, "missing": 0.0, "all": 0.14906000047922136, "macro": 0.1490599989891052}, "global_head_post_server": {"seen": 0.6970499932765961, "missing": 0.0, "all": 0.13941000029444695, "macro": 0.13940999805927276}}, "elapsed": 100.72196125984192}
{"mode": "fedgh", "seed": 0, "round": 7, "metrics": {"cosine": {"seen": 0.7870000004768372, "missing": 0.0, "all": 0.15740000009536742, "macro": 0.15740000009536742}, "l2": {"seen": 0.7890500009059906, "missing": 0.0, "all": 0.15781000182032584, "macro": 0.1578100010752678}, "local_head_pre_server": {"seen": 0.7822999954223633, "missing": 0.0, "all": 0.15646000057458878, "macro": 0.15645999908447267}, "global_head_post_server": {"seen": 0.7199000060558319, "missing": 0.0, "all": 0.1439800001680851, "macro": 0.14397999867796898}}, "elapsed": 116.9435772895813}
{"mode": "fedgh", "seed": 0, "round": 8, "metrics": {"cosine": {"seen": 0.8027500033378601, "missing": 0.0, "all": 0.16054999977350234, "macro": 0.16054999828338623}, "l2": {"seen": 0.799650001525879, "missing": 0.0, "all": 0.15993000119924544, "macro": 0.15993000268936158}, "local_head_pre_server": {"seen": 0.8027500033378601, "missing": 0.0, "all": 0.16054999977350234, "macro": 0.16055000573396683}, "global_head_post_server": {"seen": 0.7295499980449677, "missing": 0.0, "all": 0.14591000154614447, "macro": 0.14590999931097032}}, "elapsed": 133.02730536460876}
{"mode": "fedgh", "seed": 0, "round": 9, "metrics": {"cosine": {"seen": 0.7902999997138977, "missing": 0.0, "all": 0.15806000232696532, "macro": 0.1580599993467331}, "l2": {"seen": 0.7951500058174134, "missing": 0.0, "all": 0.15902999937534332, "macro": 0.1590299978852272}, "local_head_pre_server": {"seen": 0.7680499970912933, "missing": 0.0, "all": 0.15360999926924707, "macro": 0.1536100000143051}, "global_head_post_server": {"seen": 0.7536000072956085, "missing": 0.0, "all": 0.1507199987769127, "macro": 0.15072000101208688}}, "elapsed": 149.35848212242126}
/home/wenchang/asdasdsad/wjq/PPRTP/releases/20260919-021830-h11c/pprtp/paired.py:43: UserWarning: torch.linalg.svd: During SVD computation with the selected cusolver driver, batches 0 failed to converge. A more accurate method will be used to compute the SVD as a fallback. Check doc at https://pytorch.org/docs/stable/generated/torch.linalg.svd.html (Triggered internally at ../aten/src/ATen/native/cuda/linalg/BatchLinearAlgebraLib.cpp:697.)
  u,s,vh=torch.linalg.svd(xc.T@yc,full_matrices=False)
{"mode": "fedgh", "seed": 0, "round": 10, "metrics": {"cosine": {"seen": 0.7965999841690063, "missing": 0.0, "all": 0.15931999832391738, "macro": 0.1593199998140335}, "l2": {"seen": 0.7966499924659729, "missing": 0.0, "all": 0.15932999849319457, "macro": 0.15932999849319457}, "local_head_pre_server": {"seen": 0.7892000019550324, "missing": 0.0, "all": 0.1578400008380413, "macro": 0.1578399993479252}, "global_head_post_server": {"seen": 0.7741999983787536, "missing": 0.0, "all": 0.15483999773859977, "macro": 0.15483999624848366}}, "elapsed": 228.34400296211243}
Files already downloaded and verified
Files already downloaded and verified
{"mode": "fedgh", "seed": 1, "round": 1, "metrics": {"cosine": {"seen": 0.7275500059127807, "missing": 0.0, "all": 0.14550999850034713, "macro": 0.14550999850034713}, "l2": {"seen": 0.7344000041484833, "missing": 0.0, "all": 0.14688000008463858, "macro": 0.14688000530004502}, "local_head_pre_server": {"seen": 0.6869499981403351, "missing": 0.0, "all": 0.13739000111818314, "macro": 0.13739000260829926}, "global_head_post_server": {"seen": 0.7172999978065491, "missing": 0.0, "all": 0.14346000030636788, "macro": 0.14345999881625177}}, "elapsed": 15.698299407958984}
{"mode": "fedgh", "seed": 1, "round": 2, "metrics": {"cosine": {"seen": 0.7756500005722046, "missing": 0.0, "all": 0.1551299996674061, "macro": 0.1551299959421158}, "l2": {"seen": 0.7869999945163727, "missing": 0.0, "all": 0.15740000158548356, "macro": 0.15740000009536742}, "local_head_pre_server": {"seen": 0.7314000010490418, "missing": 0.0, "all": 0.1462799996137619, "macro": 0.1462800033390522}, "global_head_post_server": {"seen": 0.6924000024795532, "missing": 0.0, "all": 0.1384800009429455, "macro": 0.1384800009429455}}, "elapsed": 31.636386156082153}
{"mode": "fedgh", "seed": 1, "round": 3, "metrics": {"cosine": {"seen": 0.8013499915599823, "missing": 0.0, "all": 0.16026999950408935, "macro": 0.16027000099420546}, "l2": {"seen": 0.808899998664856, "missing": 0.0, "all": 0.1617799997329712, "macro": 0.16178000271320342}, "local_head_pre_server": {"seen": 0.7697499990463257, "missing": 0.0, "all": 0.1539500005543232, "macro": 0.1539500005543232}, "global_head_post_server": {"seen": 0.7183000028133393, "missing": 0.0, "all": 0.1436599999666214, "macro": 0.1436599984765053}}, "elapsed": 47.68651103973389}
{"mode": "fedgh", "seed": 1, "round": 4, "metrics": {"cosine": {"seen": 0.8292499959468842, "missing": 0.0, "all": 0.1658500015735626, "macro": 0.1658500000834465}, "l2": {"seen": 0.8233500003814698, "missing": 0.0, "all": 0.1646700009703636, "macro": 0.16466999650001526}, "local_head_pre_server": {"seen": 0.8227999985218049, "missing": 0.0, "all": 0.16456000208854676, "macro": 0.1645599976181984}, "global_head_post_server": {"seen": 0.746699994802475, "missing": 0.0, "all": 0.1493399977684021, "macro": 0.14934000000357628}}, "elapsed": 63.567505836486816}
{"mode": "fedgh", "seed": 1, "round": 5, "metrics": {"cosine": {"seen": 0.8453999996185303, "missing": 0.0, "all": 0.16907999962568282, "macro": 0.16907999962568282}, "l2": {"seen": 0.8422500014305114, "missing": 0.0, "all": 0.1684499979019165, "macro": 0.16845000088214873}, "local_head_pre_server": {"seen": 0.8389999985694885, "missing": 0.0, "all": 0.16780000180006027, "macro": 0.16780000180006027}, "global_head_post_server": {"seen": 0.76460000872612, "missing": 0.0, "all": 0.15292000025510788, "macro": 0.15292000472545625}}, "elapsed": 80.03537702560425}
{"mode": "fedgh", "seed": 1, "round": 6, "metrics": {"cosine": {"seen": 0.8473999977111817, "missing": 0.0, "all": 0.16947999894618987, "macro": 0.169480000436306}, "l2": {"seen": 0.8340499997138977, "missing": 0.0, "all": 0.16680999994277954, "macro": 0.16680999845266342}, "local_head_pre_server": {"seen": 0.8316500067710877, "missing": 0.0, "all": 0.1663299985229969, "macro": 0.1663300022482872}, "global_head_post_server": {"seen": 0.794050008058548, "missing": 0.0, "all": 0.15880999937653542, "macro": 0.15881000235676765}}, "elapsed": 96.30822134017944}
{"mode": "fedgh", "seed": 1, "round": 7, "metrics": {"cosine": {"seen": 0.8513000011444092, "missing": 0.0, "all": 0.1702599987387657, "macro": 0.17026000171899797}, "l2": {"seen": 0.8453000009059906, "missing": 0.0, "all": 0.16906000077724456, "macro": 0.16905999928712845}, "local_head_pre_server": {"seen": 0.8493000090122222, "missing": 0.0, "all": 0.16985999792814255, "macro": 0.16985999941825866}, "global_head_post_server": {"seen": 0.8415999948978424, "missing": 0.0, "all": 0.16832000091671945, "macro": 0.1683200016617775}}, "elapsed": 112.5120267868042}
{"mode": "fedgh", "seed": 1, "round": 8, "metrics": {"cosine": {"seen": 0.8656999945640564, "missing": 0.0, "all": 0.17314000129699708, "macro": 0.17313999831676483}, "l2": {"seen": 0.8576000034809113, "missing": 0.0, "all": 0.17152000069618226, "macro": 0.17151999771595}, "local_head_pre_server": {"seen": 0.8644499897956848, "missing": 0.0, "all": 0.17289000153541564, "macro": 0.17288999855518342}, "global_head_post_server": {"seen": 0.8378999948501586, "missing": 0.0, "all": 0.16758000031113623, "macro": 0.1675799995660782}}, "elapsed": 128.71829676628113}
{"mode": "fedgh", "seed": 1, "round": 9, "metrics": {"cosine": {"seen": 0.863100004196167, "missing": 0.0, "all": 0.17261999994516372, "macro": 0.1726199984550476}, "l2": {"seen": 0.851500004529953, "missing": 0.0, "all": 0.1703000009059906, "macro": 0.1703000009059906}, "local_head_pre_server": {"seen": 0.8561499893665314, "missing": 0.0, "all": 0.17122999876737593, "macro": 0.17122999876737593}, "global_head_post_server": {"seen": 0.8486999928951263, "missing": 0.0, "all": 0.1697400003671646, "macro": 0.16973999589681626}}, "elapsed": 144.90525698661804}
{"mode": "fedgh", "seed": 1, "round": 10, "metrics": {"cosine": {"seen": 0.8677999913692475, "missing": 0.0, "all": 0.1735599994659424, "macro": 0.17355999797582627}, "l2": {"seen": 0.8595499992370605, "missing": 0.0, "all": 0.17191000133752823, "macro": 0.17190999984741212}, "local_head_pre_server": {"seen": 0.8667000114917756, "missing": 0.0, "all": 0.17334000170230865, "macro": 0.17334000170230865}, "global_head_post_server": {"seen": 0.8589000046253205, "missing": 0.0, "all": 0.17178000062704085, "macro": 0.171780002117157}}, "elapsed": 247.78168296813965}
Files already downloaded and verified
Files already downloaded and verified
{"mode": "fedgh", "seed": 2, "round": 1, "metrics": {"cosine": {"seen": 0.7087999939918518, "missing": 0.0, "all": 0.1417600005865097, "macro": 0.14176000133156777}, "l2": {"seen": 0.7065000057220459, "missing": 1.2500000593718141e-05, "all": 0.1413100004196167, "macro": 0.14131000116467476}, "local_head_pre_server": {"seen": 0.6979999959468841, "missing": 0.0, "all": 0.13960000202059747, "macro": 0.13959999531507492}, "global_head_post_server": {"seen": 0.6748499989509582, "missing": 0.0, "all": 0.1349700003862381, "macro": 0.13496999964118003}}, "elapsed": 15.438511610031128}
{"mode": "fedgh", "seed": 2, "round": 2, "metrics": {"cosine": {"seen": 0.7736000061035156, "missing": 0.0, "all": 0.15472000017762183, "macro": 0.15471999868750572}, "l2": {"seen": 0.7749500095844268, "missing": 0.0, "all": 0.1549900010228157, "macro": 0.15499000027775764}, "local_head_pre_server": {"seen": 0.7624000072479248, "missing": 0.0, "all": 0.15247999727725983, "macro": 0.15248000025749206}, "global_head_post_server": {"seen": 0.60450000166893, "missing": 0.0, "all": 0.12090000063180924, "macro": 0.12089999988675118}}, "elapsed": 31.349523067474365}
{"mode": "fedgh", "seed": 2, "round": 3, "metrics": {"cosine": {"seen": 0.792600005865097, "missing": 0.0, "all": 0.15852000042796136, "macro": 0.1585200011730194}, "l2": {"seen": 0.7929499983787537, "missing": 0.0, "all": 0.15859000161290168, "macro": 0.15859000012278557}, "local_head_pre_server": {"seen": 0.7893500030040741, "missing": 0.0, "all": 0.15786999985575675, "macro": 0.15787000209093094}, "global_head_post_server": {"seen": 0.6990999937057495, "missing": 0.0, "all": 0.13981999903917314, "macro": 0.13981999978423118}}, "elapsed": 46.65892243385315}
{"mode": "fedgh", "seed": 2, "round": 4, "metrics": {"cosine": {"seen": 0.822599995136261, "missing": 0.0, "all": 0.164520001411438, "macro": 0.16451999619603158}, "l2": {"seen": 0.8207000017166137, "missing": 0.0, "all": 0.16414000168442727, "macro": 0.16414000242948532}, "local_head_pre_server": {"seen": 0.8148999989032746, "missing": 0.0, "all": 0.16297999992966652, "macro": 0.16298000067472457}, "global_head_post_server": {"seen": 0.7604999959468841, "missing": 0.0, "all": 0.1521000012755394, "macro": 0.1521000012755394}}, "elapsed": 62.36484479904175}
{"mode": "fedgh", "seed": 2, "round": 5, "metrics": {"cosine": {"seen": 0.8167500019073486, "missing": 0.0, "all": 0.16334999799728395, "macro": 0.16335000097751617}, "l2": {"seen": 0.817250007390976, "missing": 0.0, "all": 0.16344999969005586, "macro": 0.16345000118017197}, "local_head_pre_server": {"seen": 0.8144500017166137, "missing": 0.0, "all": 0.16288999915122987, "macro": 0.16288999766111373}, "global_head_post_server": {"seen": 0.8002999901771546, "missing": 0.0, "all": 0.16005999743938445, "macro": 0.16005999892950057}}, "elapsed": 78.07213282585144}
{"mode": "fedgh", "seed": 2, "round": 6, "metrics": {"cosine": {"seen": 0.8147999942302704, "missing": 0.0, "all": 0.162959998100996, "macro": 0.1629600018262863}, "l2": {"seen": 0.8191500008106232, "missing": 0.0, "all": 0.16383000165224076, "macro": 0.16383000314235688}, "local_head_pre_server": {"seen": 0.7899499952793121, "missing": 0.0, "all": 0.1579899989068508, "macro": 0.1579899974167347}, "global_head_post_server": {"seen": 0.8004500031471252, "missing": 0.0, "all": 0.16008999869227408, "macro": 0.16009000316262245}}, "elapsed": 93.46116590499878}
{"mode": "fedgh", "seed": 2, "round": 7, "metrics": {"cosine": {"seen": 0.834500002861023, "missing": 0.0, "all": 0.16689999848604203, "macro": 0.16690000146627426}, "l2": {"seen": 0.8358999967575074, "missing": 0.0, "all": 0.16717999950051307, "macro": 0.16718000024557114}, "local_head_pre_server": {"seen": 0.8248500049114227, "missing": 0.0, "all": 0.16497000083327293, "macro": 0.16496999859809874}, "global_head_post_server": {"seen": 0.8126999974250794, "missing": 0.0, "all": 0.16254000142216682, "macro": 0.1625399984419346}}, "elapsed": 109.18398404121399}
{"mode": "fedgh", "seed": 2, "round": 8, "metrics": {"cosine": {"seen": 0.8371500074863434, "missing": 0.0, "all": 0.16743000000715255, "macro": 0.16743000149726867}, "l2": {"seen": 0.840850007534027, "missing": 0.0, "all": 0.16817000061273574, "macro": 0.16816999912261962}, "local_head_pre_server": {"seen": 0.8384999990463257, "missing": 0.0, "all": 0.16769999861717225, "macro": 0.1677000030875206}, "global_head_post_server": {"seen": 0.8223999977111817, "missing": 0.0, "all": 0.1644800029695034, "macro": 0.16447999998927115}}, "elapsed": 125.07019448280334}
{"mode": "fedgh", "seed": 2, "round": 9, "metrics": {"cosine": {"seen": 0.8548499941825867, "missing": 0.0, "all": 0.17096999883651734, "macro": 0.17097000181674957}, "l2": {"seen": 0.8550999999046326, "missing": 0.0, "all": 0.17101999819278718, "macro": 0.1710199996829033}, "local_head_pre_server": {"seen": 0.858050000667572, "missing": 0.0, "all": 0.17160999923944473, "macro": 0.17161000221967698}, "global_head_post_server": {"seen": 0.8348000049591064, "missing": 0.0, "all": 0.16696000024676322, "macro": 0.16696000173687936}}, "elapsed": 140.96800422668457}
{"mode": "fedgh", "seed": 2, "round": 10, "metrics": {"cosine": {"seen": 0.8527500033378601, "missing": 0.0, "all": 0.17055000215768815, "macro": 0.1705499991774559}, "l2": {"seen": 0.8527500033378601, "missing": 0.0, "all": 0.17055000066757203, "macro": 0.17055000066757203}, "local_head_pre_server": {"seen": 0.833600002527237, "missing": 0.0, "all": 0.16672000139951706, "macro": 0.16672000288963318}, "global_head_post_server": {"seen": 0.822350001335144, "missing": 0.0, "all": 0.16447000131011008, "macro": 0.16446999832987785}}, "elapsed": 224.85694885253906}
[autodl] finished_at=2026-09-19T02:32:30+08:00
[autodl] exit_code=0
