DL% UL%  Dled  Uled  Xfers  Live Total     Current  Left    Speed

--  --      0     0     8     8                                 0      
--  --      0     0     8     8                                 0      
--  --      0     0     8     8           00:00:01              0      
  0 --   728k     0     8     8  00:10:42 00:00:01 00:10:40  377k      
  1 --  3103k     0     8     8  00:03:09 00:00:02 00:03:07 1275k      
  1 --  4215k     0     8     8  00:02:56 00:00:03 00:02:53 1371k      
  3 --  8157k     0     8     8  00:01:46 00:00:03 00:01:43 2271k      
  4 --  11.2M     0     8     8  00:01:25 00:00:04 00:01:21 2819k      
  5 --  13.2M     0     8     8  00:01:25 00:00:04 00:01:20 2826k      
  6 --  15.7M     0     8     8  00:01:22 00:00:05 00:01:17 2924k      
  8 --  19.6M     0     8     8  00:01:02 00:00:06 00:00:57 3891k      
 10 --  25.1M     0     8     8  00:00:47 00:00:06 00:00:42 5080k      
 11 --  28.0M     0     8     8  00:00:46 00:00:07 00:00:41 5194k      
 14 --  33.2M     0     8     8  00:00:42 00:00:07 00:00:36 5738k      
 14 --  34.9M     0     8     8  00:00:41 00:00:08 00:00:35 5877k      
 16 --  40.2M     0     8     8  00:00:39 00:00:08 00:00:32 6165k      
 17 --  41.0M     0     8     8  00:00:42 00:00:09 00:00:35 5682k      
 19 --  46.1M     0     8     8  00:00:39 00:00:10 00:00:31 6164k      
 20 --  48.2M     0     8     8  00:00:38 00:00:10 00:00:30 6322k      
 23 --  54.4M     0     8     8  00:00:35 00:00:11 00:00:27 6760k      
 23 --  56.7M     0     8     8  00:00:41 00:00:12 00:00:31 5833k      
 24 --  58.4M     0     8     8  00:00:40 00:00:12 00:00:30 5950k      
 26 --  62.0M     0     8     8  00:00:42 00:00:13 00:00:31 5634k      
 27 --  65.0M     0     8     8  00:00:43 00:00:13 00:00:31 5594k      
 29 --  70.3M     0     8     8  00:00:43 00:00:14 00:00:30 5599k      
 30 --  71.9M     0     8     8  00:00:43 00:00:15 00:00:30 5613k      
 31 --  75.7M     0     8     8  00:00:42 00:00:15 00:00:29 5658k      
 32 --  76.8M     0     8     8  00:00:44 00:00:16 00:00:30 5449k      
 33 --  78.6M     0     8     8  00:00:52 00:00:16 00:00:35 4606k      
 35 --  83.2M     0     8     8  00:00:45 00:00:17 00:00:29 5295k      
 35 --  84.8M     0     8     8  00:00:46 00:00:17 00:00:29 5201k      
 36 --  87.3M     0     8     8  00:00:48 00:00:18 00:00:30 4994k      
 39 --  93.6M     0     8     8  00:00:39 00:00:18 00:00:24 6097k      
 39 --  94.2M     0     8     8  00:00:47 00:00:19 00:00:28 5097k      
 40 --  95.6M     0     8     8  00:00:47 00:00:19 00:00:28 5129k      
 41 --  98.7M     0     8     8  00:00:48 00:00:20 00:00:28 4998k      
 44 --   105M     0     8     8  00:00:38 00:00:20 00:00:21 6232k      
 45 --   107M     0     8     8  00:00:37 00:00:21 00:00:20 6384k      
 47 --   111M     0     8     8  00:00:39 00:00:21 00:00:20 6190k      
 47 --   112M     0     8     8  00:00:39 00:00:22 00:00:20 6101k      
 49 --   117M     0     8     8  00:00:36 00:00:22 00:00:18 6728k      
 49 --   118M     0     8     8  00:00:44 00:00:23 00:00:22 5447k      
 51 --   120M     0     8     8  00:00:41 00:00:23 00:00:20 5876k      
 52 --   123M     0     8     8  00:00:38 00:00:24 00:00:18 6335k      
 52 --   125M     0     8     8  00:00:41 00:00:24 00:00:19 5811k      
 54 --   129M     0     8     8  00:00:44 00:00:25 00:00:20 5410k      
 55 --   130M     0     8     8  00:00:48 00:00:25 00:00:21 4971k      
 56 --   132M     0     8     8  00:00:52 00:00:26 00:00:23 4623k      
 58 --   138M     0     8     7  00:00:42 00:00:26 00:00:17 5763k      
 59 --   141M     0     8     7  00:00:45 00:00:27 00:00:18 5276k      
 61 --   144M     0     8     7  00:00:41 00:00:28 00:00:16 5795k      
 62 --   147M     0     8     7  00:00:40 00:00:28 00:00:15 5928k      
 63 --   150M     0     8     7  00:00:41 00:00:29 00:00:15 5813k      
 64 --   153M     0     8     7  00:00:38 00:00:29 00:00:13 6355k      
 66 --   156M     0     8     7  00:00:40 00:00:30 00:00:13 5945k      
 66 --   157M     0     8     7  00:00:39 00:00:30 00:00:13 6068k      
 67 --   159M     0     8     7  00:00:39 00:00:31 00:00:12 6155k      
 68 --   161M     0     8     7  00:00:46 00:00:31 00:00:14 5205k      
 70 --   167M     0     8     7  00:00:43 00:00:32 00:00:12 5531k      
 72 --   172M     0     8     7  00:00:40 00:00:32 00:00:10 5982k      
 73 --   173M     0     8     7  00:00:43 00:00:33 00:00:11 5554k      
 75 --   178M     0     8     7  00:00:39 00:00:33 00:00:09 6073k      
 75 --   179M     0     8     7  00:00:43 00:00:34 00:00:10 5553k      
 76 --   181M     0     8     7  00:00:45 00:00:34 00:00:10 5347k      
 76 --   182M     0     8     7  00:00:49 00:00:35 00:00:11 4932k      
 78 --   186M     0     8     7  00:00:46 00:00:36 00:00:09 5203k      
 79 --   189M     0     8     7  00:00:44 00:00:36 00:00:08 5461k      
 81 --   191M     0     8     7  00:00:47 00:00:37 00:00:08 5101k      
 81 --   192M     0     8     7  00:00:57 00:00:37 00:00:10 4240k      
 82 --   195M     0     8     7  00:00:52 00:00:38 00:00:08 4644k      
 84 --   200M     0     8     6  00:00:51 00:00:38 00:00:07 4672k      
 86 --   203M     0     8     6  00:00:47 00:00:39 00:00:06 5151k      
 87 --   207M     0     8     5  00:00:45 00:00:39 00:00:05 5376k      
 88 --   209M     0     8     4  00:00:39 00:00:40 00:00:04 6066k      
 88 --   210M     0     8     3  00:00:43 00:00:40 00:00:04 5547k      
 89 --   212M     0     8     3  00:00:46 00:00:41 00:00:04 5235k      
 90 --   214M     0     8     3  00:00:48 00:00:41 00:00:04 5004k      
 91 --   216M     0     8     3  00:00:46 00:00:42 00:00:04 5261k      
 92 --   218M     0     8     3  00:00:47 00:00:42 00:00:03 5058k      
 93 --   220M     0     8     3  00:00:54 00:00:43 00:00:03 4408k      
 94 --   222M     0     8     3  00:00:56 00:00:43 00:00:03 4273k      
 95 --   225M     0     8     3  00:00:57 00:00:44 00:00:02 4197k      
 96 --   228M     0     8     3  00:00:55 00:00:44 00:00:01 4362k      
 97 --   230M     0     8     2  00:00:54 00:00:45 00:00:01 4470k      
 98 --   232M     0     8     1  00:00:53 00:00:45          4535k      
 98 --   233M     0     8     1  00:00:55 00:00:46          4354k      
 99 --   234M     0     8     1  00:00:57 00:00:46          4192k      
 99 --   235M     0     8     1  00:01:00 00:00:47          3987k      
100 --   236M     0     8     0  00:01:02 00:00:47          3846k     
