[autodl] run_id=20260919-172251-h16b-one-owner-seeds12
[autodl] started_at=2026-09-19T17:22:59+08:00
test_nested_prefixes (test_anchor_count.AnchorCountTest.test_nested_prefixes) ... ok
test_rank_diagnostics_preserve_full_anchor_result (test_anchor_count.AnchorCountTest.test_rank_diagnostics_preserve_full_anchor_result) ... ok
test_unmodified_upstream_two_rounds (test_baseline.BaselineTest.test_unmodified_upstream_two_rounds) ... ok
test_invariance_and_exact_assembly (test_centered.CenteredTest.test_invariance_and_exact_assembly) ... ok
test_explicit_ownership_seed_reproduces_old_split_and_changes_graph (test_cifar100.Cifar100Test.test_explicit_ownership_seed_reproduces_old_split_and_changes_graph) ... ok
test_metrics_histograms_and_all100_rows (test_cifar100.Cifar100Test.test_metrics_histograms_and_all100_rows) ... ok
test_nested_one_owner_historical_order_and_coverage (test_cifar100.Cifar100Test.test_nested_one_owner_historical_order_and_coverage) ... ok
test_new_graph_three_arm_initialization_and_actual_batch_pairing (test_cifar100.Cifar100Test.test_new_graph_three_arm_initialization_and_actual_batch_pairing) ... ok
test_one_owner_three_arm_entrypoint (test_cifar100.Cifar100Test.test_one_owner_three_arm_entrypoint) ... ok
test_ownership_label_blind_reservation_and_full_coverage (test_cifar100.Cifar100Test.test_ownership_label_blind_reservation_and_full_coverage) ... ok
test_three_arm_100class_entrypoint (test_cifar100.Cifar100Test.test_three_arm_100class_entrypoint) ... ok
test_three_readouts_100class_isolation_and_label_independence (test_cifar100.Cifar100Test.test_three_readouts_100class_isolation_and_label_independence) ... ok
test_training_seeds_keep_h12a_split_and_change_initialization (test_cifar100.Cifar100Test.test_training_seeds_keep_h12a_split_and_change_initialization) ... ok
test_affine_mean_weighting_and_class_isolation (test_class_prototypes.ClassPrototypeTest.test_affine_mean_weighting_and_class_isolation) ... ok
test_client_isolation_and_diagnostic_rng (test_class_prototypes.ClassPrototypeTest.test_client_isolation_and_diagnostic_rng) ... ok
test_nullspace_freedom_and_local_rng (test_completion.CompletionTest.test_nullspace_freedom_and_local_rng) ... ok
test_affine_logits_equivalence (test_conditioning.ConditioningTest.test_affine_logits_equivalence) ... ok
test_seed0_historical_regeneration (test_cross_seed.CrossSeedTest.test_seed0_historical_regeneration) ... ok
test_seed12_exact_committed_provenance (test_cross_seed.CrossSeedTest.test_seed12_exact_committed_provenance) ... ok
test_seed_specific_disjoint_construction (test_cross_seed.CrossSeedTest.test_seed_specific_disjoint_construction) ... ok
test_known_metrics (test_data_metrics.DataMetricTests.test_known_metrics) ... ok
test_partition_disjoint_complete_and_reproducible (test_data_metrics.DataMetricTests.test_partition_disjoint_complete_and_reproducible) ... ok
test_direct_path_state_and_rng (test_direct_prototypes.DirectPrototypeTest.test_direct_path_state_and_rng) ... ok
test_hierarchical_weighting_sparse_classes_and_scale (test_direct_prototypes.DirectPrototypeTest.test_hierarchical_weighting_sparse_classes_and_scale) ... ok
test_capture_reference_isolation_and_label_independence (test_dual_space.DualSpaceTest.test_capture_reference_isolation_and_label_independence) ... ok
test_exact_score_columns (test_dual_space.DualSpaceTest.test_exact_score_columns) ... ok
test_local_sgd_matches_upstream_and_weighted_parameter_broadcast (test_fedavg.FedAvgTest.test_local_sgd_matches_upstream_and_weighted_parameter_broadcast) ... ok
test_one_owner_four_arm_pairing_and_global_readout (test_fedavg.FedAvgTest.test_one_owner_four_arm_pairing_and_global_readout) ... ok
test_probe_separable_and_side_effect_free (test_fedgh.FedGHTest.test_probe_separable_and_side_effect_free) ... ok
test_server_update_detach_broadcast_and_all_classes (test_fedgh.FedGHTest.test_server_update_detach_broadcast_and_all_classes) ... ok
test_client_matches_pinned_checkpoint_timing_and_observed_mse (test_fedtgp.FedTGPTest.test_client_matches_pinned_checkpoint_timing_and_observed_mse) ... ok
test_fedtgp_entrypoint_no_transport_and_allclass_readout (test_fedtgp.FedTGPTest.test_fedtgp_entrypoint_no_transport_and_allclass_readout) ... ok
test_post_update_changes_only_collection_timing_without_extra_steps (test_fedtgp.FedTGPTest.test_post_update_changes_only_collection_timing_without_extra_steps) ... ok
test_server_architecture_gap_objective_and_update_match_official (test_fedtgp.FedTGPTest.test_server_architecture_gap_objective_and_update_match_official) ... servers/servertgp.py:186: UserWarning: To copy construct from a tensor, it is recommended to use sourceTensor.clone().detach() or sourceTensor.clone().detach().requires_grad_(True), rather than torch.tensor(sourceTensor).
ok
test_partition_full_coverage_and_frozen_ownership (test_full_data.FullDataTest.test_partition_full_coverage_and_frozen_ownership) ... ok
test_readout_isolation_counts_and_anchor_label_blindness (test_full_data.FullDataTest.test_readout_isolation_counts_and_anchor_label_blindness) ... ok
test_seed_generalization_and_exact_h11a_split (test_full_data.FullDataTest.test_seed_generalization_and_exact_h11a_split) ... ok
test_step_receipt_and_optional_histograms_do_not_change_metrics (test_full_data.FullDataTest.test_step_receipt_and_optional_histograms_do_not_change_metrics) ... ok
test_three_arm_entrypoint_and_final_readouts (test_full_data.FullDataTest.test_three_arm_entrypoint_and_final_readouts) ... ok
test_legacy_permutations_exact_multisets_and_isolation (test_full_pair.FullPairTest.test_legacy_permutations_exact_multisets_and_isolation) ... ok
test_isolation_label_perturbation_and_reference (test_group_refine.GroupRefineTest.test_isolation_label_perturbation_and_reference) ... ok
test_routing_and_arbitrary_missing_correctness (test_group_refine.GroupRefineTest.test_routing_and_arbitrary_missing_correctness) ... ok
test_denominator_and_detachment (test_h01c.H01CTests.test_denominator_and_detachment) ... ok
test_owner_cosine (test_h01c.H01CTests.test_owner_cosine) ... ok
test_same_tensor_direction_matches_direct_autograd (test_h01c.H01CTests.test_same_tensor_direction_matches_direct_autograd) ... ok
test_assignment_counts_support_disjoint_and_deterministic (test_heldout.HeldoutTest.test_assignment_counts_support_disjoint_and_deterministic) ... ok
test_basis_reconstruction_and_head_equivalence (test_helmert.HelmertTest.test_basis_reconstruction_and_head_equivalence) ... ok
test_known_null_energy (test_helmert.HelmertTest.test_known_null_energy) ... ok
test_exact_local_inputs_hierarchy_and_isolation (test_local_source.LocalSourceTest.test_exact_local_inputs_hierarchy_and_isolation) ... ok
test_missing_class_changes_gpc_loss_and_gradient_only (test_mechanism.MechanismTests.test_missing_class_changes_gpc_loss_and_gradient_only) ... ok
test_round_one_pairing_all_modes_and_grad_ratio (test_mechanism.MechanismTests.test_round_one_pairing_all_modes_and_grad_ratio) ... ok
test_sample_weighted_aggregation (test_mechanism.MechanismTests.test_sample_weighted_aggregation) ... ok
test_training_parity_with_unmodified_upstream (test_mechanism.MechanismTests.test_training_parity_with_unmodified_upstream) ... ok
test_validity_and_noncontiguous_labels (test_mechanism.MechanismTests.test_validity_and_noncontiguous_labels) ... ok
test_deterministic_construction_shapes_and_batchnorm_isolation (test_mixed_backbone.MixedBackboneTest.test_deterministic_construction_shapes_and_batchnorm_isolation) ... ok
test_mixed_three_arm_entrypoint_and_readout_isolation (test_mixed_backbone.MixedBackboneTest.test_mixed_three_arm_entrypoint_and_readout_isolation) ... ok
test_seed_replication_initialization_and_actual_batch_orders (test_mixed_backbone.MixedBackboneTest.test_seed_replication_initialization_and_actual_batch_orders) ... ok
test_mask_and_frozen_backprop (test_online.OnlineTest.test_mask_and_frozen_backprop) ... ok
test_pure_bank_and_isolation (test_online.OnlineTest.test_pure_bank_and_isolation) ... ok
test_round_one_pairing_and_batches (test_online.OnlineTest.test_round_one_pairing_and_batches) ... ok
test_balanced_deterministic_disjoint (test_oracle.OracleTest.test_balanced_deterministic_disjoint) ... ok
test_oracle_state_rng_buffers_and_test_label_isolation (test_oracle.OracleTest.test_oracle_state_rng_buffers_and_test_label_isolation) ... ok
test_original_indices_counts_and_exclusion (test_owner_probe.OwnerProbeTest.test_original_indices_counts_and_exclusion) ... ok
test_owner_fit_state_and_test_label_isolation (test_owner_probe.OwnerProbeTest.test_owner_fit_state_and_test_label_isolation) ... ok
test_final_gradient_is_finite_and_side_effect_free (test_paired.PairedTest.test_final_gradient_is_finite_and_side_effect_free) ... ok
test_known_rotation_translation (test_paired.PairedTest.test_known_rotation_translation) ... ok
test_label_blind_selection_and_fit (test_paired.PairedTest.test_label_blind_selection_and_fit) ... ok
test_matched_500_fits_preserve_same_state (test_paired.PairedTest.test_matched_500_fits_preserve_same_state) ... ok
test_pair_breaking_preserves_multiset (test_paired.PairedTest.test_pair_breaking_preserves_multiset) ... ok
test_fixed_cast_and_probe_identity (test_precision.PrecisionTest.test_fixed_cast_and_probe_identity) ... ok
test_invertibility_reconstruction_logits_and_label_isolation (test_precondition.PreconditionTest.test_invertibility_reconstruction_logits_and_label_isolation) ... ok
test_column_permutation_preserves_each_sample (test_relation.RelationTest.test_column_permutation_preserves_each_sample) ... ok
test_orthogonal_translation_invariance (test_relation.RelationTest.test_orthogonal_translation_invariance) ... ok
test_eligible_prediction_and_rejection (test_router.RouterTest.test_eligible_prediction_and_rejection) ... ok
test_loo_and_order_statistic (test_router.RouterTest.test_loo_and_order_statistic) ... ok
test_train_only_isolation_and_label_perturbation (test_router.RouterTest.test_train_only_isolation_and_label_perturbation) ... ok

----------------------------------------------------------------------
Ran 76 tests in 100.525s

OK
Files already downloaded and verified
Files already downloaded and verified
{"mode": "local", "seed": 1, "round": 1, "metrics": {"head": {"seen": 0.18200000301003455, "missing": 0.0, "all": 0.01820000000298023, "macro": 0.018199999909847976}, "cosine": {"seen": 0.29849999845027925, "missing": 0.0, "all": 0.02984999995678663, "macro": 0.02984999995678663}, "l2": {"seen": 0.13450000062584877, "missing": 0.0, "all": 0.01344999996945262, "macro": 0.013449999410659075}}, "elapsed": 14.241921424865723}
{"mode": "local", "seed": 1, "round": 2, "metrics": {"head": {"seen": 0.3023999989032745, "missing": 0.0, "all": 0.03024000059813261, "macro": 0.03024000059813261}, "cosine": {"seen": 0.31859999895095825, "missing": 0.0, "all": 0.03186000026762485, "macro": 0.03186000008136034}, "l2": {"seen": 0.3267999976873398, "missing": 0.0, "all": 0.03268000073730946, "macro": 0.03267999887466431}}, "elapsed": 27.604573249816895}
{"mode": "local", "seed": 1, "round": 3, "metrics": {"head": {"seen": 0.3543999999761581, "missing": 0.0, "all": 0.035440000146627425, "macro": 0.03544000070542097}, "cosine": {"seen": 0.3557999968528748, "missing": 0.0, "all": 0.03558000046759844, "macro": 0.03557999935001135}, "l2": {"seen": 0.37369999587535857, "missing": 0.0, "all": 0.03737000059336424, "macro": 0.037370001152157786}}, "elapsed": 41.487101554870605}
{"mode": "local", "seed": 1, "round": 4, "metrics": {"head": {"seen": 0.3941000014543533, "missing": 0.0, "all": 0.03940999992191792, "macro": 0.03940999954938888}, "cosine": {"seen": 0.37690000236034393, "missing": 0.0, "all": 0.037689999863505366, "macro": 0.03769000060856342}, "l2": {"seen": 0.3979999959468842, "missing": 0.0, "all": 0.03979999963194132, "macro": 0.03980000037699938}}, "elapsed": 55.45811986923218}
{"mode": "local", "seed": 1, "round": 5, "metrics": {"head": {"seen": 0.4174999982118607, "missing": 0.0, "all": 0.04174999985843897, "macro": 0.041750000230968}, "cosine": {"seen": 0.3917000025510788, "missing": 0.0, "all": 0.03916999977082014, "macro": 0.039169999212026595}, "l2": {"seen": 0.41239999830722807, "missing": 0.0, "all": 0.04123999997973442, "macro": 0.04124000072479248}}, "elapsed": 69.1535062789917}
{"mode": "local", "seed": 1, "round": 6, "metrics": {"head": {"seen": 0.4546999990940094, "missing": 0.0, "all": 0.04547000005841255, "macro": 0.045469998568296435}, "cosine": {"seen": 0.4141999989748001, "missing": 0.0, "all": 0.04141999986022711, "macro": 0.04142000004649162}, "l2": {"seen": 0.43199999928474425, "missing": 0.0, "all": 0.04320000000298023, "macro": 0.04320000000298023}}, "elapsed": 82.89834070205688}
{"mode": "local", "seed": 1, "round": 7, "metrics": {"head": {"seen": 0.475900000333786, "missing": 0.0, "all": 0.04759000055491924, "macro": 0.047589998692274094}, "cosine": {"seen": 0.43419999778270724, "missing": 0.0, "all": 0.04342000037431717, "macro": 0.04341999962925911}, "l2": {"seen": 0.44479999542236326, "missing": 0.0, "all": 0.044480000436306, "macro": 0.04447999969124794}}, "elapsed": 96.58267092704773}
{"mode": "local", "seed": 1, "round": 8, "metrics": {"head": {"seen": 0.4843000084161758, "missing": 0.0, "all": 0.048430000245571134, "macro": 0.04842999950051308}, "cosine": {"seen": 0.4462999999523163, "missing": 0.0, "all": 0.0446299996227026, "macro": 0.04462999887764454}, "l2": {"seen": 0.4561000019311905, "missing": 0.0, "all": 0.04560999982059002, "macro": 0.04560999982059002}}, "elapsed": 110.52416729927063}
{"mode": "local", "seed": 1, "round": 9, "metrics": {"head": {"seen": 0.49220000207424164, "missing": 0.0, "all": 0.04921999983489513, "macro": 0.049219999089837076}, "cosine": {"seen": 0.45879999697208407, "missing": 0.0, "all": 0.045880000665783884, "macro": 0.04587999954819679}, "l2": {"seen": 0.4666000008583069, "missing": 0.0, "all": 0.04666000008583069, "macro": 0.04666000008583069}}, "elapsed": 124.33872056007385}
{"mode": "local", "seed": 1, "round": 10, "metrics": {"head": {"seen": 0.5122000008821488, "missing": 0.0, "all": 0.05122000016272068, "macro": 0.05121999979019165}, "cosine": {"seen": 0.46509999930858614, "missing": 0.0, "all": 0.046509999781847, "macro": 0.04651000052690506}, "l2": {"seen": 0.47480000257492067, "missing": 0.0, "all": 0.04748000018298626, "macro": 0.047480000928044316}}, "elapsed": 138.12724351882935}
Files already downloaded and verified
Files already downloaded and verified
{"mode": "fedproto", "seed": 1, "round": 1, "metrics": {"head": {"seen": 0.18200000301003455, "missing": 0.0, "all": 0.01820000000298023, "macro": 0.018199999909847976}, "cosine": {"seen": 0.29849999845027925, "missing": 0.0, "all": 0.02984999995678663, "macro": 0.02984999995678663}, "l2": {"seen": 0.13450000062584877, "missing": 0.0, "all": 0.01344999996945262, "macro": 0.013449999410659075}}, "elapsed": 14.22849178314209}
{"mode": "fedproto", "seed": 1, "round": 2, "metrics": {"head": {"seen": 0.3158999979496002, "missing": 0.0, "all": 0.031590001098811625, "macro": 0.03159000016748905}, "cosine": {"seen": 0.32039999663829805, "missing": 0.0, "all": 0.032039999589324, "macro": 0.032040000334382056}, "l2": {"seen": 0.3433000028133392, "missing": 0.0, "all": 0.03433000054210424, "macro": 0.034330000169575214}}, "elapsed": 27.582173585891724}
{"mode": "fedproto", "seed": 1, "round": 3, "metrics": {"head": {"seen": 0.361599999666214, "missing": 0.0, "all": 0.03616000059992075, "macro": 0.03615999985486269}, "cosine": {"seen": 0.3648000001907349, "missing": 0.0, "all": 0.03648000005632639, "macro": 0.036479999870061876}, "l2": {"seen": 0.38860000371932985, "missing": 0.0, "all": 0.03886000029742718, "macro": 0.038859999366104604}}, "elapsed": 39.11206388473511}
{"mode": "fedproto", "seed": 1, "round": 4, "metrics": {"head": {"seen": 0.4003000020980835, "missing": 0.0, "all": 0.04003000035881996, "macro": 0.040029999986290934}, "cosine": {"seen": 0.39300000071525576, "missing": 0.0, "all": 0.03930000029504299, "macro": 0.039299999736249445}, "l2": {"seen": 0.4137000054121017, "missing": 0.0, "all": 0.04136999994516373, "macro": 0.041369999200105666}}, "elapsed": 52.002636432647705}
{"mode": "fedproto", "seed": 1, "round": 5, "metrics": {"head": {"seen": 0.4202999949455261, "missing": 0.0, "all": 0.04203000012785196, "macro": 0.04203000012785196}, "cosine": {"seen": 0.4064000010490417, "missing": 0.0, "all": 0.04063999988138676, "macro": 0.04063999801874161}, "l2": {"seen": 0.4305999994277954, "missing": 0.0, "all": 0.04305999986827373, "macro": 0.04306000024080277}}, "elapsed": 62.8460910320282}
{"mode": "fedproto", "seed": 1, "round": 6, "metrics": {"head": {"seen": 0.45610001087188723, "missing": 0.0, "all": 0.04561000056564808, "macro": 0.045610000193119046}, "cosine": {"seen": 0.4380999982357025, "missing": 0.0, "all": 0.04380999989807606, "macro": 0.04380999840795994}, "l2": {"seen": 0.45719999372959136, "missing": 0.0, "all": 0.04572000056505203, "macro": 0.045720000192523}}, "elapsed": 75.73407578468323}
{"mode": "fedproto", "seed": 1, "round": 7, "metrics": {"head": {"seen": 0.4769999921321869, "missing": 0.0, "all": 0.04770000018179417, "macro": 0.04769999906420708}, "cosine": {"seen": 0.46629999577999115, "missing": 0.0, "all": 0.046630000323057176, "macro": 0.04662999995052815}, "l2": {"seen": 0.47539999783039094, "missing": 0.0, "all": 0.047540000081062316, "macro": 0.04754000119864941}}, "elapsed": 88.66332077980042}
{"mode": "fedproto", "seed": 1, "round": 8, "metrics": {"head": {"seen": 0.48640000224113467, "missing": 0.0, "all": 0.04864000007510185, "macro": 0.048639998957514766}, "cosine": {"seen": 0.475, "missing": 0.0, "all": 0.04750000014901161, "macro": 0.047499998658895495}, "l2": {"seen": 0.4889999985694885, "missing": 0.0, "all": 0.048900000378489496, "macro": 0.04889999963343143}}, "elapsed": 101.58993673324585}
{"mode": "fedproto", "seed": 1, "round": 9, "metrics": {"head": {"seen": 0.49669999778270724, "missing": 0.0, "all": 0.04966999925673008, "macro": 0.04966999813914299}, "cosine": {"seen": 0.4879999965429306, "missing": 0.0, "all": 0.04880000054836273, "macro": 0.048800000175833705}, "l2": {"seen": 0.4964000016450882, "missing": 0.0, "all": 0.04963999949395657, "macro": 0.049639999866485596}}, "elapsed": 114.5654525756836}
{"mode": "fedproto", "seed": 1, "round": 10, "metrics": {"head": {"seen": 0.5185999989509582, "missing": 0.0, "all": 0.05186000019311905, "macro": 0.051859999820590016}, "cosine": {"seen": 0.49380000233650206, "missing": 0.0, "all": 0.049380000308156015, "macro": 0.049379998818039894}, "l2": {"seen": 0.5050000071525573, "missing": 0.0, "all": 0.05050000064074993, "macro": 0.05049999989569187}}, "elapsed": 127.46508622169495}
Files already downloaded and verified
Files already downloaded and verified
{"mode": "fedgh", "seed": 1, "round": 1, "metrics": {"cosine": {"seen": 0.29849999845027925, "missing": 0.0, "all": 0.02984999995678663, "macro": 0.02984999995678663}, "l2": {"seen": 0.13450000062584877, "missing": 0.0, "all": 0.01344999996945262, "macro": 0.013449999410659075}, "local_head_pre_server": {"seen": 0.18200000301003455, "missing": 0.0, "all": 0.01820000000298023, "macro": 0.018199999909847976}, "global_head_post_server": {"seen": 0.17200000062584878, "missing": 0.0, "all": 0.017200000397861005, "macro": 0.01720000021159649}}, "elapsed": 17.113990306854248}
{"mode": "fedgh", "seed": 1, "round": 2, "metrics": {"cosine": {"seen": 0.31260000020265577, "missing": 0.0, "all": 0.031259999983012675, "macro": 0.03125999923795462}, "l2": {"seen": 0.3170999988913536, "missing": 0.0, "all": 0.03170999977737665, "macro": 0.0317100003361702}, "local_head_pre_server": {"seen": 0.2879000023007393, "missing": 0.0, "all": 0.02879000026732683, "macro": 0.028789999708533288}, "global_head_post_server": {"seen": 0.12130000218749046, "missing": 0.0, "all": 0.012129999976605178, "macro": 0.012129999790340662}}, "elapsed": 32.88106060028076}
{"mode": "fedgh", "seed": 1, "round": 3, "metrics": {"cosine": {"seen": 0.34830000400543215, "missing": 0.0, "all": 0.03483000006526708, "macro": 0.03483000043779612}, "l2": {"seen": 0.3671999961137772, "missing": 0.0, "all": 0.036720000021159646, "macro": 0.03671999964863062}, "local_head_pre_server": {"seen": 0.3247999995946884, "missing": 0.0, "all": 0.03248000014573336, "macro": 0.03248000033199787}, "global_head_post_server": {"seen": 0.1675000011920929, "missing": 0.0, "all": 0.016749999858438967, "macro": 0.016750000230968}}, "elapsed": 47.81223797798157}
{"mode": "fedgh", "seed": 1, "round": 4, "metrics": {"cosine": {"seen": 0.37110000252723696, "missing": 0.0, "all": 0.03710999991744757, "macro": 0.03710999917238951}, "l2": {"seen": 0.3906000018119812, "missing": 0.0, "all": 0.039059999585151675, "macro": 0.03905999939888716}, "local_head_pre_server": {"seen": 0.3673000007867813, "missing": 0.0, "all": 0.03673000056296587, "macro": 0.03673000000417233}, "global_head_post_server": {"seen": 0.19820000156760215, "missing": 0.0, "all": 0.019820000138133766, "macro": 0.019819999765604734}}, "elapsed": 64.10240983963013}
{"mode": "fedgh", "seed": 1, "round": 5, "metrics": {"cosine": {"seen": 0.38559999465942385, "missing": 0.0, "all": 0.03856000043451786, "macro": 0.03856000006198883}, "l2": {"seen": 0.4023000031709671, "missing": 0.0, "all": 0.040230000205338, "macro": 0.04023000001907349}, "local_head_pre_server": {"seen": 0.37840000092983245, "missing": 0.0, "all": 0.03784000035375357, "macro": 0.03784000016748905}, "global_head_post_server": {"seen": 0.21219999790191652, "missing": 0.0, "all": 0.021220000088214876, "macro": 0.021219999901950358}}, "elapsed": 76.6720130443573}
{"mode": "fedgh", "seed": 1, "round": 6, "metrics": {"cosine": {"seen": 0.40960000157356263, "missing": 0.0, "all": 0.04096000008285046, "macro": 0.040960000827908516}, "l2": {"seen": 0.42239999771118164, "missing": 0.0, "all": 0.04223999958485365, "macro": 0.04224000126123428}, "local_head_pre_server": {"seen": 0.41579999923706057, "missing": 0.0, "all": 0.041580000147223475, "macro": 0.04157999996095896}, "global_head_post_server": {"seen": 0.2224999986588955, "missing": 0.0, "all": 0.022250000201165677, "macro": 0.022249999456107616}}, "elapsed": 90.24061727523804}
{"mode": "fedgh", "seed": 1, "round": 7, "metrics": {"cosine": {"seen": 0.42850000262260435, "missing": 0.0, "all": 0.04285000003874302, "macro": 0.0428499985486269}, "l2": {"seen": 0.43849999606609347, "missing": 0.0, "all": 0.043850000202655795, "macro": 0.04384999983012676}, "local_head_pre_server": {"seen": 0.4394999980926514, "missing": 0.0, "all": 0.04395000003278256, "macro": 0.043949998915195465}, "global_head_post_server": {"seen": 0.2320000059902668, "missing": 0.0, "all": 0.023200000077486037, "macro": 0.023199999518692494}}, "elapsed": 102.33376407623291}
{"mode": "fedgh", "seed": 1, "round": 8, "metrics": {"cosine": {"seen": 0.44479999542236326, "missing": 0.0, "all": 0.044480000436306, "macro": 0.04448000118136406}, "l2": {"seen": 0.45, "missing": 0.0, "all": 0.04500000029802322, "macro": 0.044999999925494194}, "local_head_pre_server": {"seen": 0.4283000022172928, "missing": 0.0, "all": 0.042830000072717665, "macro": 0.04282999970018864}, "global_head_post_server": {"seen": 0.23649999871850014, "missing": 0.0, "all": 0.023650000151246787, "macro": 0.0236500003375113}}, "elapsed": 116.71274089813232}
{"mode": "fedgh", "seed": 1, "round": 9, "metrics": {"cosine": {"seen": 0.4544000029563904, "missing": 0.0, "all": 0.04544000066816807, "macro": 0.04543999955058098}, "l2": {"seen": 0.4639000028371811, "missing": 0.0, "all": 0.04638999961316585, "macro": 0.046390000730752945}, "local_head_pre_server": {"seen": 0.444200000166893, "missing": 0.0, "all": 0.044419999793171884, "macro": 0.044419999420642856}, "global_head_post_server": {"seen": 0.2442000016570091, "missing": 0.0, "all": 0.024419999588280915, "macro": 0.024419999588280915}}, "elapsed": 130.23904538154602}
/home/wenchang/asdasdsad/wjq/PPRTP/releases/20260919-172120-h16b/pprtp/paired.py:43: UserWarning: torch.linalg.svd: During SVD computation with the selected cusolver driver, batches 0 failed to converge. A more accurate method will be used to compute the SVD as a fallback. Check doc at https://pytorch.org/docs/stable/generated/torch.linalg.svd.html (Triggered internally at ../aten/src/ATen/native/cuda/linalg/BatchLinearAlgebraLib.cpp:697.)
  u,s,vh=torch.linalg.svd(xc.T@yc,full_matrices=False)
{"mode": "fedgh", "seed": 1, "round": 10, "metrics": {"cosine": {"seen": 0.4620000034570694, "missing": 0.0, "all": 0.04619999974966049, "macro": 0.046199999004602435}, "l2": {"seen": 0.466200003027916, "missing": 0.0, "all": 0.046619999781250955, "macro": 0.046620000153779984}, "local_head_pre_server": {"seen": 0.4649000018835068, "missing": 0.0, "all": 0.04649000018835068, "macro": 0.046489999443292615}, "global_head_post_server": {"seen": 0.25340000092983245, "missing": 0.0, "all": 0.02533999988809228, "macro": 0.02533999951556325}}, "elapsed": 302.0286681652069}
Files already downloaded and verified
Files already downloaded and verified
{"mode": "fedavg", "seed": 1, "round": 1, "metrics": {"head": {"seen": 0.18200000301003455, "missing": 0.0, "all": 0.01820000000298023, "macro": 0.018199999909847976}, "cosine": {"seen": 0.29849999845027925, "missing": 0.0, "all": 0.02984999995678663, "macro": 0.02984999995678663}, "l2": {"seen": 0.13450000062584877, "missing": 0.0, "all": 0.01344999996945262, "macro": 0.013449999410659075}, "global_model_post_server": {"seen": 0.01009999968810007, "missing": 0.010099999792873859, "all": 0.010099999606609344, "macro": 0.010099999606609344}}, "elapsed": 14.094375610351562}
{"mode": "fedavg", "seed": 1, "round": 2, "metrics": {"head": {"seen": 0.2765000030398369, "missing": 0.0, "all": 0.027649999782443046, "macro": 0.027650000154972078}, "cosine": {"seen": 0.30689999759197234, "missing": 0.0, "all": 0.03069000020623207, "macro": 0.03068999946117401}, "l2": {"seen": 0.3158000007271767, "missing": 0.0, "all": 0.03158000037074089, "macro": 0.031580000184476376}, "global_model_post_server": {"seen": 0.026900000346358865, "missing": 0.026900000125169753, "all": 0.026900000870227814, "macro": 0.026900000870227814}}, "elapsed": 28.307733297348022}
{"mode": "fedavg", "seed": 1, "round": 3, "metrics": {"head": {"seen": 0.301699997484684, "missing": 0.0, "all": 0.030169999971985818, "macro": 0.030170000717043878}, "cosine": {"seen": 0.3324999988079071, "missing": 0.0, "all": 0.033250000514090064, "macro": 0.033250000514090064}, "l2": {"seen": 0.3499000042676926, "missing": 0.0, "all": 0.03499000016599894, "macro": 0.03499000016599894}, "global_model_post_server": {"seen": 0.05410000048577786, "missing": 0.054099999740719794, "all": 0.054099999368190765, "macro": 0.054099999368190765}}, "elapsed": 45.1389594078064}
{"mode": "fedavg", "seed": 1, "round": 4, "metrics": {"head": {"seen": 0.3260999992489815, "missing": 0.0, "all": 0.032609999552369116, "macro": 0.03261000029742718}, "cosine": {"seen": 0.3399999961256981, "missing": 0.0, "all": 0.034000000730156896, "macro": 0.03399999924004078}, "l2": {"seen": 0.35990000069141387, "missing": 0.0, "all": 0.035989999771118164, "macro": 0.035989999584853646}, "global_model_post_server": {"seen": 0.06629999969154596, "missing": 0.06630000025033951, "all": 0.06629999727010727, "macro": 0.06629999727010727}}, "elapsed": 57.65686011314392}
{"mode": "fedavg", "seed": 1, "round": 5, "metrics": {"head": {"seen": 0.3337999999523163, "missing": 0.0, "all": 0.03338000047951937, "macro": 0.03337999992072582}, "cosine": {"seen": 0.34299999475479126, "missing": 0.0, "all": 0.03430000022053718, "macro": 0.034299999848008154}, "l2": {"seen": 0.3669999986886978, "missing": 0.0, "all": 0.036700000427663325, "macro": 0.03670000117272139}, "global_model_post_server": {"seen": 0.07500000037252903, "missing": 0.075, "all": 0.07500000298023224, "macro": 0.07500000298023224}}, "elapsed": 73.36245250701904}
{"mode": "fedavg", "seed": 1, "round": 6, "metrics": {"head": {"seen": 0.3531000018119812, "missing": 0.0, "all": 0.03531000018119812, "macro": 0.03531000018119812}, "cosine": {"seen": 0.35630000233650205, "missing": 0.0, "all": 0.03563000094145537, "macro": 0.03563000001013279}, "l2": {"seen": 0.3747999966144562, "missing": 0.0, "all": 0.03748000022023916, "macro": 0.037479999288916585}, "global_model_post_server": {"seen": 0.08370000012218952, "missing": 0.0836999997496605, "all": 0.08370000123977661, "macro": 0.08369998633861542}}, "elapsed": 89.79493308067322}
{"mode": "fedavg", "seed": 1, "round": 7, "metrics": {"head": {"seen": 0.3739999979734421, "missing": 0.0, "all": 0.037399999983608725, "macro": 0.03740000110119581}, "cosine": {"seen": 0.36229999661445617, "missing": 0.0, "all": 0.03623000029474497, "macro": 0.03623000010848045}, "l2": {"seen": 0.381400004029274, "missing": 0.0, "all": 0.03814000003039837, "macro": 0.0381399990990758}, "global_model_post_server": {"seen": 0.08819999992847442, "missing": 0.08819999918341637, "all": 0.08820000290870667, "macro": 0.08820000290870667}}, "elapsed": 106.04668521881104}
{"mode": "fedavg", "seed": 1, "round": 8, "metrics": {"head": {"seen": 0.3473000004887581, "missing": 0.0, "all": 0.03473000023514032, "macro": 0.03472999893128872}, "cosine": {"seen": 0.3679000049829483, "missing": 0.0, "all": 0.036789999529719355, "macro": 0.03679000064730644}, "l2": {"seen": 0.3851000010967255, "missing": 0.0, "all": 0.03851000014692545, "macro": 0.03850999958813191}, "global_model_post_server": {"seen": 0.09600000008940697, "missing": 0.09600000008940697, "all": 0.09600000083446503, "macro": 0.09599999338388443}}, "elapsed": 123.86193752288818}
{"mode": "fedavg", "seed": 1, "round": 9, "metrics": {"head": {"seen": 0.3608000010251999, "missing": 0.0, "all": 0.0360800001770258, "macro": 0.03607999980449676}, "cosine": {"seen": 0.37799999713897703, "missing": 0.0, "all": 0.03780000004917383, "macro": 0.03779999893158674}, "l2": {"seen": 0.394200000166893, "missing": 0.0, "all": 0.039420000091195104, "macro": 0.03942000046372414}, "global_model_post_server": {"seen": 0.0967000000178814, "missing": 0.09670000150799751, "all": 0.09669999778270721, "macro": 0.09669999778270721}}, "elapsed": 141.55325365066528}
{"mode": "fedavg", "seed": 1, "round": 10, "metrics": {"head": {"seen": 0.36590000092983244, "missing": 0.0, "all": 0.03659000005573034, "macro": 0.036589999496936795}, "cosine": {"seen": 0.38299999535083773, "missing": 0.0, "all": 0.03830000050365925, "macro": 0.038300000317394736}, "l2": {"seen": 0.3981000006198883, "missing": 0.0, "all": 0.03981000017374754, "macro": 0.03981000017374754}, "global_model_post_server": {"seen": 0.10070000104606151, "missing": 0.10069999918341636, "all": 0.1006999984383583, "macro": 0.1006999984383583}}, "elapsed": 157.6665461063385}
Files already downloaded and verified
Files already downloaded and verified
{"mode": "local", "seed": 2, "round": 1, "metrics": {"head": {"seen": 0.17080000191926956, "missing": 0.0, "all": 0.01708000022917986, "macro": 0.01707999985665083}, "cosine": {"seen": 0.27040000110864637, "missing": 0.0, "all": 0.027040000073611736, "macro": 0.027039999701082708}, "l2": {"seen": 0.1482999987900257, "missing": 0.0, "all": 0.014829999953508376, "macro": 0.014829999580979348}}, "elapsed": 14.199196815490723}
{"mode": "local", "seed": 2, "round": 2, "metrics": {"head": {"seen": 0.2664000019431114, "missing": 0.0, "all": 0.026639999821782112, "macro": 0.026639999821782112}, "cosine": {"seen": 0.31790000200271606, "missing": 0.0, "all": 0.03179000001400709, "macro": 0.03179000094532967}, "l2": {"seen": 0.31240000277757646, "missing": 0.0, "all": 0.031240000389516354, "macro": 0.031239999644458293}}, "elapsed": 28.837127685546875}
{"mode": "local", "seed": 2, "round": 3, "metrics": {"head": {"seen": 0.36759999990463255, "missing": 0.0, "all": 0.03676000013947487, "macro": 0.03675999883562327}, "cosine": {"seen": 0.35069999992847445, "missing": 0.0, "all": 0.03507000021636486, "macro": 0.035069999657571314}, "l2": {"seen": 0.37080000042915345, "missing": 0.0, "all": 0.03708000015467405, "macro": 0.03708000015467405}}, "elapsed": 40.76301121711731}
{"mode": "local", "seed": 2, "round": 4, "metrics": {"head": {"seen": 0.3922000050544739, "missing": 0.0, "all": 0.03922000024467707, "macro": 0.039220000803470614}, "cosine": {"seen": 0.3757000058889389, "missing": 0.0, "all": 0.03757000006735325, "macro": 0.037569999881088736}, "l2": {"seen": 0.3963000029325485, "missing": 0.0, "all": 0.03963000010699034, "macro": 0.039629999361932275}}, "elapsed": 50.5947642326355}
{"mode": "local", "seed": 2, "round": 5, "metrics": {"head": {"seen": 0.4221000075340271, "missing": 0.0, "all": 0.04221000000834465, "macro": 0.04221000075340271}, "cosine": {"seen": 0.39359999895095826, "missing": 0.0, "all": 0.03936000019311905, "macro": 0.03935999982059002}, "l2": {"seen": 0.41200000047683716, "missing": 0.0, "all": 0.04120000004768372, "macro": 0.041199999302625655}}, "elapsed": 59.25218749046326}
{"mode": "local", "seed": 2, "round": 6, "metrics": {"head": {"seen": 0.4596000015735626, "missing": 0.0, "all": 0.04596000015735626, "macro": 0.04595999866724014}, "cosine": {"seen": 0.4139000028371811, "missing": 0.0, "all": 0.04139000028371811, "macro": 0.04139000028371811}, "l2": {"seen": 0.43149999976158143, "missing": 0.0, "all": 0.043150000646710394, "macro": 0.043149999156594274}}, "elapsed": 66.18117332458496}
{"mode": "local", "seed": 2, "round": 7, "metrics": {"head": {"seen": 0.48030000030994413, "missing": 0.0, "all": 0.048030000552535056, "macro": 0.04802999943494797}, "cosine": {"seen": 0.4305999994277954, "missing": 0.0, "all": 0.04306000024080277, "macro": 0.043059999495744704}, "l2": {"seen": 0.4467999994754791, "missing": 0.0, "all": 0.044679999351501465, "macro": 0.04467999972403049}}, "elapsed": 78.52409625053406}
{"mode": "local", "seed": 2, "round": 8, "metrics": {"head": {"seen": 0.48379999995231626, "missing": 0.0, "all": 0.04838000051677227, "macro": 0.04837999977171421}, "cosine": {"seen": 0.44370000064373016, "missing": 0.0, "all": 0.044370000064373014, "macro": 0.044370000064373014}, "l2": {"seen": 0.4594999969005585, "missing": 0.0, "all": 0.04594999998807907, "macro": 0.04595000073313713}}, "elapsed": 92.04643225669861}
{"mode": "local", "seed": 2, "round": 9, "metrics": {"head": {"seen": 0.5092000067234039, "missing": 0.0, "all": 0.050919999554753306, "macro": 0.05091999918222427}, "cosine": {"seen": 0.4650000035762787, "missing": 0.0, "all": 0.04650000035762787, "macro": 0.04649999961256981}, "l2": {"seen": 0.470100000500679, "missing": 0.0, "all": 0.047010000050067904, "macro": 0.04701000042259693}}, "elapsed": 105.67920112609863}
{"mode": "local", "seed": 2, "round": 10, "metrics": {"head": {"seen": 0.5263000011444092, "missing": 0.0, "all": 0.052629999443888666, "macro": 0.052629999443888666}, "cosine": {"seen": 0.4690999984741211, "missing": 0.0, "all": 0.04690999984741211, "macro": 0.04690999947488308}, "l2": {"seen": 0.4769000023603439, "missing": 0.0, "all": 0.04769000001251698, "macro": 0.04768999963998795}}, "elapsed": 119.77108526229858}
Files already downloaded and verified
Files already downloaded and verified
{"mode": "fedproto", "seed": 2, "round": 1, "metrics": {"head": {"seen": 0.17080000191926956, "missing": 0.0, "all": 0.01708000022917986, "macro": 0.01707999985665083}, "cosine": {"seen": 0.27040000110864637, "missing": 0.0, "all": 0.027040000073611736, "macro": 0.027039999701082708}, "l2": {"seen": 0.1482999987900257, "missing": 0.0, "all": 0.014829999953508376, "macro": 0.014829999580979348}}, "elapsed": 14.528079509735107}
{"mode": "fedproto", "seed": 2, "round": 2, "metrics": {"head": {"seen": 0.3057999938726425, "missing": 0.0, "all": 0.030580000206828117, "macro": 0.030579999834299088}, "cosine": {"seen": 0.32470000088214873, "missing": 0.0, "all": 0.032470000348985194, "macro": 0.03246999904513359}, "l2": {"seen": 0.3330000013113022, "missing": 0.0, "all": 0.033300000429153445, "macro": 0.033299998566508296}}, "elapsed": 29.179240226745605}
{"mode": "fedproto", "seed": 2, "round": 3, "metrics": {"head": {"seen": 0.3703000009059906, "missing": 0.0, "all": 0.037030000053346154, "macro": 0.03703000023961067}, "cosine": {"seen": 0.36339999735355377, "missing": 0.0, "all": 0.03633999992161989, "macro": 0.03633999954909086}, "l2": {"seen": 0.3891999959945679, "missing": 0.0, "all": 0.03892000000923872, "macro": 0.03891999963670969}}, "elapsed": 43.43174505233765}
{"mode": "fedproto", "seed": 2, "round": 4, "metrics": {"head": {"seen": 0.39900000393390656, "missing": 0.0, "all": 0.03989999983459711, "macro": 0.03989999983459711}, "cosine": {"seen": 0.388400000333786, "missing": 0.0, "all": 0.03883999977260828, "macro": 0.03884000014513731}, "l2": {"seen": 0.41449999809265137, "missing": 0.0, "all": 0.041450000181794164, "macro": 0.041449999623000625}}, "elapsed": 57.98590159416199}
{"mode": "fedproto", "seed": 2, "round": 5, "metrics": {"head": {"seen": 0.42930000126361845, "missing": 0.0, "all": 0.0429299995303154, "macro": 0.0429299995303154}, "cosine": {"seen": 0.41389999687671664, "missing": 0.0, "all": 0.04139000102877617, "macro": 0.041390000656247136}, "l2": {"seen": 0.42930000126361845, "missing": 0.0, "all": 0.04292999990284443, "macro": 0.04293000064790249}}, "elapsed": 72.53633904457092}
{"mode": "fedproto", "seed": 2, "round": 6, "metrics": {"head": {"seen": 0.46289999783039093, "missing": 0.0, "all": 0.046290000155568126, "macro": 0.046289998292922976}, "cosine": {"seen": 0.43750000596046446, "missing": 0.0, "all": 0.04374999962747097, "macro": 0.04374999925494194}, "l2": {"seen": 0.45389999747276305, "missing": 0.0, "all": 0.04539000056684017, "macro": 0.04539000056684017}}, "elapsed": 86.4993269443512}
{"mode": "fedproto", "seed": 2, "round": 7, "metrics": {"head": {"seen": 0.4825999975204468, "missing": 0.0, "all": 0.048259999975562094, "macro": 0.04825999923050404}, "cosine": {"seen": 0.4604999989271164, "missing": 0.0, "all": 0.046050000563263895, "macro": 0.046050000563263895}, "l2": {"seen": 0.4678000032901764, "missing": 0.0, "all": 0.046780000627040866, "macro": 0.04678000025451183}}, "elapsed": 99.51557445526123}
{"mode": "fedproto", "seed": 2, "round": 8, "metrics": {"head": {"seen": 0.4875999987125397, "missing": 0.0, "all": 0.048760000243783, "macro": 0.04876000061631203}, "cosine": {"seen": 0.47580000162124636, "missing": 0.0, "all": 0.04757999964058399, "macro": 0.04758000075817108}, "l2": {"seen": 0.48550000190734866, "missing": 0.0, "all": 0.04855000041425228, "macro": 0.048549999669194224}}, "elapsed": 113.19568991661072}
{"mode": "fedproto", "seed": 2, "round": 9, "metrics": {"head": {"seen": 0.5162000000476837, "missing": 0.0, "all": 0.05161999985575676, "macro": 0.05161999873816967}, "cosine": {"seen": 0.4956999957561493, "missing": 0.0, "all": 0.049570000171661376, "macro": 0.049570000544190404}, "l2": {"seen": 0.4960999995470047, "missing": 0.0, "all": 0.04961000010371208, "macro": 0.04961000047624111}}, "elapsed": 128.55822706222534}
{"mode": "fedproto", "seed": 2, "round": 10, "metrics": {"head": {"seen": 0.5358999997377396, "missing": 0.0, "all": 0.053590000793337825, "macro": 0.05359000004827976}, "cosine": {"seen": 0.5076999962329865, "missing": 0.0, "all": 0.050769999995827673, "macro": 0.05077000074088574}, "l2": {"seen": 0.5141000002622604, "missing": 0.0, "all": 0.05140999965369701, "macro": 0.051410000398755075}}, "elapsed": 144.18640995025635}
Files already downloaded and verified
Files already downloaded and verified
{"mode": "fedgh", "seed": 2, "round": 1, "metrics": {"cosine": {"seen": 0.27040000110864637, "missing": 0.0, "all": 0.027040000073611736, "macro": 0.027039999701082708}, "l2": {"seen": 0.1482999987900257, "missing": 0.0, "all": 0.014829999953508376, "macro": 0.014829999580979348}, "local_head_pre_server": {"seen": 0.17080000191926956, "missing": 0.0, "all": 0.01708000022917986, "macro": 0.01707999985665083}, "global_head_post_server": {"seen": 0.1546999990940094, "missing": 0.0, "all": 0.015469999890774489, "macro": 0.015469999983906746}}, "elapsed": 16.918997287750244}
{"mode": "fedgh", "seed": 2, "round": 2, "metrics": {"cosine": {"seen": 0.31140000075101854, "missing": 0.0, "all": 0.03114000055938959, "macro": 0.031140000186860563}, "l2": {"seen": 0.3029000014066696, "missing": 0.0, "all": 0.030289999954402447, "macro": 0.030289999768137933}, "local_head_pre_server": {"seen": 0.23569999933242797, "missing": 0.0, "all": 0.02357000019401312, "macro": 0.023569999355822803}, "global_head_post_server": {"seen": 0.11160000041127205, "missing": 0.0, "all": 0.01115999985486269, "macro": 0.011159999761730433}}, "elapsed": 32.66068077087402}
{"mode": "fedgh", "seed": 2, "round": 3, "metrics": {"cosine": {"seen": 0.3414000004529953, "missing": 0.0, "all": 0.034140000119805336, "macro": 0.03413999974727631}, "l2": {"seen": 0.35910000205039977, "missing": 0.0, "all": 0.03591000009328127, "macro": 0.035909998789429666}, "local_head_pre_server": {"seen": 0.3427000015974045, "missing": 0.0, "all": 0.03426999971270561, "macro": 0.03426999971270561}, "global_head_post_server": {"seen": 0.16109999939799308, "missing": 0.0, "all": 0.01611000020056963, "macro": 0.01611000010743737}}, "elapsed": 50.272815465927124}
{"mode": "fedgh", "seed": 2, "round": 4, "metrics": {"cosine": {"seen": 0.3665000021457672, "missing": 0.0, "all": 0.0366499999538064, "macro": 0.03665000032633543}, "l2": {"seen": 0.3844999998807907, "missing": 0.0, "all": 0.03845000062137842, "macro": 0.03845000006258488}, "local_head_pre_server": {"seen": 0.36379999816417696, "missing": 0.0, "all": 0.03638000041246414, "macro": 0.03638000078499317}, "global_head_post_server": {"seen": 0.18390000090003014, "missing": 0.0, "all": 0.01839000014588237, "macro": 0.018389999773353337}}, "elapsed": 67.74851202964783}
{"mode": "fedgh", "seed": 2, "round": 5, "metrics": {"cosine": {"seen": 0.38700000047683714, "missing": 0.0, "all": 0.038699999824166297, "macro": 0.038700000010430814}, "l2": {"seen": 0.39970000088214874, "missing": 0.0, "all": 0.039969999343156815, "macro": 0.039970000833272935}, "local_head_pre_server": {"seen": 0.38299999535083773, "missing": 0.0, "all": 0.03830000050365925, "macro": 0.0382999986410141}, "global_head_post_server": {"seen": 0.19990000277757644, "missing": 0.0, "all": 0.019989999942481518, "macro": 0.01999000022187829}}, "elapsed": 85.28350257873535}
{"mode": "fedgh", "seed": 2, "round": 6, "metrics": {"cosine": {"seen": 0.4026000052690506, "missing": 0.0, "all": 0.04025999996811151, "macro": 0.04025999885052443}, "l2": {"seen": 0.4159000039100647, "missing": 0.0, "all": 0.04158999994397163, "macro": 0.04158999994397163}, "local_head_pre_server": {"seen": 0.4206000030040741, "missing": 0.0, "all": 0.042060000076889995, "macro": 0.0420599989593029}, "global_head_post_server": {"seen": 0.20979999974370003, "missing": 0.0, "all": 0.020980000123381616, "macro": 0.020980000030249357}}, "elapsed": 103.01414966583252}
{"mode": "fedgh", "seed": 2, "round": 7, "metrics": {"cosine": {"seen": 0.42399999797344207, "missing": 0.0, "all": 0.042400000244379045, "macro": 0.042399998754262924}, "l2": {"seen": 0.43210000097751616, "missing": 0.0, "all": 0.043209999799728394, "macro": 0.0432099986821413}, "local_head_pre_server": {"seen": 0.44549999833106996, "missing": 0.0, "all": 0.04454999975860119, "macro": 0.04455000013113022}, "global_head_post_server": {"seen": 0.22110000029206275, "missing": 0.0, "all": 0.022109999880194665, "macro": 0.02211000006645918}}, "elapsed": 120.7836697101593}
{"mode": "fedgh", "seed": 2, "round": 8, "metrics": {"cosine": {"seen": 0.4419999986886978, "missing": 0.0, "all": 0.044199999794363974, "macro": 0.04420000053942204}, "l2": {"seen": 0.4470000028610229, "missing": 0.0, "all": 0.04470000006258488, "macro": 0.04470000006258488}, "local_head_pre_server": {"seen": 0.45000000298023224, "missing": 0.0, "all": 0.04500000067055225, "macro": 0.045000001415610315}, "global_head_post_server": {"seen": 0.23400000035762786, "missing": 0.0, "all": 0.02339999992400408, "macro": 0.023400000110268594}}, "elapsed": 138.42257642745972}
{"mode": "fedgh", "seed": 2, "round": 9, "metrics": {"cosine": {"seen": 0.4569000005722046, "missing": 0.0, "all": 0.04569000005722046, "macro": 0.04568999856710434}, "l2": {"seen": 0.45990000367164613, "missing": 0.0, "all": 0.045989999920129775, "macro": 0.045989999920129775}, "local_head_pre_server": {"seen": 0.47190000414848327, "missing": 0.0, "all": 0.047190000489354136, "macro": 0.04719000123441219}, "global_head_post_server": {"seen": 0.24440000131726264, "missing": 0.0, "all": 0.02444000020623207, "macro": 0.02444000020623207}}, "elapsed": 154.89112830162048}
{"mode": "fedgh", "seed": 2, "round": 10, "metrics": {"cosine": {"seen": 0.46330000162124635, "missing": 0.0, "all": 0.04632999934256077, "macro": 0.046330000087618825}, "l2": {"seen": 0.4689999967813492, "missing": 0.0, "all": 0.04689999967813492, "macro": 0.04690000005066395}, "local_head_pre_server": {"seen": 0.49270000755786897, "missing": 0.0, "all": 0.04927000030875206, "macro": 0.04926999993622303}, "global_head_post_server": {"seen": 0.24719999879598617, "missing": 0.0, "all": 0.024719999730587007, "macro": 0.024720000196248294}}, "elapsed": 316.23562502861023}
Files already downloaded and verified
Files already downloaded and verified
{"mode": "fedavg", "seed": 2, "round": 1, "metrics": {"head": {"seen": 0.17080000191926956, "missing": 0.0, "all": 0.01708000022917986, "macro": 0.01707999985665083}, "cosine": {"seen": 0.27040000110864637, "missing": 0.0, "all": 0.027040000073611736, "macro": 0.027039999701082708}, "l2": {"seen": 0.1482999987900257, "missing": 0.0, "all": 0.014829999953508376, "macro": 0.014829999580979348}, "global_model_post_server": {"seen": 0.009999999753199517, "missing": 0.010000000176660251, "all": 0.009999999776482582, "macro": 0.009999999776482582}}, "elapsed": 17.934046268463135}
{"mode": "fedavg", "seed": 2, "round": 2, "metrics": {"head": {"seen": 0.20859999656677247, "missing": 0.0, "all": 0.020860000047832727, "macro": 0.02086000023409724}, "cosine": {"seen": 0.29219999760389326, "missing": 0.0, "all": 0.02922000028192997, "macro": 0.02921999953687191}, "l2": {"seen": 0.2795000016689301, "missing": 0.0, "all": 0.02794999983161688, "macro": 0.02794999983161688}, "global_model_post_server": {"seen": 0.02430000025779009, "missing": 0.02430000025779009, "all": 0.024299999698996544, "macro": 0.024300001561641693}}, "elapsed": 34.00782346725464}
{"mode": "fedavg", "seed": 2, "round": 3, "metrics": {"head": {"seen": 0.3172999992966652, "missing": 0.0, "all": 0.031730000674724576, "macro": 0.03172999992966652}, "cosine": {"seen": 0.31919999718666076, "missing": 0.0, "all": 0.031920000351965426, "macro": 0.03191999979317188}, "l2": {"seen": 0.33209999799728396, "missing": 0.0, "all": 0.03321000039577484, "macro": 0.03321000020951033}, "global_model_post_server": {"seen": 0.04930000136373565, "missing": 0.049299999698996545, "all": 0.049300000071525574, "macro": 0.049300000071525574}}, "elapsed": 51.43832731246948}
{"mode": "fedavg", "seed": 2, "round": 4, "metrics": {"head": {"seen": 0.3333000004291534, "missing": 0.0, "all": 0.03333000000566244, "macro": 0.03332999907433987}, "cosine": {"seen": 0.3375, "missing": 0.0, "all": 0.033750000037252904, "macro": 0.0337499987334013}, "l2": {"seen": 0.3630000025033951, "missing": 0.0, "all": 0.0363000001758337, "macro": 0.03629999980330467}, "global_model_post_server": {"seen": 0.06540000066161156, "missing": 0.06540000028908252, "all": 0.06539999693632126, "macro": 0.06539999693632126}}, "elapsed": 69.17235612869263}
{"mode": "fedavg", "seed": 2, "round": 5, "metrics": {"head": {"seen": 0.3421000003814697, "missing": 0.0, "all": 0.03421000000089407, "macro": 0.03420999962836504}, "cosine": {"seen": 0.34889999628067014, "missing": 0.0, "all": 0.034889999963343146, "macro": 0.03488999921828508}, "l2": {"seen": 0.37439999878406527, "missing": 0.0, "all": 0.03744000028818846, "macro": 0.037439999356865886}, "global_model_post_server": {"seen": 0.07390000149607659, "missing": 0.07390000000596046, "all": 0.0738999992609024, "macro": 0.0738999992609024}}, "elapsed": 86.5504322052002}
{"mode": "fedavg", "seed": 2, "round": 6, "metrics": {"head": {"seen": 0.36050000190734866, "missing": 0.0, "all": 0.036050000414252284, "macro": 0.03605000004172325}, "cosine": {"seen": 0.35219999849796296, "missing": 0.0, "all": 0.03521999940276146, "macro": 0.03521999847143888}, "l2": {"seen": 0.3787999987602234, "missing": 0.0, "all": 0.03787999972701073, "macro": 0.03788000103086233}, "global_model_post_server": {"seen": 0.08260000012814998, "missing": 0.08259999975562096, "all": 0.08259999752044678, "macro": 0.08260000497102737}}, "elapsed": 103.84594702720642}
{"mode": "fedavg", "seed": 2, "round": 7, "metrics": {"head": {"seen": 0.38109999895095825, "missing": 0.0, "all": 0.03810999989509582, "macro": 0.03810999933630228}, "cosine": {"seen": 0.36099999845027925, "missing": 0.0, "all": 0.0360999995842576, "macro": 0.03609999977052212}, "l2": {"seen": 0.384100005030632, "missing": 0.0, "all": 0.038410000316798684, "macro": 0.0384099991992116}, "global_model_post_server": {"seen": 0.0888999991118908, "missing": 0.08889999985694885, "all": 0.08889999985694885, "macro": 0.08889999985694885}}, "elapsed": 121.16322493553162}
{"mode": "fedavg", "seed": 2, "round": 8, "metrics": {"head": {"seen": 0.3836999982595444, "missing": 0.0, "all": 0.03837000019848347, "macro": 0.03836999982595444}, "cosine": {"seen": 0.37010000050067904, "missing": 0.0, "all": 0.03701000027358532, "macro": 0.03701000027358532}, "l2": {"seen": 0.39100000262260437, "missing": 0.0, "all": 0.03910000063478947, "macro": 0.039099998958408835}, "global_model_post_server": {"seen": 0.09350000023841858, "missing": 0.09350000023841858, "all": 0.09350000321865082, "macro": 0.09349999576807022}}, "elapsed": 138.49831867218018}
{"mode": "fedavg", "seed": 2, "round": 9, "metrics": {"head": {"seen": 0.38169999718666076, "missing": 0.0, "all": 0.03817000072449446, "macro": 0.038169999979436396}, "cosine": {"seen": 0.3793999940156937, "missing": 0.0, "all": 0.03793999999761581, "macro": 0.0379399998113513}, "l2": {"seen": 0.3967999994754791, "missing": 0.0, "all": 0.03968000002205372, "macro": 0.03968000076711178}, "global_model_post_server": {"seen": 0.09840000048279762, "missing": 0.09839999973773957, "all": 0.09839999675750732, "macro": 0.09840000420808792}}, "elapsed": 156.30649423599243}
{"mode": "fedavg", "seed": 2, "round": 10, "metrics": {"head": {"seen": 0.40900000035762785, "missing": 0.0, "all": 0.040899999998509885, "macro": 0.04090000055730343}, "cosine": {"seen": 0.3849000006914139, "missing": 0.0, "all": 0.038490000553429125, "macro": 0.03848999999463558}, "l2": {"seen": 0.4041000008583069, "missing": 0.0, "all": 0.040409999899566174, "macro": 0.0404100002720952}, "global_model_post_server": {"seen": 0.10360000021755696, "missing": 0.10360000059008598, "all": 0.10360000282526016, "macro": 0.10359999537467957}}, "elapsed": 173.57649612426758}
[autodl] finished_at=2026-09-19T17:49:52+08:00
[autodl] exit_code=0
